10.20.57.170 - - [10/Oct/2026:14:09:05 +0000] "PUT /api/v2/users/profile HTTP/1.1" 502 589 "https://app.example.com/dashboard" "axios/1.6.8 Node.js/20.12.2"
10.20.14.116 - - [10/Oct/2026:14:09:05 +0000] "POST /api/v2/auth/login HTTP/1.1" 200 3094 "https://app.example.com/dashboard" "Mozilla/5.0 (X11; Linux x86_64; rv:125.0) Gecko/20100101 Firefox/125.0"
10.20.21.181 - - [10/Oct/2026:14:09:05 +0000] "POST /api/v2/orders HTTP/1.1" 502 250 "https://app.example.com/dashboard" "axios/1.6.8 Node.js/20.12.2"
10.20.21.181 - - [10/Oct/2026:14:09:05 +0000] "GET /api/v2/products HTTP/1.1" 502 304 "https://example.com/" "Mozilla/5.0 (X11; Linux x86_64; rv:125.0) Gecko/20100101 Firefox/125.0"
10.20.138.75 - - [10/Oct/2026:14:09:05 +0000] "GET /api/v2/inventory HTTP/1.1" 502 205 "-" "Mozilla/5.0 (Macintosh; Intel Mac OS X 10_15_7) AppleWebKit/605.1.15 (KHTML, like Gecko) Version/17.4 Safari/605.1.15"
10.20.104.106 - - [10/Oct/2026:14:09:05 +0000] "PUT /api/v2/users/profile HTTP/1.1" 502 361 "https://app.example.com/api" "Mozilla/5.0 (Windows NT 10.0; Win64; x64) AppleWebKit/537.36 (KHTML, like Gecko) Chrome/124.0.0.0 Safari/537.36"
10.20.134.192 - - [10/Oct/2026:14:09:05 +0000] "POST /api/v2/auth/login HTTP/1.1" 502 341 "https://example.com/" "axios/1.6.8 Node.js/20.12.2"
10.20.223.147 - - [10/Oct/2026:14:09:05 +0000] "GET /api/v2/inventory HTTP/1.1" 504 235 "https://example.com/" "Mozilla/5.0 (X11; Linux x86_64; rv:125.0) Gecko/20100101 Firefox/125.0"
10.20.35.237 - - [10/Oct/2026:14:09:05 +0000] "GET /api/v2/notifications HTTP/1.1" 502 312 "https://app.example.com/dashboard" "Mozilla/5.0 (X11; Linux x86_64; rv:125.0) Gecko/20100101 Firefox/125.0"
10.20.81.145 - - [10/Oct/2026:14:09:06 +0000] "GET /api/v2/users HTTP/1.1" 503 165 "https://example.com/" "axios/1.6.8 Node.js/20.12.2"
10.20.223.147 - - [10/Oct/2026:14:09:06 +0000] "GET /api/v2/recommendations HTTP/1.1" 502 369 "https://example.com/" "Mozilla/5.0 (Macintosh; Intel Mac OS X 10_15_7) AppleWebKit/605.1.15 (KHTML, like Gecko) Version/17.4 Safari/605.1.15"
10.20.55.95 - - [10/Oct/2026:14:09:06 +0000] "POST /api/v2/orders HTTP/1.1" 502 520 "https://example.com/" "Mozilla/5.0 (Macintosh; Intel Mac OS X 10_15_7) AppleWebKit/605.1.15 (KHTML, like Gecko) Version/17.4 Safari/605.1.15"
10.20.35.237 - - [10/Oct/2026:14:09:06 +0000] "GET /health HTTP/1.1" 502 155 "https://app.example.com/dashboard" "okhttp/4.12.0"
10.20.73.25 - - [10/Oct/2026:14:09:06 +0000] "POST /api/v2/auth/login HTTP/1.1" 502 399 "-" "okhttp/4.12.0"
10.20.88.228 - - [10/Oct/2026:14:09:06 +0000] "GET /api/v2/inventory HTTP/1.1" 502 193 "https://app.example.com/dashboard" "okhttp/4.12.0"
10.20.14.145 - - [10/Oct/2026:14:09:06 +0000] "GET /api/v2/notifications HTTP/1.1" 502 375 "https://app.example.com/dashboard" "Mozilla/5.0 (X11; Linux x86_64; rv:125.0) Gecko/20100101 Firefox/125.0"
10.20.55.95 - - [10/Oct/2026:14:09:06 +0000] "GET /api/v2/products HTTP/1.1" 504 530 "https://app.example.com/api" "okhttp/4.12.0"
10.20.120.152 - - [10/Oct/2026:14:09:07 +0000] "GET /health HTTP/1.1" 503 287 "-" "Mozilla/5.0 (Macintosh; Intel Mac OS X 10_15_7) AppleWebKit/605.1.15 (KHTML, like Gecko) Version/17.4 Safari/605.1.15"
10.20.144.154 - - [10/Oct/2026:14:09:07 +0000] "GET /api/v2/cart HTTP/1.1" 503 358 "https://app.example.com/api" "Mozilla/5.0 (Windows NT 10.0; Win64; x64) AppleWebKit/537.36 (KHTML, like Gecko) Chrome/124.0.0.0 Safari/537.36"
10.20.14.145 - - [10/Oct/2026:14:09:07 +0000] "GET /api/v2/search?q=shoes HTTP/1.1" 502 485 "-" "axios/1.6.8 Node.js/20.12.2"
10.20.68.206 - - [10/Oct/2026:14:09:07 +0000] "GET /api/v2/notifications HTTP/1.1" 200 9125 "-" "okhttp/4.12.0"
10.20.249.205 - - [10/Oct/2026:14:09:07 +0000] "GET /api/v2/products HTTP/1.1" 503 600 "https://app.example.com/api" "Mozilla/5.0 (Windows NT 10.0; Win64; x64) AppleWebKit/537.36 (KHTML, like Gecko) Chrome/124.0.0.0 Safari/537.36"
10.20.169.182 - - [10/Oct/2026:14:09:07 +0000] "POST /api/v2/auth/login HTTP/1.1" 503 346 "-" "axios/1.6.8 Node.js/20.12.2"
10.20.160.157 - - [10/Oct/2026:14:09:07 +0000] "GET /api/v2/search?q=shoes HTTP/1.1" 502 513 "-" "axios/1.6.8 Node.js/20.12.2"
10.20.254.167 - - [10/Oct/2026:14:09:07 +0000] "POST /api/v2/auth/login HTTP/1.1" 502 246 "https://app.example.com/api" "Mozilla/5.0 (Macintosh; Intel Mac OS X 10_15_7) AppleWebKit/605.1.15 (KHTML, like Gecko) Version/17.4 Safari/605.1.15"
10.20.89.1 - - [10/Oct/2026:14:09:07 +0000] "GET /health HTTP/1.1" 502 231 "-" "axios/1.6.8 Node.js/20.12.2"
10.20.160.157 - - [10/Oct/2026:14:09:08 +0000] "GET /health HTTP/1.1" 502 251 "https://app.example.com/api" "Mozilla/5.0 (X11; Linux x86_64; rv:125.0) Gecko/20100101 Firefox/125.0"
10.20.254.167 - - [10/Oct/2026:14:09:08 +0000] "PUT /api/v2/users/profile HTTP/1.1" 502 315 "-" "axios/1.6.8 Node.js/20.12.2"
10.20.35.237 - - [10/Oct/2026:14:09:08 +0000] "GET /health HTTP/1.1" 502 385 "https://app.example.com/dashboard" "axios/1.6.8 Node.js/20.12.2"
10.20.4.184 - - [10/Oct/2026:14:09:08 +0000] "POST /api/v2/orders HTTP/1.1" 503 366 "-" "Mozilla/5.0 (Macintosh; Intel Mac OS X 10_15_7) AppleWebKit/605.1.15 (KHTML, like Gecko) Version/17.4 Safari/605.1.15"
10.20.68.206 - - [10/Oct/2026:14:09:08 +0000] "GET /api/v2/products HTTP/1.1" 502 160 "https://app.example.com/api" "Mozilla/5.0 (Macintosh; Intel Mac OS X 10_15_7) AppleWebKit/605.1.15 (KHTML, like Gecko) Version/17.4 Safari/605.1.15"
10.20.57.170 - - [10/Oct/2026:14:09:08 +0000] "GET /api/v2/products HTTP/1.1" 502 218 "https://app.example.com/dashboard" "okhttp/4.12.0"
10.20.223.147 - - [10/Oct/2026:14:09:08 +0000] "PUT /api/v2/users/profile HTTP/1.1" 503 594 "https://app.example.com/api" "okhttp/4.12.0"
10.20.152.152 - - [10/Oct/2026:14:09:08 +0000] "PUT /api/v2/users/profile HTTP/1.1" 502 369 "-" "axios/1.6.8 Node.js/20.12.2"
10.20.144.154 - - [10/Oct/2026:14:09:08 +0000] "GET /api/v2/inventory HTTP/1.1" 504 506 "-" "Mozilla/5.0 (X11; Linux x86_64; rv:125.0) Gecko/20100101 Firefox/125.0"
10.20.81.145 - - [10/Oct/2026:14:09:08 +0000] "PUT /api/v2/users/profile HTTP/1.1" 502 443 "https://app.example.com/api" "axios/1.6.8 Node.js/20.12.2"
10.20.88.228 - - [10/Oct/2026:14:09:09 +0000] "GET /health HTTP/1.1" 200 11873 "https://example.com/" "Mozilla/5.0 (X11; Linux x86_64; rv:125.0) Gecko/20100101 Firefox/125.0"
10.20.174.154 - - [10/Oct/2026:14:09:09 +0000] "GET /api/v2/users HTTP/1.1" 503 424 "https://example.com/" "Mozilla/5.0 (Windows NT 10.0; Win64; x64) AppleWebKit/537.36 (KHTML, like Gecko) Chrome/124.0.0.0 Safari/537.36"
10.20.254.167 - - [10/Oct/2026:14:09:09 +0000] "GET /api/v2/cart HTTP/1.1" 502 354 "https://example.com/" "Mozilla/5.0 (Windows NT 10.0; Win64; x64) AppleWebKit/537.36 (KHTML, like Gecko) Chrome/124.0.0.0 Safari/537.36"
10.20.73.25 - - [10/Oct/2026:14:09:09 +0000] "GET /api/v2/inventory HTTP/1.1" 502 459 "https://example.com/" "okhttp/4.12.0"
10.20.193.163 - - [10/Oct/2026:14:09:09 +0000] "PUT /api/v2/users/profile HTTP/1.1" 502 563 "-" "Mozilla/5.0 (Macintosh; Intel Mac OS X 10_15_7) AppleWebKit/605.1.15 (KHTML, like Gecko) Version/17.4 Safari/605.1.15"
10.20.14.145 - - [10/Oct/2026:14:09:09 +0000] "PUT /api/v2/users/profile HTTP/1.1" 502 350 "https://app.example.com/dashboard" "okhttp/4.12.0"
10.20.122.103 - - [10/Oct/2026:14:09:09 +0000] "GET /api/v2/search?q=shoes HTTP/1.1" 502 438 "https://app.example.com/api" "Mozilla/5.0 (X11; Linux x86_64; rv:125.0) Gecko/20100101 Firefox/125.0"
10.20.122.103 - - [10/Oct/2026:14:09:09 +0000] "PUT /api/v2/users/profile HTTP/1.1" 502 158 "-" "okhttp/4.12.0"
10.20.4.184 - - [10/Oct/2026:14:09:09 +0000] "GET /api/v2/cart HTTP/1.1" 502 415 "https://app.example.com/api" "Mozilla/5.0 (Windows NT 10.0; Win64; x64) AppleWebKit/537.36 (KHTML, like Gecko) Chrome/124.0.0.0 Safari/537.36"
10.20.144.154 - - [10/Oct/2026:14:09:09 +0000] "GET /api/v2/notifications HTTP/1.1" 502 193 "https://app.example.com/dashboard" "Mozilla/5.0 (X11; Linux x86_64; rv:125.0) Gecko/20100101 Firefox/125.0"
10.20.76.119 - - [10/Oct/2026:14:09:09 +0000] "GET /api/v2/recommendations HTTP/1.1" 502 501 "https://app.example.com/api" "Mozilla/5.0 (X11; Linux x86_64; rv:125.0) Gecko/20100101 Firefox/125.0"
10.20.89.1 - - [10/Oct/2026:14:09:09 +0000] "PUT /api/v2/users/profile HTTP/1.1" 502 161 "https://app.example.com/dashboard" "Mozilla/5.0 (Macintosh; Intel Mac OS X 10_15_7) AppleWebKit/605.1.15 (KHTML, like Gecko) Version/17.4 Safari/605.1.15"
10.20.152.152 - - [10/Oct/2026:14:09:09 +0000] "POST /api/v2/orders HTTP/1.1" 503 218 "https://app.example.com/api" "Mozilla/5.0 (Windows NT 10.0; Win64; x64) AppleWebKit/537.36 (KHTML, like Gecko) Chrome/124.0.0.0 Safari/537.36"
10.20.160.157 - - [10/Oct/2026:14:09:09 +0000] "GET /api/v2/users HTTP/1.1" 502 402 "https://app.example.com/dashboard" "axios/1.6.8 Node.js/20.12.2"
10.20.246.239 - - [10/Oct/2026:14:09:10 +0000] "GET /metrics HTTP/1.1" 502 380 "https://app.example.com/dashboard" "Mozilla/5.0 (Macintosh; Intel Mac OS X 10_15_7) AppleWebKit/605.1.15 (KHTML, like Gecko) Version/17.4 Safari/605.1.15"
10.20.122.103 - - [10/Oct/2026:14:09:10 +0000] "GET /api/v2/inventory HTTP/1.1" 503 191 "-" "axios/1.6.8 Node.js/20.12.2"
10.20.203.59 - - [10/Oct/2026:14:09:10 +0000] "GET /metrics HTTP/1.1" 200 8338 "https://app.example.com/dashboard" "axios/1.6.8 Node.js/20.12.2"
10.20.138.77 - - [10/Oct/2026:14:09:10 +0000] "GET /api/v2/cart HTTP/1.1" 502 189 "https://example.com/" "Mozilla/5.0 (Windows NT 10.0; Win64; x64) AppleWebKit/537.36 (KHTML, like Gecko) Chrome/124.0.0.0 Safari/537.36"
10.20.88.228 - - [10/Oct/2026:14:09:10 +0000] "POST /api/v2/auth/login HTTP/1.1" 502 568 "-" "okhttp/4.12.0"
10.20.14.116 - - [10/Oct/2026:14:09:10 +0000] "GET /api/v2/inventory HTTP/1.1" 200 11190 "https://example.com/" "Mozilla/5.0 (Windows NT 10.0; Win64; x64) AppleWebKit/537.36 (KHTML, like Gecko) Chrome/124.0.0.0 Safari/537.36"
10.20.146.74 - - [10/Oct/2026:14:09:10 +0000] "POST /api/v2/auth/login HTTP/1.1" 502 341 "https://example.com/" "axios/1.6.8 Node.js/20.12.2"
10.20.120.152 - - [10/Oct/2026:14:09:10 +0000] "GET /api/v2/products HTTP/1.1" 502 253 "-" "Mozilla/5.0 (Macintosh; Intel Mac OS X 10_15_7) AppleWebKit/605.1.15 (KHTML, like Gecko) Version/17.4 Safari/605.1.15"
10.20.223.147 - - [10/Oct/2026:14:09:10 +0000] "PUT /api/v2/users/profile HTTP/1.1" 502 237 "https://example.com/" "Mozilla/5.0 (Windows NT 10.0; Win64; x64) AppleWebKit/537.36 (KHTML, like Gecko) Chrome/124.0.0.0 Safari/537.36"
10.20.206.135 - - [10/Oct/2026:14:09:10 +0000] "GET /health HTTP/1.1" 502 378 "https://app.example.com/dashboard" "Mozilla/5.0 (X11; Linux x86_64; rv:125.0) Gecko/20100101 Firefox/125.0"
10.20.160.157 - - [10/Oct/2026:14:09:10 +0000] "GET /api/v2/products HTTP/1.1" 502 262 "-" "Mozilla/5.0 (X11; Linux x86_64; rv:125.0) Gecko/20100101 Firefox/125.0"
10.20.18.146 - - [10/Oct/2026:14:09:11 +0000] "GET /api/v2/cart HTTP/1.1" 502 227 "https://app.example.com/dashboard" "Mozilla/5.0 (X11; Linux x86_64; rv:125.0) Gecko/20100101 Firefox/125.0"
10.20.138.75 - - [10/Oct/2026:14:09:11 +0000] "GET /favicon.ico HTTP/1.1" 404 162 "-" "okhttp/4.12.0"
10.20.138.75 - - [10/Oct/2026:14:09:11 +0000] "GET /api/v2/recommendations HTTP/1.1" 200 3075 "https://example.com/" "Mozilla/5.0 (Macintosh; Intel Mac OS X 10_15_7) AppleWebKit/605.1.15 (KHTML, like Gecko) Version/17.4 Safari/605.1.15"
10.20.73.25 - - [10/Oct/2026:14:09:11 +0000] "GET /health HTTP/1.1" 502 454 "https://app.example.com/dashboard" "okhttp/4.12.0"
10.20.254.167 - - [10/Oct/2026:14:09:11 +0000] "GET /favicon.ico HTTP/1.1" 404 162 "-" "Mozilla/5.0 (Windows NT 10.0; Win64; x64) AppleWebKit/537.36 (KHTML, like Gecko) Chrome/124.0.0.0 Safari/537.36"
10.20.144.154 - - [10/Oct/2026:14:09:11 +0000] "GET /api/v2/products HTTP/1.1" 502 428 "https://app.example.com/dashboard" "Mozilla/5.0 (Windows NT 10.0; Win64; x64) AppleWebKit/537.36 (KHTML, like Gecko) Chrome/124.0.0.0 Safari/537.36"
10.20.4.184 - - [10/Oct/2026:14:09:11 +0000] "GET /api/v2/notifications HTTP/1.1" 503 212 "https://app.example.com/dashboard" "Mozilla/5.0 (Macintosh; Intel Mac OS X 10_15_7) AppleWebKit/605.1.15 (KHTML, like Gecko) Version/17.4 Safari/605.1.15"
10.20.122.103 - - [10/Oct/2026:14:09:11 +0000] "PUT /api/v2/users/profile HTTP/1.1" 502 307 "https://app.example.com/dashboard" "Mozilla/5.0 (X11; Linux x86_64; rv:125.0) Gecko/20100101 Firefox/125.0"
10.20.120.152 - - [10/Oct/2026:14:09:11 +0000] "GET /metrics HTTP/1.1" 503 356 "-" "okhttp/4.12.0"
10.20.206.135 - - [10/Oct/2026:14:09:11 +0000] "GET /api/v2/inventory HTTP/1.1" 503 440 "https://app.example.com/dashboard" "Mozilla/5.0 (Windows NT 10.0; Win64; x64) AppleWebKit/537.36 (KHTML, like Gecko) Chrome/124.0.0.0 Safari/537.36"
10.20.174.154 - - [10/Oct/2026:14:09:11 +0000] "POST /api/v2/orders HTTP/1.1" 503 422 "https://app.example.com/dashboard" "Mozilla/5.0 (Macintosh; Intel Mac OS X 10_15_7) AppleWebKit/605.1.15 (KHTML, like Gecko) Version/17.4 Safari/605.1.15"
10.20.134.192 - - [10/Oct/2026:14:09:11 +0000] "POST /api/v2/auth/login HTTP/1.1" 200 7187 "https://example.com/" "Mozilla/5.0 (Macintosh; Intel Mac OS X 10_15_7) AppleWebKit/605.1.15 (KHTML, like Gecko) Version/17.4 Safari/605.1.15"
10.20.134.192 - - [10/Oct/2026:14:09:12 +0000] "GET /api/v2/products HTTP/1.1" 502 418 "https://app.example.com/dashboard" "axios/1.6.8 Node.js/20.12.2"
10.20.4.184 - - [10/Oct/2026:14:09:12 +0000] "GET /api/v2/recommendations HTTP/1.1" 502 328 "https://app.example.com/dashboard" "Mozilla/5.0 (Macintosh; Intel Mac OS X 10_15_7) AppleWebKit/605.1.15 (KHTML, like Gecko) Version/17.4 Safari/605.1.15"
10.20.193.163 - - [10/Oct/2026:14:09:12 +0000] "PUT /api/v2/users/profile HTTP/1.1" 502 216 "https://app.example.com/api" "axios/1.6.8 Node.js/20.12.2"
10.20.55.95 - - [10/Oct/2026:14:09:12 +0000] "GET /api/v2/products HTTP/1.1" 502 441 "https://example.com/" "Mozilla/5.0 (Windows NT 10.0; Win64; x64) AppleWebKit/537.36 (KHTML, like Gecko) Chrome/124.0.0.0 Safari/537.36"
10.20.4.184 - - [10/Oct/2026:14:09:12 +0000] "GET /api/v2/users HTTP/1.1" 502 559 "https://example.com/" "axios/1.6.8 Node.js/20.12.2"
10.20.18.146 - - [10/Oct/2026:14:09:12 +0000] "GET /health HTTP/1.1" 502 160 "https://example.com/" "Mozilla/5.0 (X11; Linux x86_64; rv:125.0) Gecko/20100101 Firefox/125.0"
10.20.73.25 - - [10/Oct/2026:14:09:12 +0000] "POST /api/v2/auth/login HTTP/1.1" 200 11406 "https://example.com/" "Mozilla/5.0 (Windows NT 10.0; Win64; x64) AppleWebKit/537.36 (KHTML, like Gecko) Chrome/124.0.0.0 Safari/537.36"
10.20.223.147 - - [10/Oct/2026:14:09:12 +0000] "GET /health HTTP/1.1" 502 412 "https://app.example.com/api" "axios/1.6.8 Node.js/20.12.2"
10.20.194.223 - - [10/Oct/2026:14:09:12 +0000] "GET /metrics HTTP/1.1" 503 431 "https://example.com/" "Mozilla/5.0 (Macintosh; Intel Mac OS X 10_15_7) AppleWebKit/605.1.15 (KHTML, like Gecko) Version/17.4 Safari/605.1.15"
10.20.58.94 - - [10/Oct/2026:14:09:12 +0000] "GET /api/v2/recommendations HTTP/1.1" 502 408 "https://example.com/" "Mozilla/5.0 (Windows NT 10.0; Win64; x64) AppleWebKit/537.36 (KHTML, like Gecko) Chrome/124.0.0.0 Safari/537.36"
10.20.81.145 - - [10/Oct/2026:14:09:12 +0000] "PUT /api/v2/users/profile HTTP/1.1" 502 230 "-" "Mozilla/5.0 (Windows NT 10.0; Win64; x64) AppleWebKit/537.36 (KHTML, like Gecko) Chrome/124.0.0.0 Safari/537.36"
10.20.4.184 - - [10/Oct/2026:14:09:12 +0000] "GET /api/v2/notifications HTTP/1.1" 502 379 "https://example.com/" "Mozilla/5.0 (X11; Linux x86_64; rv:125.0) Gecko/20100101 Firefox/125.0"
10.20.68.206 - - [10/Oct/2026:14:09:12 +0000] "GET /api/v2/recommendations HTTP/1.1" 502 155 "https://app.example.com/dashboard" "Mozilla/5.0 (Windows NT 10.0; Win64; x64) AppleWebKit/537.36 (KHTML, like Gecko) Chrome/124.0.0.0 Safari/537.36"
10.20.144.154 - - [10/Oct/2026:14:09:12 +0000] "GET /api/v2/recommendations HTTP/1.1" 200 3883 "https://example.com/" "okhttp/4.12.0"
10.20.76.119 - - [10/Oct/2026:14:09:13 +0000] "GET /api/v2/products HTTP/1.1" 502 518 "https://app.example.com/dashboard" "axios/1.6.8 Node.js/20.12.2"
10.20.138.77 - - [10/Oct/2026:14:09:13 +0000] "POST /api/v2/orders HTTP/1.1" 502 525 "https://app.example.com/api" "Mozilla/5.0 (X11; Linux x86_64; rv:125.0) Gecko/20100101 Firefox/125.0"
10.20.144.154 - - [10/Oct/2026:14:09:13 +0000] "GET /api/v2/search?q=shoes HTTP/1.1" 502 282 "-" "Mozilla/5.0 (X11; Linux x86_64; rv:125.0) Gecko/20100101 Firefox/125.0"
10.20.173.89 - - [10/Oct/2026:14:09:13 +0000] "GET /api/v2/users HTTP/1.1" 502 565 "https://example.com/" "Mozilla/5.0 (Macintosh; Intel Mac OS X 10_15_7) AppleWebKit/605.1.15 (KHTML, like Gecko) Version/17.4 Safari/605.1.15"
10.20.206.135 - - [10/Oct/2026:14:09:13 +0000] "GET /api/v2/recommendations HTTP/1.1" 503 399 "https://example.com/" "axios/1.6.8 Node.js/20.12.2"
10.20.89.1 - - [10/Oct/2026:14:09:13 +0000] "POST /api/v2/orders HTTP/1.1" 200 7970 "-" "Mozilla/5.0 (X11; Linux x86_64; rv:125.0) Gecko/20100101 Firefox/125.0"
10.20.138.75 - - [10/Oct/2026:14:09:13 +0000] "GET /api/v2/recommendations HTTP/1.1" 200 3526 "https://app.example.com/dashboard" "axios/1.6.8 Node.js/20.12.2"
10.20.122.103 - - [10/Oct/2026:14:09:13 +0000] "GET /api/v2/products HTTP/1.1" 502 267 "-" "axios/1.6.8 Node.js/20.12.2"
10.20.122.103 - - [10/Oct/2026:14:09:13 +0000] "GET /api/v2/search?q=shoes HTTP/1.1" 503 398 "https://example.com/" "axios/1.6.8 Node.js/20.12.2"
10.20.249.205 - - [10/Oct/2026:14:09:13 +0000] "GET /api/v2/cart HTTP/1.1" 502 542 "https://app.example.com/dashboard" "okhttp/4.12.0"
10.20.173.89 - - [10/Oct/2026:14:09:13 +0000] "GET /api/v2/recommendations HTTP/1.1" 502 191 "https://app.example.com/api" "Mozilla/5.0 (Macintosh; Intel Mac OS X 10_15_7) AppleWebKit/605.1.15 (KHTML, like Gecko) Version/17.4 Safari/605.1.15"
10.20.221.39 - - [10/Oct/2026:14:09:13 +0000] "GET /api/v2/cart HTTP/1.1" 502 317 "-" "Mozilla/5.0 (Macintosh; Intel Mac OS X 10_15_7) AppleWebKit/605.1.15 (KHTML, like Gecko) Version/17.4 Safari/605.1.15"
10.20.152.152 - - [10/Oct/2026:14:09:14 +0000] "POST /api/v2/auth/login HTTP/1.1" 503 294 "https://app.example.com/api" "axios/1.6.8 Node.js/20.12.2"
10.20.58.94 - - [10/Oct/2026:14:09:14 +0000] "GET /health HTTP/1.1" 502 194 "https://app.example.com/dashboard" "axios/1.6.8 Node.js/20.12.2"
10.20.120.152 - - [10/Oct/2026:14:09:14 +0000] "GET /metrics HTTP/1.1" 503 392 "https://app.example.com/dashboard" "Mozilla/5.0 (Macintosh; Intel Mac OS X 10_15_7) AppleWebKit/605.1.15 (KHTML, like Gecko) Version/17.4 Safari/605.1.15"
10.20.120.152 - - [10/Oct/2026:14:09:14 +0000] "PUT /api/v2/users/profile HTTP/1.1" 502 243 "-" "axios/1.6.8 Node.js/20.12.2"
10.20.169.182 - - [10/Oct/2026:14:09:14 +0000] "GET /api/v2/users HTTP/1.1" 200 10562 "https://example.com/" "axios/1.6.8 Node.js/20.12.2"
10.20.203.59 - - [10/Oct/2026:14:09:14 +0000] "GET /api/v2/products HTTP/1.1" 200 11233 "https://example.com/" "Mozilla/5.0 (Macintosh; Intel Mac OS X 10_15_7) AppleWebKit/605.1.15 (KHTML, like Gecko) Version/17.4 Safari/605.1.15"
10.20.68.206 - - [10/Oct/2026:14:09:14 +0000] "GET /api/v2/users HTTP/1.1" 502 257 "-" "Mozilla/5.0 (Windows NT 10.0; Win64; x64) AppleWebKit/537.36 (KHTML, like Gecko) Chrome/124.0.0.0 Safari/537.36"
10.20.104.106 - - [10/Oct/2026:14:09:14 +0000] "GET /health HTTP/1.1" 200 8073 "https://app.example.com/api" "Mozilla/5.0 (Windows NT 10.0; Win64; x64) AppleWebKit/537.36 (KHTML, like Gecko) Chrome/124.0.0.0 Safari/537.36"
10.20.144.154 - - [10/Oct/2026:14:09:14 +0000] "GET /api/v2/products HTTP/1.1" 502 178 "-" "axios/1.6.8 Node.js/20.12.2"
10.20.254.167 - - [10/Oct/2026:14:09:14 +0000] "GET /metrics HTTP/1.1" 502 520 "https://app.example.com/api" "axios/1.6.8 Node.js/20.12.2"
10.20.76.119 - - [10/Oct/2026:14:09:14 +0000] "GET /api/v2/users HTTP/1.1" 200 6033 "https://app.example.com/api" "Mozilla/5.0 (X11; Linux x86_64; rv:125.0) Gecko/20100101 Firefox/125.0"
10.20.246.239 - - [10/Oct/2026:14:09:14 +0000] "POST /api/v2/orders HTTP/1.1" 200 11927 "https://app.example.com/dashboard" "Mozilla/5.0 (Windows NT 10.0; Win64; x64) AppleWebKit/537.36 (KHTML, like Gecko) Chrome/124.0.0.0 Safari/537.36"
10.20.144.154 - - [10/Oct/2026:14:09:14 +0000] "GET /api/v2/recommendations HTTP/1.1" 502 393 "https://example.com/" "axios/1.6.8 Node.js/20.12.2"
10.20.138.75 - - [10/Oct/2026:14:09:14 +0000] "GET /api/v2/inventory HTTP/1.1" 502 151 "-" "okhttp/4.12.0"
10.20.193.163 - - [10/Oct/2026:14:09:15 +0000] "GET /health HTTP/1.1" 502 464 "https://app.example.com/dashboard" "axios/1.6.8 Node.js/20.12.2"
10.20.147.244 - - [10/Oct/2026:14:09:15 +0000] "GET /api/v2/users HTTP/1.1" 200 10934 "-" "Mozilla/5.0 (Macintosh; Intel Mac OS X 10_15_7) AppleWebKit/605.1.15 (KHTML, like Gecko) Version/17.4 Safari/605.1.15"
10.20.173.89 - - [10/Oct/2026:14:09:15 +0000] "GET /api/v2/inventory HTTP/1.1" 503 461 "-" "Mozilla/5.0 (Windows NT 10.0; Win64; x64) AppleWebKit/537.36 (KHTML, like Gecko) Chrome/124.0.0.0 Safari/537.36"
10.20.173.89 - - [10/Oct/2026:14:09:15 +0000] "GET /metrics HTTP/1.1" 502 520 "-" "Mozilla/5.0 (X11; Linux x86_64; rv:125.0) Gecko/20100101 Firefox/125.0"
10.20.58.94 - - [10/Oct/2026:14:09:15 +0000] "GET /metrics HTTP/1.1" 503 539 "https://example.com/" "Mozilla/5.0 (Macintosh; Intel Mac OS X 10_15_7) AppleWebKit/605.1.15 (KHTML, like Gecko) Version/17.4 Safari/605.1.15"
10.20.14.116 - - [10/Oct/2026:14:09:15 +0000] "GET /api/v2/cart HTTP/1.1" 502 189 "https://app.example.com/dashboard" "Mozilla/5.0 (X11; Linux x86_64; rv:125.0) Gecko/20100101 Firefox/125.0"
10.20.57.170 - - [10/Oct/2026:14:09:15 +0000] "GET /api/v2/products HTTP/1.1" 502 439 "https://app.example.com/dashboard" "Mozilla/5.0 (Macintosh; Intel Mac OS X 10_15_7) AppleWebKit/605.1.15 (KHTML, like Gecko) Version/17.4 Safari/605.1.15"
10.20.104.106 - - [10/Oct/2026:14:09:15 +0000] "POST /api/v2/auth/login HTTP/1.1" 200 6712 "https://app.example.com/dashboard" "axios/1.6.8 Node.js/20.12.2"
10.20.146.74 - - [10/Oct/2026:14:09:15 +0000] "GET /api/v2/cart HTTP/1.1" 502 249 "-" "Mozilla/5.0 (Windows NT 10.0; Win64; x64) AppleWebKit/537.36 (KHTML, like Gecko) Chrome/124.0.0.0 Safari/537.36"
10.20.14.145 - - [10/Oct/2026:14:09:15 +0000] "GET /api/v2/users HTTP/1.1" 200 10592 "https://app.example.com/dashboard" "okhttp/4.12.0"
10.20.55.95 - - [10/Oct/2026:14:09:16 +0000] "GET /api/v2/cart HTTP/1.1" 502 219 "-" "axios/1.6.8 Node.js/20.12.2"
10.20.18.146 - - [10/Oct/2026:14:09:16 +0000] "GET /health HTTP/1.1" 502 512 "https://app.example.com/api" "axios/1.6.8 Node.js/20.12.2"
10.20.194.223 - - [10/Oct/2026:14:09:16 +0000] "PUT /api/v2/users/profile HTTP/1.1" 503 439 "https://app.example.com/dashboard" "Mozilla/5.0 (Windows NT 10.0; Win64; x64) AppleWebKit/537.36 (KHTML, like Gecko) Chrome/124.0.0.0 Safari/537.36"
10.20.144.154 - - [10/Oct/2026:14:09:16 +0000] "GET /api/v2/users HTTP/1.1" 502 331 "https://app.example.com/api" "okhttp/4.12.0"
10.20.206.135 - - [10/Oct/2026:14:09:16 +0000] "GET /api/v2/notifications HTTP/1.1" 502 352 "https://app.example.com/dashboard" "Mozilla/5.0 (X11; Linux x86_64; rv:125.0) Gecko/20100101 Firefox/125.0"
10.20.14.116 - - [10/Oct/2026:14:09:16 +0000] "POST /api/v2/orders HTTP/1.1" 200 5500 "https://app.example.com/api" "Mozilla/5.0 (X11; Linux x86_64; rv:125.0) Gecko/20100101 Firefox/125.0"
10.20.203.59 - - [10/Oct/2026:14:09:16 +0000] "GET /metrics HTTP/1.1" 502 452 "https://example.com/" "axios/1.6.8 Node.js/20.12.2"
10.20.194.223 - - [10/Oct/2026:14:09:16 +0000] "POST /api/v2/orders HTTP/1.1" 502 172 "https://app.example.com/api" "Mozilla/5.0 (X11; Linux x86_64; rv:125.0) Gecko/20100101 Firefox/125.0"
10.20.14.145 - - [10/Oct/2026:14:09:17 +0000] "GET /health HTTP/1.1" 503 539 "-" "okhttp/4.12.0"
10.20.73.25 - - [10/Oct/2026:14:09:17 +0000] "GET /health HTTP/1.1" 503 568 "https://app.example.com/dashboard" "Mozilla/5.0 (Windows NT 10.0; Win64; x64) AppleWebKit/537.36 (KHTML, like Gecko) Chrome/124.0.0.0 Safari/537.36"
10.20.88.228 - - [10/Oct/2026:14:09:17 +0000] "GET /api/v2/users HTTP/1.1" 502 557 "-" "Mozilla/5.0 (Macintosh; Intel Mac OS X 10_15_7) AppleWebKit/605.1.15 (KHTML, like Gecko) Version/17.4 Safari/605.1.15"
10.20.14.145 - - [10/Oct/2026:14:09:17 +0000] "PUT /api/v2/users/profile HTTP/1.1" 502 405 "https://app.example.com/dashboard" "Mozilla/5.0 (Macintosh; Intel Mac OS X 10_15_7) AppleWebKit/605.1.15 (KHTML, like Gecko) Version/17.4 Safari/605.1.15"
10.20.144.154 - - [10/Oct/2026:14:09:17 +0000] "GET /api/v2/cart HTTP/1.1" 502 435 "-" "Mozilla/5.0 (Macintosh; Intel Mac OS X 10_15_7) AppleWebKit/605.1.15 (KHTML, like Gecko) Version/17.4 Safari/605.1.15"
10.20.28.187 - - [10/Oct/2026:14:09:17 +0000] "GET /favicon.ico HTTP/1.1" 404 162 "https://app.example.com/dashboard" "Mozilla/5.0 (X11; Linux x86_64; rv:125.0) Gecko/20100101 Firefox/125.0"
10.20.254.167 - - [10/Oct/2026:14:09:17 +0000] "GET /metrics HTTP/1.1" 502 581 "https://app.example.com/dashboard" "okhttp/4.12.0"
10.20.57.170 - - [10/Oct/2026:14:09:17 +0000] "GET /api/v2/recommendations HTTP/1.1" 502 510 "https://example.com/" "axios/1.6.8 Node.js/20.12.2"
10.20.14.116 - - [10/Oct/2026:14:09:17 +0000] "GET /api/v2/recommendations HTTP/1.1" 502 175 "https://example.com/" "axios/1.6.8 Node.js/20.12.2"
10.20.35.237 - - [10/Oct/2026:14:09:17 +0000] "GET /api/v2/notifications HTTP/1.1" 502 180 "-" "Mozilla/5.0 (Macintosh; Intel Mac OS X 10_15_7) AppleWebKit/605.1.15 (KHTML, like Gecko) Version/17.4 Safari/605.1.15"
10.20.134.192 - - [10/Oct/2026:14:09:18 +0000] "GET /api/v2/notifications HTTP/1.1" 503 518 "https://example.com/" "axios/1.6.8 Node.js/20.12.2"
10.20.57.170 - - [10/Oct/2026:14:09:18 +0000] "POST /api/v2/orders HTTP/1.1" 502 583 "-" "Mozilla/5.0 (Macintosh; Intel Mac OS X 10_15_7) AppleWebKit/605.1.15 (KHTML, like Gecko) Version/17.4 Safari/605.1.15"
10.20.206.135 - - [10/Oct/2026:14:09:18 +0000] "GET /api/v2/inventory HTTP/1.1" 502 471 "https://app.example.com/api" "Mozilla/5.0 (Macintosh; Intel Mac OS X 10_15_7) AppleWebKit/605.1.15 (KHTML, like Gecko) Version/17.4 Safari/605.1.15"
10.20.73.25 - - [10/Oct/2026:14:09:18 +0000] "GET /api/v2/inventory HTTP/1.1" 502 426 "https://app.example.com/dashboard" "okhttp/4.12.0"
10.20.138.77 - - [10/Oct/2026:14:09:18 +0000] "GET /api/v2/recommendations HTTP/1.1" 502 367 "https://example.com/" "Mozilla/5.0 (Windows NT 10.0; Win64; x64) AppleWebKit/537.36 (KHTML, like Gecko) Chrome/124.0.0.0 Safari/537.36"
10.20.194.223 - - [10/Oct/2026:14:09:18 +0000] "GET /api/v2/inventory HTTP/1.1" 502 509 "https://example.com/" "axios/1.6.8 Node.js/20.12.2"
10.20.147.244 - - [10/Oct/2026:14:09:18 +0000] "GET /metrics HTTP/1.1" 200 2247 "https://example.com/" "okhttp/4.12.0"
10.20.203.59 - - [10/Oct/2026:14:09:18 +0000] "GET /api/v2/users HTTP/1.1" 503 244 "https://app.example.com/api" "Mozilla/5.0 (Macintosh; Intel Mac OS X 10_15_7) AppleWebKit/605.1.15 (KHTML, like Gecko) Version/17.4 Safari/605.1.15"
10.20.57.170 - - [10/Oct/2026:14:09:18 +0000] "GET /api/v2/search?q=shoes HTTP/1.1" 502 551 "https://app.example.com/api" "Mozilla/5.0 (Macintosh; Intel Mac OS X 10_15_7) AppleWebKit/605.1.15 (KHTML, like Gecko) Version/17.4 Safari/605.1.15"
10.20.120.152 - - [10/Oct/2026:14:09:18 +0000] "GET /api/v2/cart HTTP/1.1" 502 529 "-" "Mozilla/5.0 (X11; Linux x86_64; rv:125.0) Gecko/20100101 Firefox/125.0"
10.20.122.103 - - [10/Oct/2026:14:09:18 +0000] "POST /api/v2/orders HTTP/1.1" 200 5196 "https://example.com/" "okhttp/4.12.0"
10.20.194.223 - - [10/Oct/2026:14:09:18 +0000] "GET /metrics HTTP/1.1" 503 231 "https://example.com/" "axios/1.6.8 Node.js/20.12.2"
10.20.28.187 - - [10/Oct/2026:14:09:18 +0000] "GET /api/v2/products HTTP/1.1" 200 2676 "https://app.example.com/api" "okhttp/4.12.0"
10.20.163.90 - - [10/Oct/2026:14:09:18 +0000] "GET /metrics HTTP/1.1" 200 11724 "https://example.com/" "Mozilla/5.0 (Macintosh; Intel Mac OS X 10_15_7) AppleWebKit/605.1.15 (KHTML, like Gecko) Version/17.4 Safari/605.1.15"
10.20.144.154 - - [10/Oct/2026:14:09:19 +0000] "GET /api/v2/recommendations HTTP/1.1" 200 10671 "https://app.example.com/dashboard" "Mozilla/5.0 (Macintosh; Intel Mac OS X 10_15_7) AppleWebKit/605.1.15 (KHTML, like Gecko) Version/17.4 Safari/605.1.15"
10.20.58.94 - - [10/Oct/2026:14:09:19 +0000] "GET /metrics HTTP/1.1" 200 1457 "https://app.example.com/dashboard" "Mozilla/5.0 (Macintosh; Intel Mac OS X 10_15_7) AppleWebKit/605.1.15 (KHTML, like Gecko) Version/17.4 Safari/605.1.15"
10.20.174.154 - - [10/Oct/2026:14:09:19 +0000] "POST /api/v2/auth/login HTTP/1.1" 502 243 "https://app.example.com/dashboard" "okhttp/4.12.0"
10.20.88.228 - - [10/Oct/2026:14:09:19 +0000] "PUT /api/v2/users/profile HTTP/1.1" 502 384 "https://app.example.com/api" "Mozilla/5.0 (Windows NT 10.0; Win64; x64) AppleWebKit/537.36 (KHTML, like Gecko) Chrome/124.0.0.0 Safari/537.36"
10.20.122.103 - - [10/Oct/2026:14:09:19 +0000] "GET /api/v2/products HTTP/1.1" 502 467 "https://app.example.com/dashboard" "axios/1.6.8 Node.js/20.12.2"
10.20.120.152 - - [10/Oct/2026:14:09:19 +0000] "GET /api/v2/inventory HTTP/1.1" 503 307 "https://example.com/" "axios/1.6.8 Node.js/20.12.2"
10.20.194.223 - - [10/Oct/2026:14:09:19 +0000] "GET /api/v2/cart HTTP/1.1" 502 362 "https://app.example.com/api" "Mozilla/5.0 (Macintosh; Intel Mac OS X 10_15_7) AppleWebKit/605.1.15 (KHTML, like Gecko) Version/17.4 Safari/605.1.15"
10.20.14.145 - - [10/Oct/2026:14:09:19 +0000] "PUT /api/v2/users/profile HTTP/1.1" 502 568 "https://app.example.com/dashboard" "Mozilla/5.0 (Windows NT 10.0; Win64; x64) AppleWebKit/537.36 (KHTML, like Gecko) Chrome/124.0.0.0 Safari/537.36"
10.20.246.239 - - [10/Oct/2026:14:09:19 +0000] "GET /api/v2/products HTTP/1.1" 502 283 "https://example.com/" "Mozilla/5.0 (X11; Linux x86_64; rv:125.0) Gecko/20100101 Firefox/125.0"
10.20.203.59 - - [10/Oct/2026:14:09:20 +0000] "GET /api/v2/recommendations HTTP/1.1" 502 283 "https://example.com/" "Mozilla/5.0 (Windows NT 10.0; Win64; x64) AppleWebKit/537.36 (KHTML, like Gecko) Chrome/124.0.0.0 Safari/537.36"
10.20.104.106 - - [10/Oct/2026:14:09:20 +0000] "GET /api/v2/search?q=shoes HTTP/1.1" 200 5257 "https://example.com/" "axios/1.6.8 Node.js/20.12.2"
10.20.193.163 - - [10/Oct/2026:14:09:20 +0000] "GET /api/v2/recommendations HTTP/1.1" 502 271 "https://example.com/" "Mozilla/5.0 (X11; Linux x86_64; rv:125.0) Gecko/20100101 Firefox/125.0"
10.20.73.25 - - [10/Oct/2026:14:09:20 +0000] "POST /api/v2/auth/login HTTP/1.1" 502 262 "https://app.example.com/dashboard" "axios/1.6.8 Node.js/20.12.2"
10.20.249.205 - - [10/Oct/2026:14:09:20 +0000] "GET /api/v2/search?q=shoes HTTP/1.1" 503 447 "https://example.com/" "Mozilla/5.0 (Windows NT 10.0; Win64; x64) AppleWebKit/537.36 (KHTML, like Gecko) Chrome/124.0.0.0 Safari/537.36"
10.20.193.163 - - [10/Oct/2026:14:09:20 +0000] "GET /metrics HTTP/1.1" 200 6056 "https://app.example.com/dashboard" "Mozilla/5.0 (Windows NT 10.0; Win64; x64) AppleWebKit/537.36 (KHTML, like Gecko) Chrome/124.0.0.0 Safari/537.36"
10.20.152.152 - - [10/Oct/2026:14:09:20 +0000] "GET /api/v2/recommendations HTTP/1.1" 503 394 "https://app.example.com/dashboard" "Mozilla/5.0 (Macintosh; Intel Mac OS X 10_15_7) AppleWebKit/605.1.15 (KHTML, like Gecko) Version/17.4 Safari/605.1.15"
10.20.28.187 - - [10/Oct/2026:14:09:20 +0000] "GET /api/v2/products HTTP/1.1" 502 214 "https://app.example.com/dashboard" "Mozilla/5.0 (Macintosh; Intel Mac OS X 10_15_7) AppleWebKit/605.1.15 (KHTML, like Gecko) Version/17.4 Safari/605.1.15"
10.20.120.152 - - [10/Oct/2026:14:09:20 +0000] "POST /api/v2/auth/login HTTP/1.1" 503 223 "https://app.example.com/api" "Mozilla/5.0 (X11; Linux x86_64; rv:125.0) Gecko/20100101 Firefox/125.0"
10.20.73.25 - - [10/Oct/2026:14:09:20 +0000] "GET /api/v2/recommendations HTTP/1.1" 502 177 "https://app.example.com/api" "axios/1.6.8 Node.js/20.12.2"
10.20.55.95 - - [10/Oct/2026:14:09:20 +0000] "GET /health HTTP/1.1" 502 423 "https://example.com/" "Mozilla/5.0 (X11; Linux x86_64; rv:125.0) Gecko/20100101 Firefox/125.0"
10.20.206.135 - - [10/Oct/2026:14:09:20 +0000] "GET /api/v2/cart HTTP/1.1" 502 288 "https://app.example.com/dashboard" "Mozilla/5.0 (Macintosh; Intel Mac OS X 10_15_7) AppleWebKit/605.1.15 (KHTML, like Gecko) Version/17.4 Safari/605.1.15"
10.20.138.77 - - [10/Oct/2026:14:09:20 +0000] "POST /api/v2/orders HTTP/1.1" 502 432 "-" "okhttp/4.12.0"
10.20.68.206 - - [10/Oct/2026:14:09:20 +0000] "GET /api/v2/notifications HTTP/1.1" 503 226 "https://app.example.com/dashboard" "Mozilla/5.0 (Macintosh; Intel Mac OS X 10_15_7) AppleWebKit/605.1.15 (KHTML, like Gecko) Version/17.4 Safari/605.1.15"
10.20.35.237 - - [10/Oct/2026:14:09:20 +0000] "GET /api/v2/cart HTTP/1.1" 502 356 "https://app.example.com/dashboard" "okhttp/4.12.0"
10.20.4.184 - - [10/Oct/2026:14:09:21 +0000] "GET /health HTTP/1.1" 502 260 "https://app.example.com/api" "Mozilla/5.0 (X11; Linux x86_64; rv:125.0) Gecko/20100101 Firefox/125.0"
10.20.163.90 - - [10/Oct/2026:14:09:21 +0000] "GET /metrics HTTP/1.1" 502 172 "-" "axios/1.6.8 Node.js/20.12.2"
10.20.160.157 - - [10/Oct/2026:14:09:21 +0000] "GET /favicon.ico HTTP/1.1" 404 162 "https://example.com/" "Mozilla/5.0 (Windows NT 10.0; Win64; x64) AppleWebKit/537.36 (KHTML, like Gecko) Chrome/124.0.0.0 Safari/537.36"
10.20.160.157 - - [10/Oct/2026:14:09:21 +0000] "GET /api/v2/products HTTP/1.1" 502 177 "https://app.example.com/dashboard" "Mozilla/5.0 (Macintosh; Intel Mac OS X 10_15_7) AppleWebKit/605.1.15 (KHTML, like Gecko) Version/17.4 Safari/605.1.15"
10.20.58.94 - - [10/Oct/2026:14:09:21 +0000] "GET /api/v2/inventory HTTP/1.1" 502 356 "https://example.com/" "okhttp/4.12.0"
10.20.174.154 - - [10/Oct/2026:14:09:21 +0000] "GET /api/v2/search?q=shoes HTTP/1.1" 502 489 "https://app.example.com/api" "Mozilla/5.0 (Macintosh; Intel Mac OS X 10_15_7) AppleWebKit/605.1.15 (KHTML, like Gecko) Version/17.4 Safari/605.1.15"
10.20.254.167 - - [10/Oct/2026:14:09:21 +0000] "GET /metrics HTTP/1.1" 200 11783 "https://app.example.com/api" "Mozilla/5.0 (Macintosh; Intel Mac OS X 10_15_7) AppleWebKit/605.1.15 (KHTML, like Gecko) Version/17.4 Safari/605.1.15"
10.20.81.145 - - [10/Oct/2026:14:09:21 +0000] "GET /api/v2/inventory HTTP/1.1" 502 313 "https://example.com/" "okhttp/4.12.0"
10.20.206.135 - - [10/Oct/2026:14:09:22 +0000] "POST /api/v2/auth/login HTTP/1.1" 503 283 "https://app.example.com/dashboard" "Mozilla/5.0 (Macintosh; Intel Mac OS X 10_15_7) AppleWebKit/605.1.15 (KHTML, like Gecko) Version/17.4 Safari/605.1.15"
10.20.89.1 - - [10/Oct/2026:14:09:22 +0000] "GET /api/v2/recommendations HTTP/1.1" 503 451 "-" "Mozilla/5.0 (X11; Linux x86_64; rv:125.0) Gecko/20100101 Firefox/125.0"
10.20.55.95 - - [10/Oct/2026:14:09:22 +0000] "GET /api/v2/inventory HTTP/1.1" 502 542 "https://example.com/" "Mozilla/5.0 (X11; Linux x86_64; rv:125.0) Gecko/20100101 Firefox/125.0"
10.20.134.192 - - [10/Oct/2026:14:09:22 +0000] "POST /api/v2/orders HTTP/1.1" 503 594 "https://app.example.com/dashboard" "axios/1.6.8 Node.js/20.12.2"
10.20.160.157 - - [10/Oct/2026:14:09:22 +0000] "PUT /api/v2/users/profile HTTP/1.1" 502 364 "https://app.example.com/dashboard" "Mozilla/5.0 (Macintosh; Intel Mac OS X 10_15_7) AppleWebKit/605.1.15 (KHTML, like Gecko) Version/17.4 Safari/605.1.15"
10.20.35.237 - - [10/Oct/2026:14:09:22 +0000] "GET /api/v2/inventory HTTP/1.1" 502 159 "https://app.example.com/dashboard" "axios/1.6.8 Node.js/20.12.2"
10.20.147.244 - - [10/Oct/2026:14:09:22 +0000] "GET /api/v2/cart HTTP/1.1" 502 378 "https://app.example.com/dashboard" "okhttp/4.12.0"
10.20.28.187 - - [10/Oct/2026:14:09:22 +0000] "POST /api/v2/auth/login HTTP/1.1" 502 343 "https://example.com/" "Mozilla/5.0 (Macintosh; Intel Mac OS X 10_15_7) AppleWebKit/605.1.15 (KHTML, like Gecko) Version/17.4 Safari/605.1.15"
10.20.193.163 - - [10/Oct/2026:14:09:22 +0000] "GET /favicon.ico HTTP/1.1" 404 162 "https://example.com/" "Mozilla/5.0 (Windows NT 10.0; Win64; x64) AppleWebKit/537.36 (KHTML, like Gecko) Chrome/124.0.0.0 Safari/537.36"
10.20.147.244 - - [10/Oct/2026:14:09:22 +0000] "GET /api/v2/recommendations HTTP/1.1" 502 519 "-" "Mozilla/5.0 (Macintosh; Intel Mac OS X 10_15_7) AppleWebKit/605.1.15 (KHTML, like Gecko) Version/17.4 Safari/605.1.15"
10.20.254.167 - - [10/Oct/2026:14:09:23 +0000] "GET /api/v2/notifications HTTP/1.1" 502 230 "https://app.example.com/dashboard" "Mozilla/5.0 (Windows NT 10.0; Win64; x64) AppleWebKit/537.36 (KHTML, like Gecko) Chrome/124.0.0.0 Safari/537.36"
10.20.14.145 - - [10/Oct/2026:14:09:23 +0000] "POST /api/v2/auth/login HTTP/1.1" 502 385 "-" "Mozilla/5.0 (X11; Linux x86_64; rv:125.0) Gecko/20100101 Firefox/125.0"
10.20.57.170 - - [10/Oct/2026:14:09:23 +0000] "GET /api/v2/recommendations HTTP/1.1" 502 265 "-" "Mozilla/5.0 (Windows NT 10.0; Win64; x64) AppleWebKit/537.36 (KHTML, like Gecko) Chrome/124.0.0.0 Safari/537.36"
10.20.160.157 - - [10/Oct/2026:14:09:23 +0000] "GET /metrics HTTP/1.1" 502 554 "-" "okhttp/4.12.0"
10.20.58.94 - - [10/Oct/2026:14:09:23 +0000] "GET /api/v2/users HTTP/1.1" 502 262 "https://example.com/" "Mozilla/5.0 (X11; Linux x86_64; rv:125.0) Gecko/20100101 Firefox/125.0"
10.20.163.90 - - [10/Oct/2026:14:09:23 +0000] "POST /api/v2/orders HTTP/1.1" 502 336 "https://app.example.com/api" "Mozilla/5.0 (X11; Linux x86_64; rv:125.0) Gecko/20100101 Firefox/125.0"
10.20.223.147 - - [10/Oct/2026:14:09:23 +0000] "GET /api/v2/cart HTTP/1.1" 502 415 "https://app.example.com/dashboard" "axios/1.6.8 Node.js/20.12.2"
10.20.68.206 - - [10/Oct/2026:14:09:23 +0000] "POST /api/v2/auth/login HTTP/1.1" 502 223 "https://app.example.com/api" "okhttp/4.12.0"
10.20.193.163 - - [10/Oct/2026:14:09:23 +0000] "GET /api/v2/cart HTTP/1.1" 502 250 "https://example.com/" "axios/1.6.8 Node.js/20.12.2"
10.20.138.75 - - [10/Oct/2026:14:09:23 +0000] "GET /api/v2/recommendations HTTP/1.1" 502 193 "https://app.example.com/dashboard" "axios/1.6.8 Node.js/20.12.2"
10.20.174.154 - - [10/Oct/2026:14:09:23 +0000] "GET /health HTTP/1.1" 502 567 "https://example.com/" "Mozilla/5.0 (Windows NT 10.0; Win64; x64) AppleWebKit/537.36 (KHTML, like Gecko) Chrome/124.0.0.0 Safari/537.36"
10.20.14.145 - - [10/Oct/2026:14:09:24 +0000] "GET /api/v2/users HTTP/1.1" 502 273 "https://example.com/" "Mozilla/5.0 (Macintosh; Intel Mac OS X 10_15_7) AppleWebKit/605.1.15 (KHTML, like Gecko) Version/17.4 Safari/605.1.15"
10.20.122.103 - - [10/Oct/2026:14:09:24 +0000] "PUT /api/v2/users/profile HTTP/1.1" 502 278 "https://app.example.com/dashboard" "axios/1.6.8 Node.js/20.12.2"
10.20.146.74 - - [10/Oct/2026:14:09:24 +0000] "GET /favicon.ico HTTP/1.1" 404 162 "https://app.example.com/api" "Mozilla/5.0 (Macintosh; Intel Mac OS X 10_15_7) AppleWebKit/605.1.15 (KHTML, like Gecko) Version/17.4 Safari/605.1.15"
10.20.173.89 - - [10/Oct/2026:14:09:24 +0000] "POST /api/v2/auth/login HTTP/1.1" 503 401 "https://app.example.com/dashboard" "axios/1.6.8 Node.js/20.12.2"
10.20.138.75 - - [10/Oct/2026:14:09:24 +0000] "GET /api/v2/inventory HTTP/1.1" 502 403 "https://app.example.com/api" "okhttp/4.12.0"
10.20.18.146 - - [10/Oct/2026:14:09:24 +0000] "GET /api/v2/recommendations HTTP/1.1" 502 266 "-" "Mozilla/5.0 (Macintosh; Intel Mac OS X 10_15_7) AppleWebKit/605.1.15 (KHTML, like Gecko) Version/17.4 Safari/605.1.15"
10.20.120.152 - - [10/Oct/2026:14:09:24 +0000] "POST /api/v2/auth/login HTTP/1.1" 502 565 "-" "Mozilla/5.0 (Macintosh; Intel Mac OS X 10_15_7) AppleWebKit/605.1.15 (KHTML, like Gecko) Version/17.4 Safari/605.1.15"
10.20.58.94 - - [10/Oct/2026:14:09:24 +0000] "GET /api/v2/products HTTP/1.1" 502 456 "https://app.example.com/dashboard" "okhttp/4.12.0"
10.20.138.77 - - [10/Oct/2026:14:09:24 +0000] "PUT /api/v2/users/profile HTTP/1.1" 502 463 "https://example.com/" "Mozilla/5.0 (Macintosh; Intel Mac OS X 10_15_7) AppleWebKit/605.1.15 (KHTML, like Gecko) Version/17.4 Safari/605.1.15"
10.20.134.192 - - [10/Oct/2026:14:09:25 +0000] "GET /api/v2/cart HTTP/1.1" 503 328 "https://example.com/" "Mozilla/5.0 (X11; Linux x86_64; rv:125.0) Gecko/20100101 Firefox/125.0"
10.20.163.90 - - [10/Oct/2026:14:09:25 +0000] "GET /api/v2/search?q=shoes HTTP/1.1" 503 433 "https://app.example.com/api" "Mozilla/5.0 (Macintosh; Intel Mac OS X 10_15_7) AppleWebKit/605.1.15 (KHTML, like Gecko) Version/17.4 Safari/605.1.15"
10.20.174.154 - - [10/Oct/2026:14:09:25 +0000] "POST /api/v2/orders HTTP/1.1" 502 273 "https://app.example.com/dashboard" "okhttp/4.12.0"
10.20.144.154 - - [10/Oct/2026:14:09:25 +0000] "GET /api/v2/search?q=shoes HTTP/1.1" 504 164 "-" "axios/1.6.8 Node.js/20.12.2"
10.20.138.77 - - [10/Oct/2026:14:09:25 +0000] "POST /api/v2/auth/login HTTP/1.1" 200 4999 "-" "Mozilla/5.0 (X11; Linux x86_64; rv:125.0) Gecko/20100101 Firefox/125.0"
10.20.249.205 - - [10/Oct/2026:14:09:25 +0000] "POST /api/v2/orders HTTP/1.1" 504 168 "https://example.com/" "okhttp/4.12.0"
10.20.58.94 - - [10/Oct/2026:14:09:25 +0000] "GET /api/v2/inventory HTTP/1.1" 502 385 "https://app.example.com/api" "okhttp/4.12.0"
10.20.223.147 - - [10/Oct/2026:14:09:25 +0000] "GET /api/v2/products HTTP/1.1" 502 154 "-" "Mozilla/5.0 (X11; Linux x86_64; rv:125.0) Gecko/20100101 Firefox/125.0"
10.20.14.116 - - [10/Oct/2026:14:09:25 +0000] "GET /api/v2/products HTTP/1.1" 502 235 "https://example.com/" "Mozilla/5.0 (Windows NT 10.0; Win64; x64) AppleWebKit/537.36 (KHTML, like Gecko) Chrome/124.0.0.0 Safari/537.36"
10.20.122.103 - - [10/Oct/2026:14:09:25 +0000] "GET /api/v2/inventory HTTP/1.1" 502 545 "https://app.example.com/api" "axios/1.6.8 Node.js/20.12.2"
10.20.35.237 - - [10/Oct/2026:14:09:25 +0000] "GET /health HTTP/1.1" 502 221 "https://example.com/" "axios/1.6.8 Node.js/20.12.2"
10.20.254.167 - - [10/Oct/2026:14:09:25 +0000] "GET /api/v2/cart HTTP/1.1" 502 305 "-" "Mozilla/5.0 (Windows NT 10.0; Win64; x64) AppleWebKit/537.36 (KHTML, like Gecko) Chrome/124.0.0.0 Safari/537.36"
10.20.223.147 - - [10/Oct/2026:14:09:26 +0000] "GET /health HTTP/1.1" 503 318 "https://app.example.com/dashboard" "Mozilla/5.0 (X11; Linux x86_64; rv:125.0) Gecko/20100101 Firefox/125.0"
10.20.254.167 - - [10/Oct/2026:14:09:26 +0000] "GET /api/v2/cart HTTP/1.1" 503 358 "https://app.example.com/dashboard" "Mozilla/5.0 (Macintosh; Intel Mac OS X 10_15_7) AppleWebKit/605.1.15 (KHTML, like Gecko) Version/17.4 Safari/605.1.15"
10.20.14.145 - - [10/Oct/2026:14:09:26 +0000] "GET /api/v2/recommendations HTTP/1.1" 502 280 "https://app.example.com/dashboard" "axios/1.6.8 Node.js/20.12.2"
10.20.21.181 - - [10/Oct/2026:14:09:26 +0000] "POST /api/v2/auth/login HTTP/1.1" 502 283 "https://app.example.com/api" "Mozilla/5.0 (Windows NT 10.0; Win64; x64) AppleWebKit/537.36 (KHTML, like Gecko) Chrome/124.0.0.0 Safari/537.36"
10.20.223.147 - - [10/Oct/2026:14:09:26 +0000] "GET /api/v2/notifications HTTP/1.1" 502 502 "-" "Mozilla/5.0 (Macintosh; Intel Mac OS X 10_15_7) AppleWebKit/605.1.15 (KHTML, like Gecko) Version/17.4 Safari/605.1.15"
10.20.89.1 - - [10/Oct/2026:14:09:26 +0000] "GET /api/v2/search?q=shoes HTTP/1.1" 502 567 "https://app.example.com/dashboard" "Mozilla/5.0 (X11; Linux x86_64; rv:125.0) Gecko/20100101 Firefox/125.0"
10.20.193.163 - - [10/Oct/2026:14:09:26 +0000] "GET /api/v2/users HTTP/1.1" 502 587 "-" "Mozilla/5.0 (Macintosh; Intel Mac OS X 10_15_7) AppleWebKit/605.1.15 (KHTML, like Gecko) Version/17.4 Safari/605.1.15"
10.20.88.228 - - [10/Oct/2026:14:09:26 +0000] "GET /api/v2/cart HTTP/1.1" 503 511 "https://example.com/" "Mozilla/5.0 (Windows NT 10.0; Win64; x64) AppleWebKit/537.36 (KHTML, like Gecko) Chrome/124.0.0.0 Safari/537.36"
10.20.89.1 - - [10/Oct/2026:14:09:27 +0000] "GET /health HTTP/1.1" 502 247 "https://app.example.com/dashboard" "okhttp/4.12.0"
10.20.14.116 - - [10/Oct/2026:14:09:27 +0000] "POST /api/v2/orders HTTP/1.1" 502 538 "-" "Mozilla/5.0 (Macintosh; Intel Mac OS X 10_15_7) AppleWebKit/605.1.15 (KHTML, like Gecko) Version/17.4 Safari/605.1.15"
10.20.4.184 - - [10/Oct/2026:14:09:27 +0000] "GET /api/v2/cart HTTP/1.1" 503 503 "https://example.com/" "okhttp/4.12.0"
10.20.169.182 - - [10/Oct/2026:14:09:27 +0000] "GET /api/v2/inventory HTTP/1.1" 502 487 "https://example.com/" "Mozilla/5.0 (Macintosh; Intel Mac OS X 10_15_7) AppleWebKit/605.1.15 (KHTML, like Gecko) Version/17.4 Safari/605.1.15"
10.20.169.182 - - [10/Oct/2026:14:09:27 +0000] "POST /api/v2/orders HTTP/1.1" 503 279 "https://app.example.com/dashboard" "okhttp/4.12.0"
10.20.144.154 - - [10/Oct/2026:14:09:27 +0000] "GET /api/v2/notifications HTTP/1.1" 502 237 "-" "Mozilla/5.0 (X11; Linux x86_64; rv:125.0) Gecko/20100101 Firefox/125.0"
10.20.138.77 - - [10/Oct/2026:14:09:27 +0000] "GET /api/v2/search?q=shoes HTTP/1.1" 502 556 "https://app.example.com/api" "axios/1.6.8 Node.js/20.12.2"
10.20.68.206 - - [10/Oct/2026:14:09:27 +0000] "PUT /api/v2/users/profile HTTP/1.1" 502 291 "-" "axios/1.6.8 Node.js/20.12.2"
10.20.254.167 - - [10/Oct/2026:14:09:27 +0000] "GET /api/v2/cart HTTP/1.1" 502 175 "-" "Mozilla/5.0 (X11; Linux x86_64; rv:125.0) Gecko/20100101 Firefox/125.0"
10.20.35.237 - - [10/Oct/2026:14:09:27 +0000] "POST /api/v2/orders HTTP/1.1" 503 193 "https://app.example.com/dashboard" "Mozilla/5.0 (Windows NT 10.0; Win64; x64) AppleWebKit/537.36 (KHTML, like Gecko) Chrome/124.0.0.0 Safari/537.36"
10.20.122.103 - - [10/Oct/2026:14:09:27 +0000] "POST /api/v2/orders HTTP/1.1" 502 541 "https://app.example.com/api" "Mozilla/5.0 (X11; Linux x86_64; rv:125.0) Gecko/20100101 Firefox/125.0"
10.20.147.244 - - [10/Oct/2026:14:09:27 +0000] "GET /api/v2/products HTTP/1.1" 502 294 "-" "Mozilla/5.0 (X11; Linux x86_64; rv:125.0) Gecko/20100101 Firefox/125.0"
10.20.14.116 - - [10/Oct/2026:14:09:28 +0000] "PUT /api/v2/users/profile HTTP/1.1" 200 1367 "https://example.com/" "Mozilla/5.0 (X11; Linux x86_64; rv:125.0) Gecko/20100101 Firefox/125.0"
10.20.206.135 - - [10/Oct/2026:14:09:28 +0000] "GET /api/v2/users HTTP/1.1" 503 515 "https://app.example.com/dashboard" "axios/1.6.8 Node.js/20.12.2"
10.20.206.135 - - [10/Oct/2026:14:09:28 +0000] "GET /api/v2/notifications HTTP/1.1" 502 378 "-" "axios/1.6.8 Node.js/20.12.2"
10.20.21.181 - - [10/Oct/2026:14:09:28 +0000] "GET /api/v2/products HTTP/1.1" 503 426 "-" "Mozilla/5.0 (Windows NT 10.0; Win64; x64) AppleWebKit/537.36 (KHTML, like Gecko) Chrome/124.0.0.0 Safari/537.36"
10.20.81.145 - - [10/Oct/2026:14:09:28 +0000] "GET /api/v2/notifications HTTP/1.1" 502 212 "-" "axios/1.6.8 Node.js/20.12.2"
10.20.134.192 - - [10/Oct/2026:14:09:28 +0000] "GET /metrics HTTP/1.1" 502 171 "https://example.com/" "Mozilla/5.0 (X11; Linux x86_64; rv:125.0) Gecko/20100101 Firefox/125.0"
10.20.134.192 - - [10/Oct/2026:14:09:28 +0000] "GET /api/v2/cart HTTP/1.1" 502 415 "https://app.example.com/dashboard" "okhttp/4.12.0"
10.20.58.94 - - [10/Oct/2026:14:09:28 +0000] "GET /api/v2/notifications HTTP/1.1" 503 218 "https://example.com/" "Mozilla/5.0 (Windows NT 10.0; Win64; x64) AppleWebKit/537.36 (KHTML, like Gecko) Chrome/124.0.0.0 Safari/537.36"
10.20.81.145 - - [10/Oct/2026:14:09:28 +0000] "GET /health HTTP/1.1" 502 515 "-" "axios/1.6.8 Node.js/20.12.2"
10.20.14.145 - - [10/Oct/2026:14:09:28 +0000] "GET /api/v2/notifications HTTP/1.1" 502 469 "-" "Mozilla/5.0 (Macintosh; Intel Mac OS X 10_15_7) AppleWebKit/605.1.15 (KHTML, like Gecko) Version/17.4 Safari/605.1.15"
10.20.193.163 - - [10/Oct/2026:14:09:28 +0000] "GET /api/v2/search?q=shoes HTTP/1.1" 200 11164 "https://app.example.com/api" "Mozilla/5.0 (X11; Linux x86_64; rv:125.0) Gecko/20100101 Firefox/125.0"
10.20.206.135 - - [10/Oct/2026:14:09:28 +0000] "GET /api/v2/cart HTTP/1.1" 502 243 "-" "okhttp/4.12.0"
10.20.120.152 - - [10/Oct/2026:14:09:29 +0000] "GET /api/v2/cart HTTP/1.1" 502 564 "https://app.example.com/api" "Mozilla/5.0 (X11; Linux x86_64; rv:125.0) Gecko/20100101 Firefox/125.0"
10.20.68.206 - - [10/Oct/2026:14:09:29 +0000] "PUT /api/v2/users/profile HTTP/1.1" 502 525 "-" "Mozilla/5.0 (Windows NT 10.0; Win64; x64) AppleWebKit/537.36 (KHTML, like Gecko) Chrome/124.0.0.0 Safari/537.36"
10.20.221.39 - - [10/Oct/2026:14:09:29 +0000] "GET /metrics HTTP/1.1" 502 352 "https://example.com/" "Mozilla/5.0 (Windows NT 10.0; Win64; x64) AppleWebKit/537.36 (KHTML, like Gecko) Chrome/124.0.0.0 Safari/537.36"
10.20.173.89 - - [10/Oct/2026:14:09:29 +0000] "GET /api/v2/users HTTP/1.1" 200 11124 "https://app.example.com/dashboard" "okhttp/4.12.0"
10.20.144.154 - - [10/Oct/2026:14:09:29 +0000] "GET /favicon.ico HTTP/1.1" 404 162 "-" "Mozilla/5.0 (Windows NT 10.0; Win64; x64) AppleWebKit/537.36 (KHTML, like Gecko) Chrome/124.0.0.0 Safari/537.36"
10.20.76.119 - - [10/Oct/2026:14:09:29 +0000] "GET /api/v2/search?q=shoes HTTP/1.1" 502 457 "https://app.example.com/api" "Mozilla/5.0 (Macintosh; Intel Mac OS X 10_15_7) AppleWebKit/605.1.15 (KHTML, like Gecko) Version/17.4 Safari/605.1.15"
10.20.21.181 - - [10/Oct/2026:14:09:29 +0000] "GET /api/v2/products HTTP/1.1" 502 511 "https://app.example.com/api" "Mozilla/5.0 (Windows NT 10.0; Win64; x64) AppleWebKit/537.36 (KHTML, like Gecko) Chrome/124.0.0.0 Safari/537.36"
10.20.21.181 - - [10/Oct/2026:14:09:29 +0000] "POST /api/v2/orders HTTP/1.1" 504 305 "https://example.com/" "Mozilla/5.0 (Windows NT 10.0; Win64; x64) AppleWebKit/537.36 (KHTML, like Gecko) Chrome/124.0.0.0 Safari/537.36"
10.20.147.244 - - [10/Oct/2026:14:09:29 +0000] "GET /api/v2/search?q=shoes HTTP/1.1" 502 198 "-" "axios/1.6.8 Node.js/20.12.2"
10.20.206.135 - - [10/Oct/2026:14:09:29 +0000] "GET /api/v2/products HTTP/1.1" 502 286 "-" "axios/1.6.8 Node.js/20.12.2"
10.20.57.170 - - [10/Oct/2026:14:09:29 +0000] "GET /health HTTP/1.1" 502 383 "https://app.example.com/dashboard" "Mozilla/5.0 (X11; Linux x86_64; rv:125.0) Gecko/20100101 Firefox/125.0"
10.20.138.77 - - [10/Oct/2026:14:09:29 +0000] "GET /api/v2/recommendations HTTP/1.1" 502 553 "-" "axios/1.6.8 Node.js/20.12.2"
10.20.73.25 - - [10/Oct/2026:14:09:30 +0000] "POST /api/v2/orders HTTP/1.1" 502 532 "-" "Mozilla/5.0 (Macintosh; Intel Mac OS X 10_15_7) AppleWebKit/605.1.15 (KHTML, like Gecko) Version/17.4 Safari/605.1.15"
10.20.89.1 - - [10/Oct/2026:14:09:30 +0000] "GET /api/v2/search?q=shoes HTTP/1.1" 502 547 "https://example.com/" "Mozilla/5.0 (X11; Linux x86_64; rv:125.0) Gecko/20100101 Firefox/125.0"
10.20.88.228 - - [10/Oct/2026:14:09:30 +0000] "PUT /api/v2/users/profile HTTP/1.1" 502 324 "https://app.example.com/api" "okhttp/4.12.0"
10.20.144.154 - - [10/Oct/2026:14:09:30 +0000] "GET /api/v2/inventory HTTP/1.1" 502 254 "https://app.example.com/api" "okhttp/4.12.0"
