10.20.88.228 - - [10/Oct/2026:14:06:29 +0000] "GET /favicon.ico HTTP/1.1" 404 162 "https://app.example.com/api" "Mozilla/5.0 (X11; Linux x86_64; rv:125.0) Gecko/20100101 Firefox/125.0"
10.20.55.95 - - [10/Oct/2026:14:06:30 +0000] "GET /api/v2/cart HTTP/1.1" 200 8231 "https://example.com/" "Mozilla/5.0 (X11; Linux x86_64; rv:125.0) Gecko/20100101 Firefox/125.0"
10.20.55.95 - - [10/Oct/2026:14:06:30 +0000] "GET /api/v2/products HTTP/1.1" 401 97 "https://app.example.com/api" "axios/1.6.8 Node.js/20.12.2"
10.20.152.152 - - [10/Oct/2026:14:06:30 +0000] "PUT /api/v2/users/profile HTTP/1.1" 200 5450 "https://example.com/" "Mozilla/5.0 (Windows NT 10.0; Win64; x64) AppleWebKit/537.36 (KHTML, like Gecko) Chrome/124.0.0.0 Safari/537.36"
10.20.21.181 - - [10/Oct/2026:14:06:30 +0000] "GET /api/v2/inventory HTTP/1.1" 200 7787 "https://app.example.com/api" "axios/1.6.8 Node.js/20.12.2"
10.20.160.157 - - [10/Oct/2026:14:06:31 +0000] "GET /api/v2/products HTTP/1.1" 200 3032 "https://app.example.com/dashboard" "Mozilla/5.0 (Windows NT 10.0; Win64; x64) AppleWebKit/537.36 (KHTML, like Gecko) Chrome/124.0.0.0 Safari/537.36"
10.20.206.135 - - [10/Oct/2026:14:06:31 +0000] "POST /api/v2/auth/login HTTP/1.1" 200 1020 "https://app.example.com/api" "okhttp/4.12.0"
10.20.152.152 - - [10/Oct/2026:14:06:32 +0000] "POST /api/v2/orders HTTP/1.1" 200 10695 "-" "Mozilla/5.0 (X11; Linux x86_64; rv:125.0) Gecko/20100101 Firefox/125.0"
10.20.193.163 - - [10/Oct/2026:14:06:32 +0000] "GET /api/v2/recommendations HTTP/1.1" 200 988 "https://example.com/" "okhttp/4.12.0"
10.20.18.146 - - [10/Oct/2026:14:06:32 +0000] "POST /api/v2/auth/login HTTP/1.1" 200 4495 "https://app.example.com/dashboard" "axios/1.6.8 Node.js/20.12.2"
10.20.223.147 - - [10/Oct/2026:14:06:32 +0000] "GET /favicon.ico HTTP/1.1" 404 162 "https://example.com/" "Mozilla/5.0 (Macintosh; Intel Mac OS X 10_15_7) AppleWebKit/605.1.15 (KHTML, like Gecko) Version/17.4 Safari/605.1.15"
10.20.223.147 - - [10/Oct/2026:14:06:33 +0000] "GET /api/v2/notifications HTTP/1.1" 200 11949 "https://app.example.com/dashboard" "Mozilla/5.0 (X11; Linux x86_64; rv:125.0) Gecko/20100101 Firefox/125.0"
10.20.254.167 - - [10/Oct/2026:14:06:33 +0000] "GET /health HTTP/1.1" 200 8732 "https://example.com/" "Mozilla/5.0 (X11; Linux x86_64; rv:125.0) Gecko/20100101 Firefox/125.0"
10.20.55.95 - - [10/Oct/2026:14:06:34 +0000] "GET /api/v2/search?q=shoes HTTP/1.1" 200 9114 "https://example.com/" "okhttp/4.12.0"
10.20.68.206 - - [10/Oct/2026:14:06:34 +0000] "GET /api/v2/notifications HTTP/1.1" 200 4358 "https://app.example.com/dashboard" "Mozilla/5.0 (Macintosh; Intel Mac OS X 10_15_7) AppleWebKit/605.1.15 (KHTML, like Gecko) Version/17.4 Safari/605.1.15"
10.20.88.228 - - [10/Oct/2026:14:06:34 +0000] "POST /api/v2/auth/login HTTP/1.1" 200 5523 "https://app.example.com/dashboard" "Mozilla/5.0 (X11; Linux x86_64; rv:125.0) Gecko/20100101 Firefox/125.0"
10.20.138.77 - - [10/Oct/2026:14:06:35 +0000] "GET /metrics HTTP/1.1" 200 6017 "https://example.com/" "axios/1.6.8 Node.js/20.12.2"
10.20.14.145 - - [10/Oct/2026:14:06:35 +0000] "GET /api/v2/search?q=shoes HTTP/1.1" 200 3282 "https://example.com/" "Mozilla/5.0 (Windows NT 10.0; Win64; x64) AppleWebKit/537.36 (KHTML, like Gecko) Chrome/124.0.0.0 Safari/537.36"
10.20.14.145 - - [10/Oct/2026:14:06:35 +0000] "GET /api/v2/recommendations HTTP/1.1" 200 1206 "-" "Mozilla/5.0 (X11; Linux x86_64; rv:125.0) Gecko/20100101 Firefox/125.0"
10.20.122.103 - - [10/Oct/2026:14:06:35 +0000] "GET /api/v2/cart HTTP/1.1" 200 10337 "https://app.example.com/dashboard" "okhttp/4.12.0"
10.20.89.1 - - [10/Oct/2026:14:06:35 +0000] "GET /health HTTP/1.1" 200 7567 "https://app.example.com/dashboard" "okhttp/4.12.0"
10.20.89.1 - - [10/Oct/2026:14:06:36 +0000] "POST /api/v2/auth/login HTTP/1.1" 200 7971 "https://example.com/" "Mozilla/5.0 (Macintosh; Intel Mac OS X 10_15_7) AppleWebKit/605.1.15 (KHTML, like Gecko) Version/17.4 Safari/605.1.15"
10.20.55.95 - - [10/Oct/2026:14:06:36 +0000] "GET /api/v2/users HTTP/1.1" 200 10718 "https://app.example.com/dashboard" "okhttp/4.12.0"
10.20.14.116 - - [10/Oct/2026:14:06:36 +0000] "GET /api/v2/notifications HTTP/1.1" 200 1997 "https://app.example.com/dashboard" "okhttp/4.12.0"
10.20.35.237 - - [10/Oct/2026:14:06:36 +0000] "GET /health HTTP/1.1" 200 1369 "https://app.example.com/api" "Mozilla/5.0 (Windows NT 10.0; Win64; x64) AppleWebKit/537.36 (KHTML, like Gecko) Chrome/124.0.0.0 Safari/537.36"
10.20.146.74 - - [10/Oct/2026:14:06:37 +0000] "GET /metrics HTTP/1.1" 200 1976 "-" "Mozilla/5.0 (Macintosh; Intel Mac OS X 10_15_7) AppleWebKit/605.1.15 (KHTML, like Gecko) Version/17.4 Safari/605.1.15"
10.20.81.145 - - [10/Oct/2026:14:06:37 +0000] "GET /api/v2/search?q=shoes HTTP/1.1" 200 2495 "https://app.example.com/dashboard" "Mozilla/5.0 (Macintosh; Intel Mac OS X 10_15_7) AppleWebKit/605.1.15 (KHTML, like Gecko) Version/17.4 Safari/605.1.15"
10.20.147.244 - - [10/Oct/2026:14:06:38 +0000] "GET /api/v2/products HTTP/1.1" 200 9931 "https://example.com/" "Mozilla/5.0 (Windows NT 10.0; Win64; x64) AppleWebKit/537.36 (KHTML, like Gecko) Chrome/124.0.0.0 Safari/537.36"
10.20.147.244 - - [10/Oct/2026:14:06:38 +0000] "GET /api/v2/users HTTP/1.1" 200 8429 "https://app.example.com/dashboard" "Mozilla/5.0 (Windows NT 10.0; Win64; x64) AppleWebKit/537.36 (KHTML, like Gecko) Chrome/124.0.0.0 Safari/537.36"
10.20.73.25 - - [10/Oct/2026:14:06:38 +0000] "GET /api/v2/users HTTP/1.1" 200 2621 "https://example.com/" "Mozilla/5.0 (Windows NT 10.0; Win64; x64) AppleWebKit/537.36 (KHTML, like Gecko) Chrome/124.0.0.0 Safari/537.36"
10.20.203.59 - - [10/Oct/2026:14:06:38 +0000] "GET /api/v2/recommendations HTTP/1.1" 200 4334 "https://app.example.com/dashboard" "Mozilla/5.0 (X11; Linux x86_64; rv:125.0) Gecko/20100101 Firefox/125.0"
10.20.138.75 - - [10/Oct/2026:14:06:39 +0000] "GET /api/v2/notifications HTTP/1.1" 200 8293 "https://app.example.com/dashboard" "axios/1.6.8 Node.js/20.12.2"
10.20.14.116 - - [10/Oct/2026:14:06:39 +0000] "PUT /api/v2/users/profile HTTP/1.1" 200 1004 "https://app.example.com/dashboard" "Mozilla/5.0 (Windows NT 10.0; Win64; x64) AppleWebKit/537.36 (KHTML, like Gecko) Chrome/124.0.0.0 Safari/537.36"
10.20.144.154 - - [10/Oct/2026:14:06:40 +0000] "GET /api/v2/inventory HTTP/1.1" 200 6402 "https://example.com/" "Mozilla/5.0 (Macintosh; Intel Mac OS X 10_15_7) AppleWebKit/605.1.15 (KHTML, like Gecko) Version/17.4 Safari/605.1.15"
10.20.194.223 - - [10/Oct/2026:14:06:40 +0000] "GET /api/v2/recommendations HTTP/1.1" 200 2211 "https://example.com/" "okhttp/4.12.0"
10.20.18.146 - - [10/Oct/2026:14:06:41 +0000] "POST /api/v2/auth/login HTTP/1.1" 200 10422 "-" "okhttp/4.12.0"
10.20.68.206 - - [10/Oct/2026:14:06:41 +0000] "GET /metrics HTTP/1.1" 200 1910 "https://app.example.com/api" "Mozilla/5.0 (Windows NT 10.0; Win64; x64) AppleWebKit/537.36 (KHTML, like Gecko) Chrome/124.0.0.0 Safari/537.36"
10.20.138.77 - - [10/Oct/2026:14:06:41 +0000] "PUT /api/v2/users/profile HTTP/1.1" 200 9576 "https://app.example.com/api" "Mozilla/5.0 (Windows NT 10.0; Win64; x64) AppleWebKit/537.36 (KHTML, like Gecko) Chrome/124.0.0.0 Safari/537.36"
10.20.55.95 - - [10/Oct/2026:14:06:41 +0000] "PUT /api/v2/users/profile HTTP/1.1" 200 1997 "-" "axios/1.6.8 Node.js/20.12.2"
10.20.89.1 - - [10/Oct/2026:14:06:41 +0000] "GET /api/v2/cart HTTP/1.1" 200 7199 "https://example.com/" "axios/1.6.8 Node.js/20.12.2"
10.20.193.163 - - [10/Oct/2026:14:06:42 +0000] "GET /api/v2/recommendations HTTP/1.1" 200 2473 "https://app.example.com/api" "axios/1.6.8 Node.js/20.12.2"
10.20.146.74 - - [10/Oct/2026:14:06:42 +0000] "GET /api/v2/search?q=shoes HTTP/1.1" 200 8792 "https://app.example.com/dashboard" "Mozilla/5.0 (X11; Linux x86_64; rv:125.0) Gecko/20100101 Firefox/125.0"
10.20.223.147 - - [10/Oct/2026:14:06:42 +0000] "GET /api/v2/notifications HTTP/1.1" 200 10444 "https://app.example.com/dashboard" "Mozilla/5.0 (Windows NT 10.0; Win64; x64) AppleWebKit/537.36 (KHTML, like Gecko) Chrome/124.0.0.0 Safari/537.36"
10.20.14.145 - - [10/Oct/2026:14:06:42 +0000] "GET /api/v2/users HTTP/1.1" 200 3325 "https://app.example.com/api" "axios/1.6.8 Node.js/20.12.2"
10.20.104.106 - - [10/Oct/2026:14:06:43 +0000] "GET /api/v2/cart HTTP/1.1" 200 2024 "https://example.com/" "axios/1.6.8 Node.js/20.12.2"
10.20.223.147 - - [10/Oct/2026:14:06:43 +0000] "GET /api/v2/search?q=shoes HTTP/1.1" 200 2685 "https://app.example.com/dashboard" "okhttp/4.12.0"
10.20.89.1 - - [10/Oct/2026:14:06:43 +0000] "POST /api/v2/auth/login HTTP/1.1" 200 2256 "https://app.example.com/dashboard" "Mozilla/5.0 (Macintosh; Intel Mac OS X 10_15_7) AppleWebKit/605.1.15 (KHTML, like Gecko) Version/17.4 Safari/605.1.15"
10.20.81.145 - - [10/Oct/2026:14:06:44 +0000] "GET /health HTTP/1.1" 200 5279 "https://example.com/" "Mozilla/5.0 (X11; Linux x86_64; rv:125.0) Gecko/20100101 Firefox/125.0"
10.20.88.228 - - [10/Oct/2026:14:06:44 +0000] "GET /api/v2/notifications HTTP/1.1" 200 1759 "https://app.example.com/dashboard" "Mozilla/5.0 (Macintosh; Intel Mac OS X 10_15_7) AppleWebKit/605.1.15 (KHTML, like Gecko) Version/17.4 Safari/605.1.15"
10.20.21.181 - - [10/Oct/2026:14:06:44 +0000] "GET /api/v2/products HTTP/1.1" 200 8040 "https://app.example.com/api" "Mozilla/5.0 (Macintosh; Intel Mac OS X 10_15_7) AppleWebKit/605.1.15 (KHTML, like Gecko) Version/17.4 Safari/605.1.15"
10.20.57.170 - - [10/Oct/2026:14:06:45 +0000] "GET /metrics HTTP/1.1" 200 11043 "https://app.example.com/dashboard" "Mozilla/5.0 (Windows NT 10.0; Win64; x64) AppleWebKit/537.36 (KHTML, like Gecko) Chrome/124.0.0.0 Safari/537.36"
10.20.152.152 - - [10/Oct/2026:14:06:45 +0000] "PUT /api/v2/users/profile HTTP/1.1" 200 8537 "-" "axios/1.6.8 Node.js/20.12.2"
10.20.104.106 - - [10/Oct/2026:14:06:46 +0000] "GET /favicon.ico HTTP/1.1" 404 162 "https://app.example.com/api" "Mozilla/5.0 (Windows NT 10.0; Win64; x64) AppleWebKit/537.36 (KHTML, like Gecko) Chrome/124.0.0.0 Safari/537.36"
10.20.206.135 - - [10/Oct/2026:14:06:46 +0000] "POST /api/v2/auth/login HTTP/1.1" 200 6130 "https://app.example.com/dashboard" "okhttp/4.12.0"
10.20.221.39 - - [10/Oct/2026:14:06:46 +0000] "GET /api/v2/inventory HTTP/1.1" 200 3927 "https://example.com/" "axios/1.6.8 Node.js/20.12.2"
10.20.152.152 - - [10/Oct/2026:14:06:46 +0000] "POST /api/v2/auth/login HTTP/1.1" 200 5067 "https://app.example.com/api" "axios/1.6.8 Node.js/20.12.2"
10.20.223.147 - - [10/Oct/2026:14:06:47 +0000] "GET /api/v2/users HTTP/1.1" 401 97 "https://app.example.com/dashboard" "Mozilla/5.0 (Macintosh; Intel Mac OS X 10_15_7) AppleWebKit/605.1.15 (KHTML, like Gecko) Version/17.4 Safari/605.1.15"
10.20.254.167 - - [10/Oct/2026:14:06:47 +0000] "GET /api/v2/users HTTP/1.1" 200 3916 "https://app.example.com/dashboard" "okhttp/4.12.0"
10.20.203.59 - - [10/Oct/2026:14:06:47 +0000] "PUT /api/v2/users/profile HTTP/1.1" 200 5272 "-" "axios/1.6.8 Node.js/20.12.2"
10.20.147.244 - - [10/Oct/2026:14:06:47 +0000] "GET /api/v2/search?q=shoes HTTP/1.1" 200 5275 "https://app.example.com/api" "Mozilla/5.0 (Windows NT 10.0; Win64; x64) AppleWebKit/537.36 (KHTML, like Gecko) Chrome/124.0.0.0 Safari/537.36"
10.20.81.145 - - [10/Oct/2026:14:06:47 +0000] "POST /api/v2/orders HTTP/1.1" 401 97 "https://app.example.com/api" "Mozilla/5.0 (Windows NT 10.0; Win64; x64) AppleWebKit/537.36 (KHTML, like Gecko) Chrome/124.0.0.0 Safari/537.36"
10.20.4.184 - - [10/Oct/2026:14:06:48 +0000] "GET /api/v2/cart HTTP/1.1" 200 8891 "-" "Mozilla/5.0 (Macintosh; Intel Mac OS X 10_15_7) AppleWebKit/605.1.15 (KHTML, like Gecko) Version/17.4 Safari/605.1.15"
10.20.146.74 - - [10/Oct/2026:14:06:48 +0000] "GET /api/v2/search?q=shoes HTTP/1.1" 200 11856 "https://app.example.com/api" "Mozilla/5.0 (Windows NT 10.0; Win64; x64) AppleWebKit/537.36 (KHTML, like Gecko) Chrome/124.0.0.0 Safari/537.36"
10.20.169.182 - - [10/Oct/2026:14:06:48 +0000] "POST /api/v2/orders HTTP/1.1" 200 7064 "https://app.example.com/dashboard" "Mozilla/5.0 (Macintosh; Intel Mac OS X 10_15_7) AppleWebKit/605.1.15 (KHTML, like Gecko) Version/17.4 Safari/605.1.15"
10.20.88.228 - - [10/Oct/2026:14:06:48 +0000] "GET /api/v2/search?q=shoes HTTP/1.1" 200 3756 "https://app.example.com/api" "axios/1.6.8 Node.js/20.12.2"
10.20.76.119 - - [10/Oct/2026:14:06:48 +0000] "GET /api/v2/notifications HTTP/1.1" 200 8137 "https://app.example.com/dashboard" "Mozilla/5.0 (Macintosh; Intel Mac OS X 10_15_7) AppleWebKit/605.1.15 (KHTML, like Gecko) Version/17.4 Safari/605.1.15"
10.20.163.90 - - [10/Oct/2026:14:06:49 +0000] "GET /health HTTP/1.1" 200 7438 "https://app.example.com/dashboard" "axios/1.6.8 Node.js/20.12.2"
10.20.68.206 - - [10/Oct/2026:14:06:49 +0000] "GET /api/v2/inventory HTTP/1.1" 200 7992 "https://example.com/" "okhttp/4.12.0"
10.20.146.74 - - [10/Oct/2026:14:06:49 +0000] "GET /api/v2/search?q=shoes HTTP/1.1" 200 2598 "https://app.example.com/dashboard" "Mozilla/5.0 (Windows NT 10.0; Win64; x64) AppleWebKit/537.36 (KHTML, like Gecko) Chrome/124.0.0.0 Safari/537.36"
10.20.163.90 - - [10/Oct/2026:14:06:49 +0000] "GET /api/v2/search?q=shoes HTTP/1.1" 200 2586 "https://app.example.com/api" "Mozilla/5.0 (Macintosh; Intel Mac OS X 10_15_7) AppleWebKit/605.1.15 (KHTML, like Gecko) Version/17.4 Safari/605.1.15"
10.20.14.145 - - [10/Oct/2026:14:06:50 +0000] "PUT /api/v2/users/profile HTTP/1.1" 200 3753 "https://app.example.com/dashboard" "Mozilla/5.0 (Macintosh; Intel Mac OS X 10_15_7) AppleWebKit/605.1.15 (KHTML, like Gecko) Version/17.4 Safari/605.1.15"
10.20.160.157 - - [10/Oct/2026:14:06:50 +0000] "GET /api/v2/cart HTTP/1.1" 200 6394 "https://app.example.com/dashboard" "Mozilla/5.0 (Macintosh; Intel Mac OS X 10_15_7) AppleWebKit/605.1.15 (KHTML, like Gecko) Version/17.4 Safari/605.1.15"
10.20.73.25 - - [10/Oct/2026:14:06:50 +0000] "GET /health HTTP/1.1" 200 4015 "https://app.example.com/api" "axios/1.6.8 Node.js/20.12.2"
10.20.120.152 - - [10/Oct/2026:14:06:50 +0000] "GET /api/v2/products HTTP/1.1" 200 1366 "https://example.com/" "Mozilla/5.0 (Macintosh; Intel Mac OS X 10_15_7) AppleWebKit/605.1.15 (KHTML, like Gecko) Version/17.4 Safari/605.1.15"
10.20.120.152 - - [10/Oct/2026:14:06:50 +0000] "GET /api/v2/recommendations HTTP/1.1" 200 10877 "https://app.example.com/dashboard" "Mozilla/5.0 (Windows NT 10.0; Win64; x64) AppleWebKit/537.36 (KHTML, like Gecko) Chrome/124.0.0.0 Safari/537.36"
10.20.138.77 - - [10/Oct/2026:14:06:51 +0000] "GET /api/v2/recommendations HTTP/1.1" 200 3066 "https://app.example.com/dashboard" "Mozilla/5.0 (Macintosh; Intel Mac OS X 10_15_7) AppleWebKit/605.1.15 (KHTML, like Gecko) Version/17.4 Safari/605.1.15"
10.20.89.1 - - [10/Oct/2026:14:06:51 +0000] "POST /api/v2/orders HTTP/1.1" 200 6187 "https://app.example.com/dashboard" "Mozilla/5.0 (Windows NT 10.0; Win64; x64) AppleWebKit/537.36 (KHTML, like Gecko) Chrome/124.0.0.0 Safari/537.36"
10.20.146.74 - - [10/Oct/2026:14:06:51 +0000] "GET /metrics HTTP/1.1" 200 800 "https://app.example.com/api" "Mozilla/5.0 (X11; Linux x86_64; rv:125.0) Gecko/20100101 Firefox/125.0"
10.20.76.119 - - [10/Oct/2026:14:06:51 +0000] "GET /api/v2/cart HTTP/1.1" 200 10354 "https://app.example.com/api" "Mozilla/5.0 (X11; Linux x86_64; rv:125.0) Gecko/20100101 Firefox/125.0"
10.20.57.170 - - [10/Oct/2026:14:06:51 +0000] "GET /favicon.ico HTTP/1.1" 404 162 "-" "axios/1.6.8 Node.js/20.12.2"
10.20.169.182 - - [10/Oct/2026:14:06:52 +0000] "POST /api/v2/orders HTTP/1.1" 200 6561 "https://app.example.com/api" "axios/1.6.8 Node.js/20.12.2"
10.20.55.95 - - [10/Oct/2026:14:06:52 +0000] "GET /api/v2/search?q=shoes HTTP/1.1" 200 7901 "https://app.example.com/dashboard" "okhttp/4.12.0"
10.20.138.75 - - [10/Oct/2026:14:06:52 +0000] "GET /api/v2/users HTTP/1.1" 200 5707 "https://example.com/" "okhttp/4.12.0"
10.20.221.39 - - [10/Oct/2026:14:06:53 +0000] "GET /api/v2/cart HTTP/1.1" 200 8907 "https://example.com/" "Mozilla/5.0 (X11; Linux x86_64; rv:125.0) Gecko/20100101 Firefox/125.0"
10.20.254.167 - - [10/Oct/2026:14:06:53 +0000] "PUT /api/v2/users/profile HTTP/1.1" 200 4750 "https://app.example.com/api" "Mozilla/5.0 (Macintosh; Intel Mac OS X 10_15_7) AppleWebKit/605.1.15 (KHTML, like Gecko) Version/17.4 Safari/605.1.15"
10.20.203.59 - - [10/Oct/2026:14:06:54 +0000] "POST /api/v2/orders HTTP/1.1" 200 11680 "https://example.com/" "Mozilla/5.0 (X11; Linux x86_64; rv:125.0) Gecko/20100101 Firefox/125.0"
10.20.104.106 - - [10/Oct/2026:14:06:54 +0000] "GET /api/v2/inventory HTTP/1.1" 200 6294 "https://app.example.com/api" "axios/1.6.8 Node.js/20.12.2"
10.20.193.163 - - [10/Oct/2026:14:06:54 +0000] "GET /favicon.ico HTTP/1.1" 404 162 "https://app.example.com/dashboard" "Mozilla/5.0 (Macintosh; Intel Mac OS X 10_15_7) AppleWebKit/605.1.15 (KHTML, like Gecko) Version/17.4 Safari/605.1.15"
10.20.76.119 - - [10/Oct/2026:14:06:54 +0000] "POST /api/v2/auth/login HTTP/1.1" 200 4375 "https://example.com/" "Mozilla/5.0 (Windows NT 10.0; Win64; x64) AppleWebKit/537.36 (KHTML, like Gecko) Chrome/124.0.0.0 Safari/537.36"
10.20.169.182 - - [10/Oct/2026:14:06:55 +0000] "GET /api/v2/products HTTP/1.1" 200 3774 "https://app.example.com/dashboard" "Mozilla/5.0 (Windows NT 10.0; Win64; x64) AppleWebKit/537.36 (KHTML, like Gecko) Chrome/124.0.0.0 Safari/537.36"
10.20.194.223 - - [10/Oct/2026:14:06:55 +0000] "GET /api/v2/products HTTP/1.1" 200 6497 "https://app.example.com/dashboard" "okhttp/4.12.0"
10.20.174.154 - - [10/Oct/2026:14:06:55 +0000] "GET /api/v2/products HTTP/1.1" 200 11184 "-" "Mozilla/5.0 (X11; Linux x86_64; rv:125.0) Gecko/20100101 Firefox/125.0"
10.20.138.75 - - [10/Oct/2026:14:06:55 +0000] "GET /api/v2/recommendations HTTP/1.1" 200 968 "https://app.example.com/api" "Mozilla/5.0 (Macintosh; Intel Mac OS X 10_15_7) AppleWebKit/605.1.15 (KHTML, like Gecko) Version/17.4 Safari/605.1.15"
10.20.57.170 - - [10/Oct/2026:14:06:55 +0000] "PUT /api/v2/users/profile HTTP/1.1" 200 2612 "https://example.com/" "Mozilla/5.0 (Macintosh; Intel Mac OS X 10_15_7) AppleWebKit/605.1.15 (KHTML, like Gecko) Version/17.4 Safari/605.1.15"
10.20.76.119 - - [10/Oct/2026:14:06:56 +0000] "GET /api/v2/notifications HTTP/1.1" 200 2402 "https://app.example.com/api" "Mozilla/5.0 (Macintosh; Intel Mac OS X 10_15_7) AppleWebKit/605.1.15 (KHTML, like Gecko) Version/17.4 Safari/605.1.15"
10.20.138.75 - - [10/Oct/2026:14:06:56 +0000] "GET /api/v2/recommendations HTTP/1.1" 200 10665 "-" "Mozilla/5.0 (X11; Linux x86_64; rv:125.0) Gecko/20100101 Firefox/125.0"
10.20.194.223 - - [10/Oct/2026:14:06:56 +0000] "GET /favicon.ico HTTP/1.1" 404 162 "https://example.com/" "axios/1.6.8 Node.js/20.12.2"
10.20.89.1 - - [10/Oct/2026:14:06:57 +0000] "GET /metrics HTTP/1.1" 200 11890 "https://app.example.com/dashboard" "Mozilla/5.0 (Macintosh; Intel Mac OS X 10_15_7) AppleWebKit/605.1.15 (KHTML, like Gecko) Version/17.4 Safari/605.1.15"
10.20.21.181 - - [10/Oct/2026:14:06:57 +0000] "GET /health HTTP/1.1" 200 10127 "-" "Mozilla/5.0 (X11; Linux x86_64; rv:125.0) Gecko/20100101 Firefox/125.0"
10.20.173.89 - - [10/Oct/2026:14:06:57 +0000] "GET /api/v2/notifications HTTP/1.1" 200 3439 "https://app.example.com/api" "Mozilla/5.0 (Macintosh; Intel Mac OS X 10_15_7) AppleWebKit/605.1.15 (KHTML, like Gecko) Version/17.4 Safari/605.1.15"
10.20.173.89 - - [10/Oct/2026:14:06:58 +0000] "POST /api/v2/auth/login HTTP/1.1" 200 6970 "https://example.com/" "Mozilla/5.0 (Macintosh; Intel Mac OS X 10_15_7) AppleWebKit/605.1.15 (KHTML, like Gecko) Version/17.4 Safari/605.1.15"
10.20.194.223 - - [10/Oct/2026:14:06:58 +0000] "GET /api/v2/inventory HTTP/1.1" 200 9735 "-" "okhttp/4.12.0"
10.20.134.192 - - [10/Oct/2026:14:06:59 +0000] "GET /api/v2/cart HTTP/1.1" 200 6343 "https://app.example.com/dashboard" "Mozilla/5.0 (X11; Linux x86_64; rv:125.0) Gecko/20100101 Firefox/125.0"
10.20.152.152 - - [10/Oct/2026:14:06:59 +0000] "GET /api/v2/products HTTP/1.1" 200 2607 "https://app.example.com/api" "Mozilla/5.0 (Macintosh; Intel Mac OS X 10_15_7) AppleWebKit/605.1.15 (KHTML, like Gecko) Version/17.4 Safari/605.1.15"
10.20.18.146 - - [10/Oct/2026:14:07:00 +0000] "GET /health HTTP/1.1" 200 4275 "-" "Mozilla/5.0 (X11; Linux x86_64; rv:125.0) Gecko/20100101 Firefox/125.0"
10.20.203.59 - - [10/Oct/2026:14:07:00 +0000] "GET /api/v2/search?q=shoes HTTP/1.1" 200 6810 "https://example.com/" "okhttp/4.12.0"
10.20.194.223 - - [10/Oct/2026:14:07:00 +0000] "GET /api/v2/recommendations HTTP/1.1" 200 5506 "https://app.example.com/api" "okhttp/4.12.0"
10.20.152.152 - - [10/Oct/2026:14:07:00 +0000] "GET /api/v2/cart HTTP/1.1" 200 5943 "https://example.com/" "Mozilla/5.0 (Windows NT 10.0; Win64; x64) AppleWebKit/537.36 (KHTML, like Gecko) Chrome/124.0.0.0 Safari/537.36"
10.20.173.89 - - [10/Oct/2026:14:07:01 +0000] "GET /api/v2/search?q=shoes HTTP/1.1" 200 842 "-" "Mozilla/5.0 (Macintosh; Intel Mac OS X 10_15_7) AppleWebKit/605.1.15 (KHTML, like Gecko) Version/17.4 Safari/605.1.15"
10.20.28.187 - - [10/Oct/2026:14:07:01 +0000] "POST /api/v2/auth/login HTTP/1.1" 200 10725 "https://app.example.com/dashboard" "Mozilla/5.0 (X11; Linux x86_64; rv:125.0) Gecko/20100101 Firefox/125.0"
10.20.134.192 - - [10/Oct/2026:14:07:01 +0000] "GET /api/v2/search?q=shoes HTTP/1.1" 200 3196 "https://example.com/" "axios/1.6.8 Node.js/20.12.2"
10.20.146.74 - - [10/Oct/2026:14:07:01 +0000] "GET /api/v2/search?q=shoes HTTP/1.1" 200 3857 "-" "axios/1.6.8 Node.js/20.12.2"
10.20.104.106 - - [10/Oct/2026:14:07:02 +0000] "POST /api/v2/auth/login HTTP/1.1" 200 11488 "https://app.example.com/api" "Mozilla/5.0 (Macintosh; Intel Mac OS X 10_15_7) AppleWebKit/605.1.15 (KHTML, like Gecko) Version/17.4 Safari/605.1.15"
10.20.14.116 - - [10/Oct/2026:14:07:02 +0000] "PUT /api/v2/users/profile HTTP/1.1" 200 5297 "https://example.com/" "Mozilla/5.0 (X11; Linux x86_64; rv:125.0) Gecko/20100101 Firefox/125.0"
10.20.194.223 - - [10/Oct/2026:14:07:02 +0000] "GET /api/v2/search?q=shoes HTTP/1.1" 200 5266 "https://example.com/" "okhttp/4.12.0"
10.20.57.170 - - [10/Oct/2026:14:07:02 +0000] "GET /api/v2/users HTTP/1.1" 200 7464 "https://app.example.com/dashboard" "Mozilla/5.0 (Macintosh; Intel Mac OS X 10_15_7) AppleWebKit/605.1.15 (KHTML, like Gecko) Version/17.4 Safari/605.1.15"
10.20.173.89 - - [10/Oct/2026:14:07:02 +0000] "GET /api/v2/cart HTTP/1.1" 200 8349 "-" "axios/1.6.8 Node.js/20.12.2"
10.20.138.75 - - [10/Oct/2026:14:07:03 +0000] "GET /metrics HTTP/1.1" 200 1209 "https://example.com/" "axios/1.6.8 Node.js/20.12.2"
10.20.21.181 - - [10/Oct/2026:14:07:03 +0000] "POST /api/v2/auth/login HTTP/1.1" 200 11014 "https://app.example.com/dashboard" "axios/1.6.8 Node.js/20.12.2"
10.20.203.59 - - [10/Oct/2026:14:07:03 +0000] "GET /api/v2/recommendations HTTP/1.1" 200 6975 "https://app.example.com/api" "Mozilla/5.0 (Windows NT 10.0; Win64; x64) AppleWebKit/537.36 (KHTML, like Gecko) Chrome/124.0.0.0 Safari/537.36"
10.20.203.59 - - [10/Oct/2026:14:07:04 +0000] "GET /favicon.ico HTTP/1.1" 404 162 "https://app.example.com/api" "Mozilla/5.0 (Macintosh; Intel Mac OS X 10_15_7) AppleWebKit/605.1.15 (KHTML, like Gecko) Version/17.4 Safari/605.1.15"
10.20.246.239 - - [10/Oct/2026:14:07:04 +0000] "GET /api/v2/cart HTTP/1.1" 200 11341 "https://example.com/" "Mozilla/5.0 (Macintosh; Intel Mac OS X 10_15_7) AppleWebKit/605.1.15 (KHTML, like Gecko) Version/17.4 Safari/605.1.15"
10.20.120.152 - - [10/Oct/2026:14:07:04 +0000] "GET /api/v2/search?q=shoes HTTP/1.1" 200 3612 "https://example.com/" "axios/1.6.8 Node.js/20.12.2"
10.20.249.205 - - [10/Oct/2026:14:07:04 +0000] "GET /metrics HTTP/1.1" 200 11894 "https://example.com/" "Mozilla/5.0 (X11; Linux x86_64; rv:125.0) Gecko/20100101 Firefox/125.0"
10.20.174.154 - - [10/Oct/2026:14:07:04 +0000] "POST /api/v2/auth/login HTTP/1.1" 200 8653 "https://app.example.com/dashboard" "Mozilla/5.0 (Windows NT 10.0; Win64; x64) AppleWebKit/537.36 (KHTML, like Gecko) Chrome/124.0.0.0 Safari/537.36"
10.20.104.106 - - [10/Oct/2026:14:07:05 +0000] "GET /health HTTP/1.1" 200 932 "https://app.example.com/api" "Mozilla/5.0 (Windows NT 10.0; Win64; x64) AppleWebKit/537.36 (KHTML, like Gecko) Chrome/124.0.0.0 Safari/537.36"
10.20.152.152 - - [10/Oct/2026:14:07:05 +0000] "PUT /api/v2/users/profile HTTP/1.1" 200 1810 "-" "okhttp/4.12.0"
10.20.147.244 - - [10/Oct/2026:14:07:05 +0000] "GET /api/v2/products HTTP/1.1" 200 3923 "https://app.example.com/api" "Mozilla/5.0 (Macintosh; Intel Mac OS X 10_15_7) AppleWebKit/605.1.15 (KHTML, like Gecko) Version/17.4 Safari/605.1.15"
10.20.203.59 - - [10/Oct/2026:14:07:06 +0000] "GET /metrics HTTP/1.1" 200 8973 "https://app.example.com/dashboard" "Mozilla/5.0 (Macintosh; Intel Mac OS X 10_15_7) AppleWebKit/605.1.15 (KHTML, like Gecko) Version/17.4 Safari/605.1.15"
10.20.88.228 - - [10/Oct/2026:14:07:06 +0000] "POST /api/v2/orders HTTP/1.1" 200 6449 "https://app.example.com/dashboard" "Mozilla/5.0 (X11; Linux x86_64; rv:125.0) Gecko/20100101 Firefox/125.0"
10.20.246.239 - - [10/Oct/2026:14:07:07 +0000] "GET /api/v2/recommendations HTTP/1.1" 200 6157 "https://app.example.com/dashboard" "axios/1.6.8 Node.js/20.12.2"
10.20.147.244 - - [10/Oct/2026:14:07:07 +0000] "GET /api/v2/search?q=shoes HTTP/1.1" 200 2113 "https://app.example.com/dashboard" "Mozilla/5.0 (Macintosh; Intel Mac OS X 10_15_7) AppleWebKit/605.1.15 (KHTML, like Gecko) Version/17.4 Safari/605.1.15"
10.20.152.152 - - [10/Oct/2026:14:07:08 +0000] "GET /api/v2/products HTTP/1.1" 200 8797 "https://app.example.com/dashboard" "Mozilla/5.0 (X11; Linux x86_64; rv:125.0) Gecko/20100101 Firefox/125.0"
10.20.146.74 - - [10/Oct/2026:14:07:08 +0000] "GET /api/v2/users HTTP/1.1" 200 1322 "-" "Mozilla/5.0 (X11; Linux x86_64; rv:125.0) Gecko/20100101 Firefox/125.0"
10.20.249.205 - - [10/Oct/2026:14:07:08 +0000] "GET /health HTTP/1.1" 200 7479 "https://app.example.com/dashboard" "okhttp/4.12.0"
10.20.68.206 - - [10/Oct/2026:14:07:08 +0000] "GET /api/v2/inventory HTTP/1.1" 200 9922 "https://example.com/" "Mozilla/5.0 (Macintosh; Intel Mac OS X 10_15_7) AppleWebKit/605.1.15 (KHTML, like Gecko) Version/17.4 Safari/605.1.15"
10.20.206.135 - - [10/Oct/2026:14:07:08 +0000] "GET /api/v2/notifications HTTP/1.1" 401 97 "-" "okhttp/4.12.0"
10.20.35.237 - - [10/Oct/2026:14:07:09 +0000] "GET /home HTTP/1.1" 301 184 "https://example.com/" "axios/1.6.8 Node.js/20.12.2"
10.20.146.74 - - [10/Oct/2026:14:07:09 +0000] "GET /health HTTP/1.1" 200 2183 "https://app.example.com/dashboard" "Mozilla/5.0 (Windows NT 10.0; Win64; x64) AppleWebKit/537.36 (KHTML, like Gecko) Chrome/124.0.0.0 Safari/537.36"
10.20.147.244 - - [10/Oct/2026:14:07:09 +0000] "GET /api/v2/recommendations HTTP/1.1" 200 1137 "-" "Mozilla/5.0 (X11; Linux x86_64; rv:125.0) Gecko/20100101 Firefox/125.0"
10.20.35.237 - - [10/Oct/2026:14:07:09 +0000] "GET /api/v2/search?q=shoes HTTP/1.1" 200 10108 "https://example.com/" "axios/1.6.8 Node.js/20.12.2"
10.20.21.181 - - [10/Oct/2026:14:07:09 +0000] "GET /api/v2/search?q=shoes HTTP/1.1" 200 9997 "https://example.com/" "Mozilla/5.0 (Macintosh; Intel Mac OS X 10_15_7) AppleWebKit/605.1.15 (KHTML, like Gecko) Version/17.4 Safari/605.1.15"
10.20.144.154 - - [10/Oct/2026:14:07:10 +0000] "GET /metrics HTTP/1.1" 200 8115 "https://app.example.com/api" "axios/1.6.8 Node.js/20.12.2"
10.20.68.206 - - [10/Oct/2026:14:07:10 +0000] "GET /api/v2/inventory HTTP/1.1" 200 8108 "-" "okhttp/4.12.0"
10.20.73.25 - - [10/Oct/2026:14:07:10 +0000] "GET /api/v2/notifications HTTP/1.1" 200 1729 "-" "Mozilla/5.0 (X11; Linux x86_64; rv:125.0) Gecko/20100101 Firefox/125.0"
10.20.88.228 - - [10/Oct/2026:14:07:11 +0000] "PUT /api/v2/users/profile HTTP/1.1" 200 8575 "https://app.example.com/api" "axios/1.6.8 Node.js/20.12.2"
10.20.122.103 - - [10/Oct/2026:14:07:11 +0000] "PUT /api/v2/users/profile HTTP/1.1" 200 11077 "https://app.example.com/dashboard" "axios/1.6.8 Node.js/20.12.2"
10.20.146.74 - - [10/Oct/2026:14:07:11 +0000] "POST /api/v2/orders HTTP/1.1" 200 9617 "-" "axios/1.6.8 Node.js/20.12.2"
10.20.194.223 - - [10/Oct/2026:14:07:11 +0000] "POST /api/v2/auth/login HTTP/1.1" 200 6212 "https://app.example.com/api" "Mozilla/5.0 (Windows NT 10.0; Win64; x64) AppleWebKit/537.36 (KHTML, like Gecko) Chrome/124.0.0.0 Safari/537.36"
10.20.76.119 - - [10/Oct/2026:14:07:11 +0000] "POST /api/v2/orders HTTP/1.1" 200 914 "https://example.com/" "Mozilla/5.0 (X11; Linux x86_64; rv:125.0) Gecko/20100101 Firefox/125.0"
10.20.206.135 - - [10/Oct/2026:14:07:12 +0000] "GET /api/v2/cart HTTP/1.1" 200 4006 "-" "Mozilla/5.0 (Windows NT 10.0; Win64; x64) AppleWebKit/537.36 (KHTML, like Gecko) Chrome/124.0.0.0 Safari/537.36"
10.20.160.157 - - [10/Oct/2026:14:07:12 +0000] "GET /api/v2/inventory HTTP/1.1" 200 4715 "https://example.com/" "axios/1.6.8 Node.js/20.12.2"
10.20.203.59 - - [10/Oct/2026:14:07:12 +0000] "GET /api/v2/products HTTP/1.1" 200 1275 "-" "axios/1.6.8 Node.js/20.12.2"
10.20.81.145 - - [10/Oct/2026:14:07:13 +0000] "GET /api/v2/cart HTTP/1.1" 401 97 "-" "Mozilla/5.0 (Macintosh; Intel Mac OS X 10_15_7) AppleWebKit/605.1.15 (KHTML, like Gecko) Version/17.4 Safari/605.1.15"
10.20.152.152 - - [10/Oct/2026:14:07:13 +0000] "GET /api/v2/products HTTP/1.1" 200 4958 "https://app.example.com/dashboard" "Mozilla/5.0 (Windows NT 10.0; Win64; x64) AppleWebKit/537.36 (KHTML, like Gecko) Chrome/124.0.0.0 Safari/537.36"
10.20.120.152 - - [10/Oct/2026:14:07:14 +0000] "GET /api/v2/inventory HTTP/1.1" 200 10545 "https://app.example.com/dashboard" "Mozilla/5.0 (Windows NT 10.0; Win64; x64) AppleWebKit/537.36 (KHTML, like Gecko) Chrome/124.0.0.0 Safari/537.36"
10.20.147.244 - - [10/Oct/2026:14:07:14 +0000] "GET /api/v2/recommendations HTTP/1.1" 200 2283 "-" "Mozilla/5.0 (Windows NT 10.0; Win64; x64) AppleWebKit/537.36 (KHTML, like Gecko) Chrome/124.0.0.0 Safari/537.36"
10.20.18.146 - - [10/Oct/2026:14:07:14 +0000] "GET /api/v2/cart HTTP/1.1" 200 11571 "https://example.com/" "Mozilla/5.0 (Macintosh; Intel Mac OS X 10_15_7) AppleWebKit/605.1.15 (KHTML, like Gecko) Version/17.4 Safari/605.1.15"
10.20.246.239 - - [10/Oct/2026:14:07:14 +0000] "GET /health HTTP/1.1" 401 97 "https://app.example.com/api" "axios/1.6.8 Node.js/20.12.2"
10.20.221.39 - - [10/Oct/2026:14:07:14 +0000] "POST /api/v2/auth/login HTTP/1.1" 200 5813 "-" "Mozilla/5.0 (X11; Linux x86_64; rv:125.0) Gecko/20100101 Firefox/125.0"
10.20.194.223 - - [10/Oct/2026:14:07:15 +0000] "GET /api/v2/products HTTP/1.1" 200 11122 "-" "axios/1.6.8 Node.js/20.12.2"
10.20.203.59 - - [10/Oct/2026:14:07:15 +0000] "GET /api/v2/inventory HTTP/1.1" 200 4422 "https://app.example.com/api" "axios/1.6.8 Node.js/20.12.2"
10.20.169.182 - - [10/Oct/2026:14:07:16 +0000] "GET /api/v2/products HTTP/1.1" 200 11741 "https://app.example.com/api" "okhttp/4.12.0"
10.20.169.182 - - [10/Oct/2026:14:07:16 +0000] "GET /metrics HTTP/1.1" 200 5312 "https://app.example.com/dashboard" "Mozilla/5.0 (Windows NT 10.0; Win64; x64) AppleWebKit/537.36 (KHTML, like Gecko) Chrome/124.0.0.0 Safari/537.36"
10.20.194.223 - - [10/Oct/2026:14:07:17 +0000] "POST /api/v2/orders HTTP/1.1" 200 3566 "https://app.example.com/api" "Mozilla/5.0 (X11; Linux x86_64; rv:125.0) Gecko/20100101 Firefox/125.0"
10.20.58.94 - - [10/Oct/2026:14:07:17 +0000] "GET /metrics HTTP/1.1" 200 10579 "-" "Mozilla/5.0 (Macintosh; Intel Mac OS X 10_15_7) AppleWebKit/605.1.15 (KHTML, like Gecko) Version/17.4 Safari/605.1.15"
10.20.104.106 - - [10/Oct/2026:14:07:17 +0000] "GET /api/v2/users HTTP/1.1" 200 2580 "https://app.example.com/api" "Mozilla/5.0 (X11; Linux x86_64; rv:125.0) Gecko/20100101 Firefox/125.0"
10.20.221.39 - - [10/Oct/2026:14:07:17 +0000] "GET /api/v2/products HTTP/1.1" 200 6099 "https://app.example.com/api" "Mozilla/5.0 (Macintosh; Intel Mac OS X 10_15_7) AppleWebKit/605.1.15 (KHTML, like Gecko) Version/17.4 Safari/605.1.15"
10.20.138.77 - - [10/Oct/2026:14:07:17 +0000] "GET /api/v2/products HTTP/1.1" 200 8146 "-" "axios/1.6.8 Node.js/20.12.2"
10.20.55.95 - - [10/Oct/2026:14:07:18 +0000] "POST /api/v2/orders HTTP/1.1" 200 4136 "-" "Mozilla/5.0 (X11; Linux x86_64; rv:125.0) Gecko/20100101 Firefox/125.0"
10.20.134.192 - - [10/Oct/2026:14:07:18 +0000] "GET /api/v2/products HTTP/1.1" 200 9152 "-" "axios/1.6.8 Node.js/20.12.2"
10.20.73.25 - - [10/Oct/2026:14:07:18 +0000] "GET /favicon.ico HTTP/1.1" 404 162 "-" "axios/1.6.8 Node.js/20.12.2"
10.20.194.223 - - [10/Oct/2026:14:07:18 +0000] "GET /api/v2/inventory HTTP/1.1" 200 10117 "https://example.com/" "Mozilla/5.0 (X11; Linux x86_64; rv:125.0) Gecko/20100101 Firefox/125.0"
10.20.18.146 - - [10/Oct/2026:14:07:18 +0000] "GET /api/v2/inventory HTTP/1.1" 200 9319 "https://app.example.com/dashboard" "Mozilla/5.0 (Windows NT 10.0; Win64; x64) AppleWebKit/537.36 (KHTML, like Gecko) Chrome/124.0.0.0 Safari/537.36"
10.20.160.157 - - [10/Oct/2026:14:07:19 +0000] "GET /api/v2/notifications HTTP/1.1" 200 4855 "https://app.example.com/api" "Mozilla/5.0 (Windows NT 10.0; Win64; x64) AppleWebKit/537.36 (KHTML, like Gecko) Chrome/124.0.0.0 Safari/537.36"
10.20.35.237 - - [10/Oct/2026:14:07:19 +0000] "GET /favicon.ico HTTP/1.1" 404 162 "https://app.example.com/api" "Mozilla/5.0 (Macintosh; Intel Mac OS X 10_15_7) AppleWebKit/605.1.15 (KHTML, like Gecko) Version/17.4 Safari/605.1.15"
10.20.206.135 - - [10/Oct/2026:14:07:20 +0000] "GET /health HTTP/1.1" 200 10443 "-" "axios/1.6.8 Node.js/20.12.2"
10.20.163.90 - - [10/Oct/2026:14:07:20 +0000] "PUT /api/v2/users/profile HTTP/1.1" 200 3562 "https://app.example.com/api" "Mozilla/5.0 (X11; Linux x86_64; rv:125.0) Gecko/20100101 Firefox/125.0"
10.20.147.244 - - [10/Oct/2026:14:07:20 +0000] "GET /api/v2/notifications HTTP/1.1" 200 7182 "-" "Mozilla/5.0 (Windows NT 10.0; Win64; x64) AppleWebKit/537.36 (KHTML, like Gecko) Chrome/124.0.0.0 Safari/537.36"
10.20.73.25 - - [10/Oct/2026:14:07:21 +0000] "GET /api/v2/users HTTP/1.1" 200 7427 "https://example.com/" "okhttp/4.12.0"
10.20.249.205 - - [10/Oct/2026:14:07:21 +0000] "GET /api/v2/products HTTP/1.1" 200 11006 "https://example.com/" "Mozilla/5.0 (Windows NT 10.0; Win64; x64) AppleWebKit/537.36 (KHTML, like Gecko) Chrome/124.0.0.0 Safari/537.36"
10.20.35.237 - - [10/Oct/2026:14:07:22 +0000] "GET /api/v2/products HTTP/1.1" 200 4844 "https://app.example.com/api" "Mozilla/5.0 (Macintosh; Intel Mac OS X 10_15_7) AppleWebKit/605.1.15 (KHTML, like Gecko) Version/17.4 Safari/605.1.15"
10.20.89.1 - - [10/Oct/2026:14:07:22 +0000] "POST /api/v2/orders HTTP/1.1" 200 872 "-" "Mozilla/5.0 (X11; Linux x86_64; rv:125.0) Gecko/20100101 Firefox/125.0"
10.20.160.157 - - [10/Oct/2026:14:07:22 +0000] "GET /metrics HTTP/1.1" 200 2190 "https://example.com/" "okhttp/4.12.0"
10.20.68.206 - - [10/Oct/2026:14:07:23 +0000] "GET /api/v2/notifications HTTP/1.1" 200 7916 "https://example.com/" "Mozilla/5.0 (X11; Linux x86_64; rv:125.0) Gecko/20100101 Firefox/125.0"
10.20.14.145 - - [10/Oct/2026:14:07:23 +0000] "GET /health HTTP/1.1" 200 11354 "-" "Mozilla/5.0 (Windows NT 10.0; Win64; x64) AppleWebKit/537.36 (KHTML, like Gecko) Chrome/124.0.0.0 Safari/537.36"
10.20.28.187 - - [10/Oct/2026:14:07:23 +0000] "GET /metrics HTTP/1.1" 200 1864 "https://app.example.com/api" "axios/1.6.8 Node.js/20.12.2"
10.20.18.146 - - [10/Oct/2026:14:07:23 +0000] "GET /api/v2/notifications HTTP/1.1" 200 10800 "-" "axios/1.6.8 Node.js/20.12.2"
10.20.120.152 - - [10/Oct/2026:14:07:23 +0000] "GET /api/v2/notifications HTTP/1.1" 200 5058 "https://app.example.com/api" "Mozilla/5.0 (X11; Linux x86_64; rv:125.0) Gecko/20100101 Firefox/125.0"
10.20.14.145 - - [10/Oct/2026:14:07:24 +0000] "POST /api/v2/orders HTTP/1.1" 200 5177 "https://example.com/" "Mozilla/5.0 (X11; Linux x86_64; rv:125.0) Gecko/20100101 Firefox/125.0"
10.20.146.74 - - [10/Oct/2026:14:07:24 +0000] "GET /health HTTP/1.1" 200 9474 "https://app.example.com/api" "axios/1.6.8 Node.js/20.12.2"
10.20.57.170 - - [10/Oct/2026:14:07:24 +0000] "GET /api/v2/products HTTP/1.1" 200 5356 "https://app.example.com/api" "Mozilla/5.0 (X11; Linux x86_64; rv:125.0) Gecko/20100101 Firefox/125.0"
10.20.14.116 - - [10/Oct/2026:14:07:24 +0000] "GET /api/v2/products HTTP/1.1" 200 9769 "https://app.example.com/dashboard" "okhttp/4.12.0"
10.20.254.167 - - [10/Oct/2026:14:07:25 +0000] "GET /metrics HTTP/1.1" 200 3577 "-" "axios/1.6.8 Node.js/20.12.2"
10.20.173.89 - - [10/Oct/2026:14:07:25 +0000] "GET /api/v2/notifications HTTP/1.1" 200 1334 "https://example.com/" "Mozilla/5.0 (Macintosh; Intel Mac OS X 10_15_7) AppleWebKit/605.1.15 (KHTML, like Gecko) Version/17.4 Safari/605.1.15"
10.20.68.206 - - [10/Oct/2026:14:07:25 +0000] "GET /api/v2/inventory HTTP/1.1" 200 9665 "https://app.example.com/dashboard" "Mozilla/5.0 (Macintosh; Intel Mac OS X 10_15_7) AppleWebKit/605.1.15 (KHTML, like Gecko) Version/17.4 Safari/605.1.15"
10.20.55.95 - - [10/Oct/2026:14:07:25 +0000] "POST /api/v2/auth/login HTTP/1.1" 200 3705 "https://example.com/" "Mozilla/5.0 (Windows NT 10.0; Win64; x64) AppleWebKit/537.36 (KHTML, like Gecko) Chrome/124.0.0.0 Safari/537.36"
10.20.221.39 - - [10/Oct/2026:14:07:25 +0000] "POST /api/v2/orders HTTP/1.1" 200 10865 "https://app.example.com/dashboard" "axios/1.6.8 Node.js/20.12.2"
10.20.18.146 - - [10/Oct/2026:14:07:26 +0000] "GET /api/v2/products HTTP/1.1" 200 1316 "https://app.example.com/api" "Mozilla/5.0 (Macintosh; Intel Mac OS X 10_15_7) AppleWebKit/605.1.15 (KHTML, like Gecko) Version/17.4 Safari/605.1.15"
10.20.76.119 - - [10/Oct/2026:14:07:26 +0000] "GET /api/v2/cart HTTP/1.1" 200 8046 "https://app.example.com/api" "axios/1.6.8 Node.js/20.12.2"
10.20.14.116 - - [10/Oct/2026:14:07:26 +0000] "GET /favicon.ico HTTP/1.1" 404 162 "https://app.example.com/api" "Mozilla/5.0 (X11; Linux x86_64; rv:125.0) Gecko/20100101 Firefox/125.0"
10.20.28.187 - - [10/Oct/2026:14:07:26 +0000] "PUT /api/v2/users/profile HTTP/1.1" 200 6887 "https://app.example.com/api" "Mozilla/5.0 (Windows NT 10.0; Win64; x64) AppleWebKit/537.36 (KHTML, like Gecko) Chrome/124.0.0.0 Safari/537.36"
10.20.138.75 - - [10/Oct/2026:14:07:27 +0000] "POST /api/v2/auth/login HTTP/1.1" 200 9366 "https://app.example.com/dashboard" "okhttp/4.12.0"
10.20.138.75 - - [10/Oct/2026:14:07:27 +0000] "GET /api/v2/users HTTP/1.1" 200 1423 "https://app.example.com/api" "okhttp/4.12.0"
10.20.163.90 - - [10/Oct/2026:14:07:28 +0000] "GET /metrics HTTP/1.1" 200 3240 "https://app.example.com/api" "Mozilla/5.0 (X11; Linux x86_64; rv:125.0) Gecko/20100101 Firefox/125.0"
10.20.203.59 - - [10/Oct/2026:14:07:28 +0000] "GET /api/v2/users HTTP/1.1" 200 2147 "https://app.example.com/api" "Mozilla/5.0 (Windows NT 10.0; Win64; x64) AppleWebKit/537.36 (KHTML, like Gecko) Chrome/124.0.0.0 Safari/537.36"
10.20.147.244 - - [10/Oct/2026:14:07:28 +0000] "POST /api/v2/orders HTTP/1.1" 200 5920 "https://app.example.com/dashboard" "Mozilla/5.0 (X11; Linux x86_64; rv:125.0) Gecko/20100101 Firefox/125.0"
10.20.35.237 - - [10/Oct/2026:14:07:29 +0000] "GET /api/v2/notifications HTTP/1.1" 200 4252 "https://example.com/" "Mozilla/5.0 (X11; Linux x86_64; rv:125.0) Gecko/20100101 Firefox/125.0"
10.20.134.192 - - [10/Oct/2026:14:07:29 +0000] "GET /api/v2/notifications HTTP/1.1" 200 9293 "https://example.com/" "Mozilla/5.0 (X11; Linux x86_64; rv:125.0) Gecko/20100101 Firefox/125.0"
10.20.254.167 - - [10/Oct/2026:14:07:30 +0000] "GET /metrics HTTP/1.1" 200 4399 "https://app.example.com/dashboard" "okhttp/4.12.0"
10.20.14.145 - - [10/Oct/2026:14:07:30 +0000] "GET /api/v2/cart HTTP/1.1" 200 3797 "-" "axios/1.6.8 Node.js/20.12.2"
10.20.14.116 - - [10/Oct/2026:14:07:30 +0000] "GET /health HTTP/1.1" 401 97 "-" "Mozilla/5.0 (X11; Linux x86_64; rv:125.0) Gecko/20100101 Firefox/125.0"
10.20.21.181 - - [10/Oct/2026:14:07:30 +0000] "GET /api/v2/search?q=shoes HTTP/1.1" 200 6241 "https://app.example.com/dashboard" "Mozilla/5.0 (Windows NT 10.0; Win64; x64) AppleWebKit/537.36 (KHTML, like Gecko) Chrome/124.0.0.0 Safari/537.36"
10.20.193.163 - - [10/Oct/2026:14:07:31 +0000] "POST /api/v2/orders HTTP/1.1" 200 11884 "-" "Mozilla/5.0 (X11; Linux x86_64; rv:125.0) Gecko/20100101 Firefox/125.0"
10.20.193.163 - - [10/Oct/2026:14:07:31 +0000] "GET /api/v2/cart HTTP/1.1" 200 8740 "https://example.com/" "okhttp/4.12.0"
10.20.254.167 - - [10/Oct/2026:14:07:32 +0000] "POST /api/v2/orders HTTP/1.1" 200 7332 "https://app.example.com/dashboard" "Mozilla/5.0 (Macintosh; Intel Mac OS X 10_15_7) AppleWebKit/605.1.15 (KHTML, like Gecko) Version/17.4 Safari/605.1.15"
10.20.134.192 - - [10/Oct/2026:14:07:32 +0000] "GET /metrics HTTP/1.1" 200 8184 "https://app.example.com/dashboard" "okhttp/4.12.0"
10.20.55.95 - - [10/Oct/2026:14:07:32 +0000] "GET /api/v2/recommendations HTTP/1.1" 200 3536 "https://app.example.com/dashboard" "axios/1.6.8 Node.js/20.12.2"
10.20.194.223 - - [10/Oct/2026:14:07:33 +0000] "PUT /api/v2/users/profile HTTP/1.1" 200 7788 "https://example.com/" "Mozilla/5.0 (X11; Linux x86_64; rv:125.0) Gecko/20100101 Firefox/125.0"
10.20.221.39 - - [10/Oct/2026:14:07:33 +0000] "GET /api/v2/recommendations HTTP/1.1" 200 2918 "-" "okhttp/4.12.0"
10.20.21.181 - - [10/Oct/2026:14:07:33 +0000] "GET /api/v2/notifications HTTP/1.1" 200 9387 "https://example.com/" "Mozilla/5.0 (X11; Linux x86_64; rv:125.0) Gecko/20100101 Firefox/125.0"
10.20.152.152 - - [10/Oct/2026:14:07:34 +0000] "GET /api/v2/products HTTP/1.1" 200 6232 "https://app.example.com/dashboard" "Mozilla/5.0 (Macintosh; Intel Mac OS X 10_15_7) AppleWebKit/605.1.15 (KHTML, like Gecko) Version/17.4 Safari/605.1.15"
10.20.104.106 - - [10/Oct/2026:14:07:34 +0000] "GET /health HTTP/1.1" 200 4731 "https://app.example.com/api" "axios/1.6.8 Node.js/20.12.2"
10.20.21.181 - - [10/Oct/2026:14:07:34 +0000] "GET /home HTTP/1.1" 301 449 "-" "Mozilla/5.0 (Macintosh; Intel Mac OS X 10_15_7) AppleWebKit/605.1.15 (KHTML, like Gecko) Version/17.4 Safari/605.1.15"
10.20.88.228 - - [10/Oct/2026:14:07:35 +0000] "GET /favicon.ico HTTP/1.1" 404 162 "https://example.com/" "okhttp/4.12.0"
10.20.104.106 - - [10/Oct/2026:14:07:35 +0000] "POST /api/v2/orders HTTP/1.1" 200 9628 "https://app.example.com/dashboard" "axios/1.6.8 Node.js/20.12.2"
10.20.144.154 - - [10/Oct/2026:14:07:35 +0000] "GET /api/v2/users HTTP/1.1" 200 8372 "-" "Mozilla/5.0 (Windows NT 10.0; Win64; x64) AppleWebKit/537.36 (KHTML, like Gecko) Chrome/124.0.0.0 Safari/537.36"
10.20.122.103 - - [10/Oct/2026:14:07:35 +0000] "GET /api/v2/users HTTP/1.1" 200 9645 "https://app.example.com/dashboard" "Mozilla/5.0 (Macintosh; Intel Mac OS X 10_15_7) AppleWebKit/605.1.15 (KHTML, like Gecko) Version/17.4 Safari/605.1.15"
10.20.134.192 - - [10/Oct/2026:14:07:35 +0000] "GET /api/v2/notifications HTTP/1.1" 200 9216 "-" "Mozilla/5.0 (Windows NT 10.0; Win64; x64) AppleWebKit/537.36 (KHTML, like Gecko) Chrome/124.0.0.0 Safari/537.36"
10.20.203.59 - - [10/Oct/2026:14:07:36 +0000] "GET /api/v2/users HTTP/1.1" 200 3525 "https://app.example.com/api" "okhttp/4.12.0"
10.20.152.152 - - [10/Oct/2026:14:07:36 +0000] "GET /favicon.ico HTTP/1.1" 404 162 "https://app.example.com/api" "Mozilla/5.0 (Macintosh; Intel Mac OS X 10_15_7) AppleWebKit/605.1.15 (KHTML, like Gecko) Version/17.4 Safari/605.1.15"
10.20.206.135 - - [10/Oct/2026:14:07:36 +0000] "PUT /api/v2/users/profile HTTP/1.1" 200 9064 "https://app.example.com/api" "Mozilla/5.0 (X11; Linux x86_64; rv:125.0) Gecko/20100101 Firefox/125.0"
10.20.169.182 - - [10/Oct/2026:14:07:36 +0000] "GET /api/v2/products HTTP/1.1" 200 9608 "https://example.com/" "axios/1.6.8 Node.js/20.12.2"
10.20.249.205 - - [10/Oct/2026:14:07:37 +0000] "GET /api/v2/products HTTP/1.1" 200 11360 "https://example.com/" "Mozilla/5.0 (Macintosh; Intel Mac OS X 10_15_7) AppleWebKit/605.1.15 (KHTML, like Gecko) Version/17.4 Safari/605.1.15"
10.20.163.90 - - [10/Oct/2026:14:07:37 +0000] "POST /api/v2/auth/login HTTP/1.1" 200 6579 "https://example.com/" "okhttp/4.12.0"
10.20.163.90 - - [10/Oct/2026:14:07:37 +0000] "POST /api/v2/orders HTTP/1.1" 200 2379 "https://app.example.com/dashboard" "Mozilla/5.0 (X11; Linux x86_64; rv:125.0) Gecko/20100101 Firefox/125.0"
10.20.147.244 - - [10/Oct/2026:14:07:38 +0000] "GET /api/v2/notifications HTTP/1.1" 200 5749 "https://example.com/" "Mozilla/5.0 (X11; Linux x86_64; rv:125.0) Gecko/20100101 Firefox/125.0"
10.20.146.74 - - [10/Oct/2026:14:07:38 +0000] "GET /metrics HTTP/1.1" 200 8388 "-" "okhttp/4.12.0"
10.20.28.187 - - [10/Oct/2026:14:07:39 +0000] "GET /api/v2/notifications HTTP/1.1" 200 4843 "https://example.com/" "Mozilla/5.0 (Windows NT 10.0; Win64; x64) AppleWebKit/537.36 (KHTML, like Gecko) Chrome/124.0.0.0 Safari/537.36"
10.20.146.74 - - [10/Oct/2026:14:07:39 +0000] "GET /api/v2/products HTTP/1.1" 200 7229 "https://app.example.com/dashboard" "Mozilla/5.0 (X11; Linux x86_64; rv:125.0) Gecko/20100101 Firefox/125.0"
10.20.254.167 - - [10/Oct/2026:14:07:39 +0000] "POST /api/v2/orders HTTP/1.1" 401 97 "https://example.com/" "axios/1.6.8 Node.js/20.12.2"
10.20.194.223 - - [10/Oct/2026:14:07:40 +0000] "POST /api/v2/auth/login HTTP/1.1" 200 11872 "-" "okhttp/4.12.0"
10.20.144.154 - - [10/Oct/2026:14:07:40 +0000] "GET /api/v2/recommendations HTTP/1.1" 200 4371 "https://app.example.com/api" "Mozilla/5.0 (Windows NT 10.0; Win64; x64) AppleWebKit/537.36 (KHTML, like Gecko) Chrome/124.0.0.0 Safari/537.36"
10.20.122.103 - - [10/Oct/2026:14:07:41 +0000] "POST /api/v2/auth/login HTTP/1.1" 200 6802 "https://app.example.com/api" "Mozilla/5.0 (Macintosh; Intel Mac OS X 10_15_7) AppleWebKit/605.1.15 (KHTML, like Gecko) Version/17.4 Safari/605.1.15"
10.20.144.154 - - [10/Oct/2026:14:07:41 +0000] "POST /api/v2/auth/login HTTP/1.1" 200 7740 "-" "axios/1.6.8 Node.js/20.12.2"
10.20.120.152 - - [10/Oct/2026:14:07:41 +0000] "GET /api/v2/cart HTTP/1.1" 200 11338 "https://app.example.com/dashboard" "axios/1.6.8 Node.js/20.12.2"
10.20.160.157 - - [10/Oct/2026:14:07:41 +0000] "GET /metrics HTTP/1.1" 200 1314 "https://app.example.com/api" "Mozilla/5.0 (Windows NT 10.0; Win64; x64) AppleWebKit/537.36 (KHTML, like Gecko) Chrome/124.0.0.0 Safari/537.36"
10.20.194.223 - - [10/Oct/2026:14:07:42 +0000] "GET /api/v2/cart HTTP/1.1" 200 11301 "https://example.com/" "Mozilla/5.0 (Macintosh; Intel Mac OS X 10_15_7) AppleWebKit/605.1.15 (KHTML, like Gecko) Version/17.4 Safari/605.1.15"
10.20.120.152 - - [10/Oct/2026:14:07:42 +0000] "GET /api/v2/notifications HTTP/1.1" 200 11752 "-" "axios/1.6.8 Node.js/20.12.2"
10.20.138.75 - - [10/Oct/2026:14:07:42 +0000] "GET /metrics HTTP/1.1" 200 4806 "https://app.example.com/dashboard" "Mozilla/5.0 (Windows NT 10.0; Win64; x64) AppleWebKit/537.36 (KHTML, like Gecko) Chrome/124.0.0.0 Safari/537.36"
10.20.194.223 - - [10/Oct/2026:14:07:43 +0000] "GET /api/v2/products HTTP/1.1" 200 8244 "-" "axios/1.6.8 Node.js/20.12.2"
10.20.14.145 - - [10/Oct/2026:14:07:43 +0000] "PUT /api/v2/users/profile HTTP/1.1" 200 1507 "https://app.example.com/api" "Mozilla/5.0 (X11; Linux x86_64; rv:125.0) Gecko/20100101 Firefox/125.0"
10.20.68.206 - - [10/Oct/2026:14:07:43 +0000] "GET /api/v2/recommendations HTTP/1.1" 200 6693 "https://app.example.com/dashboard" "Mozilla/5.0 (X11; Linux x86_64; rv:125.0) Gecko/20100101 Firefox/125.0"
10.20.144.154 - - [10/Oct/2026:14:07:43 +0000] "GET /api/v2/products HTTP/1.1" 200 2860 "https://example.com/" "Mozilla/5.0 (Windows NT 10.0; Win64; x64) AppleWebKit/537.36 (KHTML, like Gecko) Chrome/124.0.0.0 Safari/537.36"
10.20.57.170 - - [10/Oct/2026:14:07:44 +0000] "GET /metrics HTTP/1.1" 200 2103 "https://example.com/" "okhttp/4.12.0"
10.20.14.116 - - [10/Oct/2026:14:07:44 +0000] "GET /api/v2/products HTTP/1.1" 200 8446 "-" "axios/1.6.8 Node.js/20.12.2"
10.20.21.181 - - [10/Oct/2026:14:07:45 +0000] "GET /api/v2/products HTTP/1.1" 200 11542 "https://app.example.com/dashboard" "Mozilla/5.0 (Windows NT 10.0; Win64; x64) AppleWebKit/537.36 (KHTML, like Gecko) Chrome/124.0.0.0 Safari/537.36"
10.20.163.90 - - [10/Oct/2026:14:07:45 +0000] "GET /api/v2/search?q=shoes HTTP/1.1" 200 10941 "https://example.com/" "Mozilla/5.0 (Macintosh; Intel Mac OS X 10_15_7) AppleWebKit/605.1.15 (KHTML, like Gecko) Version/17.4 Safari/605.1.15"
10.20.152.152 - - [10/Oct/2026:14:07:46 +0000] "GET /health HTTP/1.1" 200 6994 "https://app.example.com/dashboard" "okhttp/4.12.0"
10.20.21.181 - - [10/Oct/2026:14:07:46 +0000] "GET /api/v2/recommendations HTTP/1.1" 200 1700 "https://app.example.com/dashboard" "Mozilla/5.0 (Windows NT 10.0; Win64; x64) AppleWebKit/537.36 (KHTML, like Gecko) Chrome/124.0.0.0 Safari/537.36"
10.20.4.184 - - [10/Oct/2026:14:07:46 +0000] "POST /api/v2/auth/login HTTP/1.1" 200 7460 "https://app.example.com/api" "Mozilla/5.0 (Macintosh; Intel Mac OS X 10_15_7) AppleWebKit/605.1.15 (KHTML, like Gecko) Version/17.4 Safari/605.1.15"
10.20.58.94 - - [10/Oct/2026:14:07:47 +0000] "GET /api/v2/users HTTP/1.1" 200 8626 "https://app.example.com/api" "axios/1.6.8 Node.js/20.12.2"
10.20.81.145 - - [10/Oct/2026:14:07:47 +0000] "POST /api/v2/auth/login HTTP/1.1" 200 3385 "-" "axios/1.6.8 Node.js/20.12.2"
10.20.57.170 - - [10/Oct/2026:14:07:48 +0000] "GET /api/v2/products HTTP/1.1" 200 10406 "https://app.example.com/dashboard" "Mozilla/5.0 (Windows NT 10.0; Win64; x64) AppleWebKit/537.36 (KHTML, like Gecko) Chrome/124.0.0.0 Safari/537.36"
10.20.4.184 - - [10/Oct/2026:14:07:48 +0000] "GET /api/v2/users HTTP/1.1" 200 7049 "https://app.example.com/dashboard" "Mozilla/5.0 (Macintosh; Intel Mac OS X 10_15_7) AppleWebKit/605.1.15 (KHTML, like Gecko) Version/17.4 Safari/605.1.15"
10.20.174.154 - - [10/Oct/2026:14:07:49 +0000] "GET /api/v2/search?q=shoes HTTP/1.1" 200 8943 "https://app.example.com/api" "axios/1.6.8 Node.js/20.12.2"
10.20.203.59 - - [10/Oct/2026:14:07:49 +0000] "POST /api/v2/orders HTTP/1.1" 200 11210 "https://app.example.com/dashboard" "Mozilla/5.0 (X11; Linux x86_64; rv:125.0) Gecko/20100101 Firefox/125.0"
10.20.58.94 - - [10/Oct/2026:14:07:50 +0000] "POST /api/v2/orders HTTP/1.1" 200 3704 "https://example.com/" "okhttp/4.12.0"
10.20.152.152 - - [10/Oct/2026:14:07:50 +0000] "GET /api/v2/products HTTP/1.1" 200 8406 "https://app.example.com/api" "axios/1.6.8 Node.js/20.12.2"
10.20.4.184 - - [10/Oct/2026:14:07:50 +0000] "GET /metrics HTTP/1.1" 200 7400 "https://example.com/" "Mozilla/5.0 (X11; Linux x86_64; rv:125.0) Gecko/20100101 Firefox/125.0"
10.20.194.223 - - [10/Oct/2026:14:07:51 +0000] "GET /api/v2/search?q=shoes HTTP/1.1" 200 8982 "https://app.example.com/api" "Mozilla/5.0 (Macintosh; Intel Mac OS X 10_15_7) AppleWebKit/605.1.15 (KHTML, like Gecko) Version/17.4 Safari/605.1.15"
