10.20.28.187 - - [10/Oct/2026:14:05:09 +0000] "GET /metrics HTTP/1.1" 200 11684 "https://app.example.com/api" "Mozilla/5.0 (Windows NT 10.0; Win64; x64) AppleWebKit/537.36 (KHTML, like Gecko) Chrome/124.0.0.0 Safari/537.36"
10.20.221.39 - - [10/Oct/2026:14:05:09 +0000] "GET /api/v2/products HTTP/1.1" 200 4580 "https://app.example.com/dashboard" "Mozilla/5.0 (X11; Linux x86_64; rv:125.0) Gecko/20100101 Firefox/125.0"
10.20.120.152 - - [10/Oct/2026:14:05:09 +0000] "GET /api/v2/recommendations HTTP/1.1" 200 2709 "https://app.example.com/dashboard" "Mozilla/5.0 (Macintosh; Intel Mac OS X 10_15_7) AppleWebKit/605.1.15 (KHTML, like Gecko) Version/17.4 Safari/605.1.15"
10.20.194.223 - - [10/Oct/2026:14:05:09 +0000] "GET /api/v2/inventory HTTP/1.1" 200 1662 "https://app.example.com/api" "axios/1.6.8 Node.js/20.12.2"
10.20.14.145 - - [10/Oct/2026:14:05:10 +0000] "GET /api/v2/cart HTTP/1.1" 200 7620 "-" "Mozilla/5.0 (Windows NT 10.0; Win64; x64) AppleWebKit/537.36 (KHTML, like Gecko) Chrome/124.0.0.0 Safari/537.36"
10.20.163.90 - - [10/Oct/2026:14:05:10 +0000] "POST /api/v2/orders HTTP/1.1" 200 10754 "https://example.com/" "Mozilla/5.0 (X11; Linux x86_64; rv:125.0) Gecko/20100101 Firefox/125.0"
10.20.122.103 - - [10/Oct/2026:14:05:10 +0000] "POST /api/v2/auth/login HTTP/1.1" 200 4492 "https://app.example.com/api" "Mozilla/5.0 (Macintosh; Intel Mac OS X 10_15_7) AppleWebKit/605.1.15 (KHTML, like Gecko) Version/17.4 Safari/605.1.15"
10.20.14.145 - - [10/Oct/2026:14:05:10 +0000] "GET /api/v2/inventory HTTP/1.1" 200 8874 "https://example.com/" "Mozilla/5.0 (Macintosh; Intel Mac OS X 10_15_7) AppleWebKit/605.1.15 (KHTML, like Gecko) Version/17.4 Safari/605.1.15"
10.20.173.89 - - [10/Oct/2026:14:05:11 +0000] "POST /api/v2/orders HTTP/1.1" 200 3623 "https://app.example.com/api" "okhttp/4.12.0"
10.20.144.154 - - [10/Oct/2026:14:05:11 +0000] "GET /health HTTP/1.1" 200 10156 "https://app.example.com/dashboard" "Mozilla/5.0 (X11; Linux x86_64; rv:125.0) Gecko/20100101 Firefox/125.0"
10.20.193.163 - - [10/Oct/2026:14:05:11 +0000] "GET /metrics HTTP/1.1" 200 6611 "https://app.example.com/api" "okhttp/4.12.0"
10.20.57.170 - - [10/Oct/2026:14:05:11 +0000] "GET /api/v2/products HTTP/1.1" 200 3015 "-" "Mozilla/5.0 (X11; Linux x86_64; rv:125.0) Gecko/20100101 Firefox/125.0"
10.20.57.170 - - [10/Oct/2026:14:05:12 +0000] "GET /api/v2/users HTTP/1.1" 200 812 "https://app.example.com/api" "Mozilla/5.0 (X11; Linux x86_64; rv:125.0) Gecko/20100101 Firefox/125.0"
10.20.73.25 - - [10/Oct/2026:14:05:12 +0000] "POST /api/v2/auth/login HTTP/1.1" 200 3117 "https://app.example.com/dashboard" "Mozilla/5.0 (Windows NT 10.0; Win64; x64) AppleWebKit/537.36 (KHTML, like Gecko) Chrome/124.0.0.0 Safari/537.36"
10.20.73.25 - - [10/Oct/2026:14:05:12 +0000] "GET /health HTTP/1.1" 200 3328 "https://app.example.com/api" "Mozilla/5.0 (X11; Linux x86_64; rv:125.0) Gecko/20100101 Firefox/125.0"
10.20.104.106 - - [10/Oct/2026:14:05:12 +0000] "GET /favicon.ico HTTP/1.1" 404 162 "https://example.com/" "Mozilla/5.0 (Macintosh; Intel Mac OS X 10_15_7) AppleWebKit/605.1.15 (KHTML, like Gecko) Version/17.4 Safari/605.1.15"
10.20.21.181 - - [10/Oct/2026:14:05:13 +0000] "GET /favicon.ico HTTP/1.1" 404 162 "https://example.com/" "Mozilla/5.0 (Windows NT 10.0; Win64; x64) AppleWebKit/537.36 (KHTML, like Gecko) Chrome/124.0.0.0 Safari/537.36"
10.20.21.181 - - [10/Oct/2026:14:05:13 +0000] "GET /api/v2/notifications HTTP/1.1" 200 11795 "-" "okhttp/4.12.0"
10.20.174.154 - - [10/Oct/2026:14:05:13 +0000] "GET /api/v2/products HTTP/1.1" 200 7898 "-" "axios/1.6.8 Node.js/20.12.2"
10.20.35.237 - - [10/Oct/2026:14:05:14 +0000] "GET /api/v2/cart HTTP/1.1" 200 1561 "https://example.com/" "Mozilla/5.0 (Windows NT 10.0; Win64; x64) AppleWebKit/537.36 (KHTML, like Gecko) Chrome/124.0.0.0 Safari/537.36"
10.20.28.187 - - [10/Oct/2026:14:05:14 +0000] "GET /api/v2/inventory HTTP/1.1" 200 4008 "-" "Mozilla/5.0 (X11; Linux x86_64; rv:125.0) Gecko/20100101 Firefox/125.0"
10.20.169.182 - - [10/Oct/2026:14:05:14 +0000] "GET /api/v2/search?q=shoes HTTP/1.1" 200 7114 "https://app.example.com/dashboard" "Mozilla/5.0 (Macintosh; Intel Mac OS X 10_15_7) AppleWebKit/605.1.15 (KHTML, like Gecko) Version/17.4 Safari/605.1.15"
10.20.138.75 - - [10/Oct/2026:14:05:14 +0000] "GET /health HTTP/1.1" 200 10742 "https://app.example.com/api" "Mozilla/5.0 (Windows NT 10.0; Win64; x64) AppleWebKit/537.36 (KHTML, like Gecko) Chrome/124.0.0.0 Safari/537.36"
10.20.174.154 - - [10/Oct/2026:14:05:14 +0000] "GET /metrics HTTP/1.1" 200 7076 "https://app.example.com/dashboard" "axios/1.6.8 Node.js/20.12.2"
10.20.203.59 - - [10/Oct/2026:14:05:15 +0000] "GET /api/v2/recommendations HTTP/1.1" 200 2035 "https://example.com/" "Mozilla/5.0 (X11; Linux x86_64; rv:125.0) Gecko/20100101 Firefox/125.0"
10.20.28.187 - - [10/Oct/2026:14:05:15 +0000] "GET /metrics HTTP/1.1" 200 8691 "https://example.com/" "Mozilla/5.0 (Macintosh; Intel Mac OS X 10_15_7) AppleWebKit/605.1.15 (KHTML, like Gecko) Version/17.4 Safari/605.1.15"
10.20.120.152 - - [10/Oct/2026:14:05:16 +0000] "GET /api/v2/cart HTTP/1.1" 200 9854 "-" "Mozilla/5.0 (Macintosh; Intel Mac OS X 10_15_7) AppleWebKit/605.1.15 (KHTML, like Gecko) Version/17.4 Safari/605.1.15"
10.20.68.206 - - [10/Oct/2026:14:05:16 +0000] "GET /api/v2/users HTTP/1.1" 200 2584 "-" "Mozilla/5.0 (X11; Linux x86_64; rv:125.0) Gecko/20100101 Firefox/125.0"
10.20.249.205 - - [10/Oct/2026:14:05:16 +0000] "GET /metrics HTTP/1.1" 200 3636 "https://app.example.com/api" "axios/1.6.8 Node.js/20.12.2"
10.20.28.187 - - [10/Oct/2026:14:05:16 +0000] "POST /api/v2/auth/login HTTP/1.1" 200 2988 "https://app.example.com/dashboard" "Mozilla/5.0 (X11; Linux x86_64; rv:125.0) Gecko/20100101 Firefox/125.0"
10.20.203.59 - - [10/Oct/2026:14:05:17 +0000] "GET /api/v2/inventory HTTP/1.1" 200 3686 "https://app.example.com/dashboard" "okhttp/4.12.0"
10.20.76.119 - - [10/Oct/2026:14:05:17 +0000] "GET /api/v2/notifications HTTP/1.1" 200 4675 "-" "axios/1.6.8 Node.js/20.12.2"
10.20.73.25 - - [10/Oct/2026:14:05:17 +0000] "GET /metrics HTTP/1.1" 200 7755 "https://example.com/" "Mozilla/5.0 (Macintosh; Intel Mac OS X 10_15_7) AppleWebKit/605.1.15 (KHTML, like Gecko) Version/17.4 Safari/605.1.15"
10.20.55.95 - - [10/Oct/2026:14:05:17 +0000] "PUT /api/v2/users/profile HTTP/1.1" 200 9223 "https://app.example.com/dashboard" "Mozilla/5.0 (X11; Linux x86_64; rv:125.0) Gecko/20100101 Firefox/125.0"
10.20.193.163 - - [10/Oct/2026:14:05:18 +0000] "GET /api/v2/notifications HTTP/1.1" 200 11688 "https://app.example.com/api" "axios/1.6.8 Node.js/20.12.2"
10.20.76.119 - - [10/Oct/2026:14:05:18 +0000] "GET /health HTTP/1.1" 200 1939 "-" "Mozilla/5.0 (X11; Linux x86_64; rv:125.0) Gecko/20100101 Firefox/125.0"
10.20.134.192 - - [10/Oct/2026:14:05:18 +0000] "GET /api/v2/notifications HTTP/1.1" 200 11611 "-" "okhttp/4.12.0"
10.20.203.59 - - [10/Oct/2026:14:05:19 +0000] "POST /api/v2/auth/login HTTP/1.1" 200 8528 "-" "okhttp/4.12.0"
10.20.194.223 - - [10/Oct/2026:14:05:19 +0000] "GET /api/v2/recommendations HTTP/1.1" 200 4139 "https://app.example.com/dashboard" "okhttp/4.12.0"
10.20.163.90 - - [10/Oct/2026:14:05:19 +0000] "POST /api/v2/orders HTTP/1.1" 200 7421 "https://app.example.com/dashboard" "Mozilla/5.0 (Windows NT 10.0; Win64; x64) AppleWebKit/537.36 (KHTML, like Gecko) Chrome/124.0.0.0 Safari/537.36"
10.20.14.145 - - [10/Oct/2026:14:05:20 +0000] "GET /api/v2/users HTTP/1.1" 200 9471 "https://app.example.com/dashboard" "Mozilla/5.0 (Macintosh; Intel Mac OS X 10_15_7) AppleWebKit/605.1.15 (KHTML, like Gecko) Version/17.4 Safari/605.1.15"
10.20.14.116 - - [10/Oct/2026:14:05:20 +0000] "GET /api/v2/products HTTP/1.1" 200 6551 "https://app.example.com/dashboard" "okhttp/4.12.0"
10.20.28.187 - - [10/Oct/2026:14:05:20 +0000] "GET /favicon.ico HTTP/1.1" 404 162 "https://example.com/" "Mozilla/5.0 (Windows NT 10.0; Win64; x64) AppleWebKit/537.36 (KHTML, like Gecko) Chrome/124.0.0.0 Safari/537.36"
10.20.138.75 - - [10/Oct/2026:14:05:20 +0000] "GET /api/v2/inventory HTTP/1.1" 200 6593 "https://app.example.com/api" "okhttp/4.12.0"
10.20.73.25 - - [10/Oct/2026:14:05:21 +0000] "GET /api/v2/recommendations HTTP/1.1" 200 7046 "-" "axios/1.6.8 Node.js/20.12.2"
10.20.14.145 - - [10/Oct/2026:14:05:21 +0000] "GET /api/v2/inventory HTTP/1.1" 200 2314 "-" "Mozilla/5.0 (X11; Linux x86_64; rv:125.0) Gecko/20100101 Firefox/125.0"
10.20.138.77 - - [10/Oct/2026:14:05:21 +0000] "GET /metrics HTTP/1.1" 200 11742 "https://app.example.com/dashboard" "Mozilla/5.0 (X11; Linux x86_64; rv:125.0) Gecko/20100101 Firefox/125.0"
10.20.18.146 - - [10/Oct/2026:14:05:21 +0000] "GET /api/v2/search?q=shoes HTTP/1.1" 200 11041 "https://example.com/" "Mozilla/5.0 (Windows NT 10.0; Win64; x64) AppleWebKit/537.36 (KHTML, like Gecko) Chrome/124.0.0.0 Safari/537.36"
10.20.104.106 - - [10/Oct/2026:14:05:22 +0000] "GET /health HTTP/1.1" 200 7869 "https://app.example.com/dashboard" "axios/1.6.8 Node.js/20.12.2"
10.20.223.147 - - [10/Oct/2026:14:05:22 +0000] "GET /api/v2/notifications HTTP/1.1" 200 6983 "https://app.example.com/dashboard" "okhttp/4.12.0"
10.20.57.170 - - [10/Oct/2026:14:05:22 +0000] "GET /api/v2/users HTTP/1.1" 200 9854 "https://app.example.com/dashboard" "okhttp/4.12.0"
10.20.89.1 - - [10/Oct/2026:14:05:22 +0000] "GET /api/v2/users HTTP/1.1" 200 10676 "-" "Mozilla/5.0 (X11; Linux x86_64; rv:125.0) Gecko/20100101 Firefox/125.0"
10.20.160.157 - - [10/Oct/2026:14:05:22 +0000] "GET /api/v2/cart HTTP/1.1" 200 9646 "-" "Mozilla/5.0 (Macintosh; Intel Mac OS X 10_15_7) AppleWebKit/605.1.15 (KHTML, like Gecko) Version/17.4 Safari/605.1.15"
10.20.223.147 - - [10/Oct/2026:14:05:23 +0000] "PUT /api/v2/users/profile HTTP/1.1" 200 1912 "https://app.example.com/dashboard" "Mozilla/5.0 (Windows NT 10.0; Win64; x64) AppleWebKit/537.36 (KHTML, like Gecko) Chrome/124.0.0.0 Safari/537.36"
10.20.249.205 - - [10/Oct/2026:14:05:23 +0000] "GET /api/v2/cart HTTP/1.1" 200 9631 "-" "okhttp/4.12.0"
10.20.73.25 - - [10/Oct/2026:14:05:23 +0000] "GET /api/v2/inventory HTTP/1.1" 200 10472 "https://example.com/" "okhttp/4.12.0"
10.20.194.223 - - [10/Oct/2026:14:05:24 +0000] "GET /api/v2/recommendations HTTP/1.1" 200 2055 "-" "Mozilla/5.0 (Windows NT 10.0; Win64; x64) AppleWebKit/537.36 (KHTML, like Gecko) Chrome/124.0.0.0 Safari/537.36"
10.20.18.146 - - [10/Oct/2026:14:05:24 +0000] "GET /api/v2/cart HTTP/1.1" 200 10737 "https://app.example.com/dashboard" "Mozilla/5.0 (Windows NT 10.0; Win64; x64) AppleWebKit/537.36 (KHTML, like Gecko) Chrome/124.0.0.0 Safari/537.36"
10.20.194.223 - - [10/Oct/2026:14:05:24 +0000] "GET /api/v2/notifications HTTP/1.1" 200 1384 "https://app.example.com/api" "axios/1.6.8 Node.js/20.12.2"
10.20.138.77 - - [10/Oct/2026:14:05:24 +0000] "GET /api/v2/users HTTP/1.1" 200 1103 "https://app.example.com/api" "axios/1.6.8 Node.js/20.12.2"
10.20.138.75 - - [10/Oct/2026:14:05:24 +0000] "GET /api/v2/inventory HTTP/1.1" 200 3076 "https://app.example.com/api" "okhttp/4.12.0"
10.20.147.244 - - [10/Oct/2026:14:05:25 +0000] "PUT /api/v2/users/profile HTTP/1.1" 200 7255 "https://app.example.com/api" "Mozilla/5.0 (Windows NT 10.0; Win64; x64) AppleWebKit/537.36 (KHTML, like Gecko) Chrome/124.0.0.0 Safari/537.36"
10.20.246.239 - - [10/Oct/2026:14:05:25 +0000] "GET /health HTTP/1.1" 200 1897 "https://app.example.com/api" "Mozilla/5.0 (X11; Linux x86_64; rv:125.0) Gecko/20100101 Firefox/125.0"
10.20.134.192 - - [10/Oct/2026:14:05:25 +0000] "GET /metrics HTTP/1.1" 200 7901 "https://example.com/" "Mozilla/5.0 (Macintosh; Intel Mac OS X 10_15_7) AppleWebKit/605.1.15 (KHTML, like Gecko) Version/17.4 Safari/605.1.15"
10.20.152.152 - - [10/Oct/2026:14:05:26 +0000] "GET /api/v2/products HTTP/1.1" 200 6584 "https://example.com/" "okhttp/4.12.0"
10.20.14.116 - - [10/Oct/2026:14:05:26 +0000] "GET /api/v2/inventory HTTP/1.1" 200 3352 "https://app.example.com/api" "Mozilla/5.0 (Macintosh; Intel Mac OS X 10_15_7) AppleWebKit/605.1.15 (KHTML, like Gecko) Version/17.4 Safari/605.1.15"
10.20.68.206 - - [10/Oct/2026:14:05:27 +0000] "GET /favicon.ico HTTP/1.1" 404 162 "https://app.example.com/api" "okhttp/4.12.0"
10.20.138.77 - - [10/Oct/2026:14:05:27 +0000] "GET /favicon.ico HTTP/1.1" 404 162 "https://app.example.com/dashboard" "axios/1.6.8 Node.js/20.12.2"
10.20.223.147 - - [10/Oct/2026:14:05:28 +0000] "GET /health HTTP/1.1" 200 1484 "https://app.example.com/dashboard" "Mozilla/5.0 (Macintosh; Intel Mac OS X 10_15_7) AppleWebKit/605.1.15 (KHTML, like Gecko) Version/17.4 Safari/605.1.15"
10.20.122.103 - - [10/Oct/2026:14:05:28 +0000] "GET /health HTTP/1.1" 200 1938 "https://app.example.com/dashboard" "Mozilla/5.0 (Macintosh; Intel Mac OS X 10_15_7) AppleWebKit/605.1.15 (KHTML, like Gecko) Version/17.4 Safari/605.1.15"
10.20.21.181 - - [10/Oct/2026:14:05:29 +0000] "PUT /api/v2/users/profile HTTP/1.1" 200 3535 "https://example.com/" "Mozilla/5.0 (X11; Linux x86_64; rv:125.0) Gecko/20100101 Firefox/125.0"
10.20.203.59 - - [10/Oct/2026:14:05:29 +0000] "GET /metrics HTTP/1.1" 200 4422 "https://app.example.com/dashboard" "axios/1.6.8 Node.js/20.12.2"
10.20.169.182 - - [10/Oct/2026:14:05:29 +0000] "GET /api/v2/inventory HTTP/1.1" 200 5091 "https://app.example.com/api" "Mozilla/5.0 (Macintosh; Intel Mac OS X 10_15_7) AppleWebKit/605.1.15 (KHTML, like Gecko) Version/17.4 Safari/605.1.15"
10.20.104.106 - - [10/Oct/2026:14:05:30 +0000] "GET /api/v2/search?q=shoes HTTP/1.1" 200 10900 "https://app.example.com/dashboard" "Mozilla/5.0 (Macintosh; Intel Mac OS X 10_15_7) AppleWebKit/605.1.15 (KHTML, like Gecko) Version/17.4 Safari/605.1.15"
10.20.206.135 - - [10/Oct/2026:14:05:30 +0000] "GET /metrics HTTP/1.1" 200 4132 "https://app.example.com/api" "Mozilla/5.0 (Macintosh; Intel Mac OS X 10_15_7) AppleWebKit/605.1.15 (KHTML, like Gecko) Version/17.4 Safari/605.1.15"
10.20.58.94 - - [10/Oct/2026:14:05:31 +0000] "GET /api/v2/cart HTTP/1.1" 200 5290 "-" "axios/1.6.8 Node.js/20.12.2"
10.20.144.154 - - [10/Oct/2026:14:05:31 +0000] "GET /favicon.ico HTTP/1.1" 404 162 "https://app.example.com/api" "Mozilla/5.0 (X11; Linux x86_64; rv:125.0) Gecko/20100101 Firefox/125.0"
10.20.194.223 - - [10/Oct/2026:14:05:32 +0000] "GET /api/v2/products HTTP/1.1" 200 5755 "https://app.example.com/dashboard" "okhttp/4.12.0"
10.20.21.181 - - [10/Oct/2026:14:05:32 +0000] "GET /api/v2/notifications HTTP/1.1" 200 2356 "https://app.example.com/dashboard" "Mozilla/5.0 (Windows NT 10.0; Win64; x64) AppleWebKit/537.36 (KHTML, like Gecko) Chrome/124.0.0.0 Safari/537.36"
10.20.68.206 - - [10/Oct/2026:14:05:32 +0000] "GET /api/v2/cart HTTP/1.1" 401 97 "https://example.com/" "Mozilla/5.0 (Windows NT 10.0; Win64; x64) AppleWebKit/537.36 (KHTML, like Gecko) Chrome/124.0.0.0 Safari/537.36"
10.20.254.167 - - [10/Oct/2026:14:05:33 +0000] "PUT /api/v2/users/profile HTTP/1.1" 200 6609 "https://app.example.com/api" "Mozilla/5.0 (Macintosh; Intel Mac OS X 10_15_7) AppleWebKit/605.1.15 (KHTML, like Gecko) Version/17.4 Safari/605.1.15"
10.20.120.152 - - [10/Oct/2026:14:05:33 +0000] "GET /api/v2/products HTTP/1.1" 200 10376 "-" "axios/1.6.8 Node.js/20.12.2"
10.20.134.192 - - [10/Oct/2026:14:05:33 +0000] "GET /metrics HTTP/1.1" 200 3287 "https://example.com/" "axios/1.6.8 Node.js/20.12.2"
10.20.57.170 - - [10/Oct/2026:14:05:34 +0000] "GET /favicon.ico HTTP/1.1" 404 162 "https://app.example.com/api" "Mozilla/5.0 (X11; Linux x86_64; rv:125.0) Gecko/20100101 Firefox/125.0"
10.20.193.163 - - [10/Oct/2026:14:05:34 +0000] "GET /api/v2/cart HTTP/1.1" 200 6057 "https://app.example.com/dashboard" "okhttp/4.12.0"
10.20.68.206 - - [10/Oct/2026:14:05:34 +0000] "GET /api/v2/users HTTP/1.1" 200 5681 "https://example.com/" "Mozilla/5.0 (Windows NT 10.0; Win64; x64) AppleWebKit/537.36 (KHTML, like Gecko) Chrome/124.0.0.0 Safari/537.36"
10.20.254.167 - - [10/Oct/2026:14:05:34 +0000] "PUT /api/v2/users/profile HTTP/1.1" 200 10045 "-" "okhttp/4.12.0"
10.20.4.184 - - [10/Oct/2026:14:05:34 +0000] "GET /health HTTP/1.1" 200 2569 "-" "axios/1.6.8 Node.js/20.12.2"
10.20.58.94 - - [10/Oct/2026:14:05:35 +0000] "GET /health HTTP/1.1" 200 8712 "https://example.com/" "axios/1.6.8 Node.js/20.12.2"
10.20.138.77 - - [10/Oct/2026:14:05:35 +0000] "GET /metrics HTTP/1.1" 200 2411 "https://app.example.com/dashboard" "axios/1.6.8 Node.js/20.12.2"
10.20.68.206 - - [10/Oct/2026:14:05:35 +0000] "PUT /api/v2/users/profile HTTP/1.1" 200 9681 "-" "axios/1.6.8 Node.js/20.12.2"
10.20.134.192 - - [10/Oct/2026:14:05:36 +0000] "GET /api/v2/search?q=shoes HTTP/1.1" 401 97 "https://example.com/" "Mozilla/5.0 (Windows NT 10.0; Win64; x64) AppleWebKit/537.36 (KHTML, like Gecko) Chrome/124.0.0.0 Safari/537.36"
10.20.249.205 - - [10/Oct/2026:14:05:36 +0000] "GET /favicon.ico HTTP/1.1" 404 162 "https://example.com/" "Mozilla/5.0 (Windows NT 10.0; Win64; x64) AppleWebKit/537.36 (KHTML, like Gecko) Chrome/124.0.0.0 Safari/537.36"
10.20.221.39 - - [10/Oct/2026:14:05:36 +0000] "GET /api/v2/inventory HTTP/1.1" 200 9377 "https://example.com/" "Mozilla/5.0 (X11; Linux x86_64; rv:125.0) Gecko/20100101 Firefox/125.0"
10.20.152.152 - - [10/Oct/2026:14:05:36 +0000] "GET /api/v2/inventory HTTP/1.1" 200 9214 "-" "Mozilla/5.0 (X11; Linux x86_64; rv:125.0) Gecko/20100101 Firefox/125.0"
10.20.144.154 - - [10/Oct/2026:14:05:37 +0000] "GET /api/v2/users HTTP/1.1" 200 10954 "https://example.com/" "Mozilla/5.0 (Windows NT 10.0; Win64; x64) AppleWebKit/537.36 (KHTML, like Gecko) Chrome/124.0.0.0 Safari/537.36"
10.20.21.181 - - [10/Oct/2026:14:05:37 +0000] "GET /api/v2/inventory HTTP/1.1" 200 6935 "-" "axios/1.6.8 Node.js/20.12.2"
10.20.223.147 - - [10/Oct/2026:14:05:37 +0000] "PUT /api/v2/users/profile HTTP/1.1" 200 5751 "https://app.example.com/dashboard" "Mozilla/5.0 (Windows NT 10.0; Win64; x64) AppleWebKit/537.36 (KHTML, like Gecko) Chrome/124.0.0.0 Safari/537.36"
10.20.28.187 - - [10/Oct/2026:14:05:37 +0000] "GET /api/v2/cart HTTP/1.1" 200 10797 "https://app.example.com/dashboard" "Mozilla/5.0 (X11; Linux x86_64; rv:125.0) Gecko/20100101 Firefox/125.0"
10.20.173.89 - - [10/Oct/2026:14:05:37 +0000] "GET /api/v2/search?q=shoes HTTP/1.1" 200 4546 "https://app.example.com/api" "axios/1.6.8 Node.js/20.12.2"
10.20.81.145 - - [10/Oct/2026:14:05:38 +0000] "GET /api/v2/search?q=shoes HTTP/1.1" 200 10145 "https://app.example.com/dashboard" "Mozilla/5.0 (X11; Linux x86_64; rv:125.0) Gecko/20100101 Firefox/125.0"
10.20.88.228 - - [10/Oct/2026:14:05:38 +0000] "GET /api/v2/search?q=shoes HTTP/1.1" 200 3604 "-" "Mozilla/5.0 (X11; Linux x86_64; rv:125.0) Gecko/20100101 Firefox/125.0"
10.20.163.90 - - [10/Oct/2026:14:05:38 +0000] "GET /favicon.ico HTTP/1.1" 404 162 "-" "Mozilla/5.0 (Windows NT 10.0; Win64; x64) AppleWebKit/537.36 (KHTML, like Gecko) Chrome/124.0.0.0 Safari/537.36"
10.20.254.167 - - [10/Oct/2026:14:05:39 +0000] "GET /api/v2/search?q=shoes HTTP/1.1" 200 9677 "https://example.com/" "axios/1.6.8 Node.js/20.12.2"
10.20.73.25 - - [10/Oct/2026:14:05:39 +0000] "GET /api/v2/search?q=shoes HTTP/1.1" 200 3595 "https://app.example.com/dashboard" "Mozilla/5.0 (X11; Linux x86_64; rv:125.0) Gecko/20100101 Firefox/125.0"
10.20.14.116 - - [10/Oct/2026:14:05:39 +0000] "GET /home HTTP/1.1" 301 381 "https://example.com/" "axios/1.6.8 Node.js/20.12.2"
10.20.58.94 - - [10/Oct/2026:14:05:39 +0000] "GET /api/v2/cart HTTP/1.1" 200 11501 "https://app.example.com/api" "Mozilla/5.0 (Macintosh; Intel Mac OS X 10_15_7) AppleWebKit/605.1.15 (KHTML, like Gecko) Version/17.4 Safari/605.1.15"
10.20.223.147 - - [10/Oct/2026:14:05:40 +0000] "POST /api/v2/auth/login HTTP/1.1" 200 7932 "https://app.example.com/dashboard" "Mozilla/5.0 (Windows NT 10.0; Win64; x64) AppleWebKit/537.36 (KHTML, like Gecko) Chrome/124.0.0.0 Safari/537.36"
10.20.14.116 - - [10/Oct/2026:14:05:40 +0000] "GET /api/v2/notifications HTTP/1.1" 200 6972 "https://app.example.com/api" "Mozilla/5.0 (Windows NT 10.0; Win64; x64) AppleWebKit/537.36 (KHTML, like Gecko) Chrome/124.0.0.0 Safari/537.36"
10.20.194.223 - - [10/Oct/2026:14:05:40 +0000] "GET /api/v2/cart HTTP/1.1" 200 10434 "https://app.example.com/dashboard" "Mozilla/5.0 (Windows NT 10.0; Win64; x64) AppleWebKit/537.36 (KHTML, like Gecko) Chrome/124.0.0.0 Safari/537.36"
10.20.58.94 - - [10/Oct/2026:14:05:40 +0000] "GET /api/v2/cart HTTP/1.1" 200 11450 "https://example.com/" "Mozilla/5.0 (X11; Linux x86_64; rv:125.0) Gecko/20100101 Firefox/125.0"
10.20.146.74 - - [10/Oct/2026:14:05:40 +0000] "PUT /api/v2/users/profile HTTP/1.1" 200 1480 "-" "Mozilla/5.0 (X11; Linux x86_64; rv:125.0) Gecko/20100101 Firefox/125.0"
10.20.35.237 - - [10/Oct/2026:14:05:41 +0000] "GET /health HTTP/1.1" 200 3270 "https://app.example.com/api" "okhttp/4.12.0"
10.20.169.182 - - [10/Oct/2026:14:05:41 +0000] "POST /api/v2/orders HTTP/1.1" 200 3824 "https://app.example.com/api" "Mozilla/5.0 (X11; Linux x86_64; rv:125.0) Gecko/20100101 Firefox/125.0"
10.20.73.25 - - [10/Oct/2026:14:05:41 +0000] "GET /metrics HTTP/1.1" 200 6296 "https://app.example.com/api" "Mozilla/5.0 (X11; Linux x86_64; rv:125.0) Gecko/20100101 Firefox/125.0"
10.20.28.187 - - [10/Oct/2026:14:05:42 +0000] "POST /api/v2/auth/login HTTP/1.1" 200 890 "https://app.example.com/api" "Mozilla/5.0 (Windows NT 10.0; Win64; x64) AppleWebKit/537.36 (KHTML, like Gecko) Chrome/124.0.0.0 Safari/537.36"
10.20.152.152 - - [10/Oct/2026:14:05:42 +0000] "GET /api/v2/recommendations HTTP/1.1" 200 5394 "https://example.com/" "okhttp/4.12.0"
10.20.144.154 - - [10/Oct/2026:14:05:42 +0000] "GET /favicon.ico HTTP/1.1" 404 162 "https://app.example.com/api" "Mozilla/5.0 (Macintosh; Intel Mac OS X 10_15_7) AppleWebKit/605.1.15 (KHTML, like Gecko) Version/17.4 Safari/605.1.15"
10.20.144.154 - - [10/Oct/2026:14:05:42 +0000] "PUT /api/v2/users/profile HTTP/1.1" 200 2081 "https://app.example.com/api" "Mozilla/5.0 (Macintosh; Intel Mac OS X 10_15_7) AppleWebKit/605.1.15 (KHTML, like Gecko) Version/17.4 Safari/605.1.15"
10.20.28.187 - - [10/Oct/2026:14:05:43 +0000] "GET /api/v2/recommendations HTTP/1.1" 200 11723 "-" "okhttp/4.12.0"
10.20.174.154 - - [10/Oct/2026:14:05:43 +0000] "GET /api/v2/inventory HTTP/1.1" 200 7737 "https://example.com/" "okhttp/4.12.0"
10.20.88.228 - - [10/Oct/2026:14:05:43 +0000] "GET /metrics HTTP/1.1" 200 3065 "https://app.example.com/api" "Mozilla/5.0 (Macintosh; Intel Mac OS X 10_15_7) AppleWebKit/605.1.15 (KHTML, like Gecko) Version/17.4 Safari/605.1.15"
10.20.104.106 - - [10/Oct/2026:14:05:44 +0000] "GET /api/v2/inventory HTTP/1.1" 200 5133 "https://app.example.com/api" "Mozilla/5.0 (Windows NT 10.0; Win64; x64) AppleWebKit/537.36 (KHTML, like Gecko) Chrome/124.0.0.0 Safari/537.36"
10.20.120.152 - - [10/Oct/2026:14:05:44 +0000] "GET /health HTTP/1.1" 200 11261 "https://app.example.com/dashboard" "Mozilla/5.0 (Windows NT 10.0; Win64; x64) AppleWebKit/537.36 (KHTML, like Gecko) Chrome/124.0.0.0 Safari/537.36"
10.20.194.223 - - [10/Oct/2026:14:05:44 +0000] "GET /health HTTP/1.1" 200 4113 "https://app.example.com/api" "Mozilla/5.0 (Windows NT 10.0; Win64; x64) AppleWebKit/537.36 (KHTML, like Gecko) Chrome/124.0.0.0 Safari/537.36"
10.20.163.90 - - [10/Oct/2026:14:05:44 +0000] "GET /api/v2/recommendations HTTP/1.1" 200 7730 "-" "Mozilla/5.0 (Windows NT 10.0; Win64; x64) AppleWebKit/537.36 (KHTML, like Gecko) Chrome/124.0.0.0 Safari/537.36"
10.20.194.223 - - [10/Oct/2026:14:05:45 +0000] "PUT /api/v2/users/profile HTTP/1.1" 200 9200 "-" "Mozilla/5.0 (Macintosh; Intel Mac OS X 10_15_7) AppleWebKit/605.1.15 (KHTML, like Gecko) Version/17.4 Safari/605.1.15"
10.20.68.206 - - [10/Oct/2026:14:05:45 +0000] "GET /health HTTP/1.1" 200 6535 "https://app.example.com/api" "axios/1.6.8 Node.js/20.12.2"
10.20.14.116 - - [10/Oct/2026:14:05:46 +0000] "GET /health HTTP/1.1" 200 1132 "https://example.com/" "Mozilla/5.0 (X11; Linux x86_64; rv:125.0) Gecko/20100101 Firefox/125.0"
10.20.249.205 - - [10/Oct/2026:14:05:46 +0000] "GET /api/v2/cart HTTP/1.1" 200 6894 "-" "Mozilla/5.0 (Windows NT 10.0; Win64; x64) AppleWebKit/537.36 (KHTML, like Gecko) Chrome/124.0.0.0 Safari/537.36"
10.20.55.95 - - [10/Oct/2026:14:05:46 +0000] "GET /api/v2/recommendations HTTP/1.1" 200 7964 "https://app.example.com/dashboard" "Mozilla/5.0 (X11; Linux x86_64; rv:125.0) Gecko/20100101 Firefox/125.0"
10.20.4.184 - - [10/Oct/2026:14:05:47 +0000] "POST /api/v2/auth/login HTTP/1.1" 200 1200 "-" "axios/1.6.8 Node.js/20.12.2"
10.20.28.187 - - [10/Oct/2026:14:05:47 +0000] "GET /health HTTP/1.1" 200 2507 "-" "Mozilla/5.0 (Macintosh; Intel Mac OS X 10_15_7) AppleWebKit/605.1.15 (KHTML, like Gecko) Version/17.4 Safari/605.1.15"
10.20.194.223 - - [10/Oct/2026:14:05:47 +0000] "GET /api/v2/cart HTTP/1.1" 200 1307 "-" "Mozilla/5.0 (Windows NT 10.0; Win64; x64) AppleWebKit/537.36 (KHTML, like Gecko) Chrome/124.0.0.0 Safari/537.36"
10.20.58.94 - - [10/Oct/2026:14:05:47 +0000] "GET /api/v2/recommendations HTTP/1.1" 200 964 "https://app.example.com/dashboard" "Mozilla/5.0 (X11; Linux x86_64; rv:125.0) Gecko/20100101 Firefox/125.0"
10.20.68.206 - - [10/Oct/2026:14:05:48 +0000] "GET /api/v2/inventory HTTP/1.1" 200 9570 "-" "axios/1.6.8 Node.js/20.12.2"
10.20.246.239 - - [10/Oct/2026:14:05:48 +0000] "GET /health HTTP/1.1" 200 7863 "https://app.example.com/dashboard" "Mozilla/5.0 (X11; Linux x86_64; rv:125.0) Gecko/20100101 Firefox/125.0"
10.20.193.163 - - [10/Oct/2026:14:05:48 +0000] "GET /api/v2/users HTTP/1.1" 200 6321 "https://example.com/" "Mozilla/5.0 (Windows NT 10.0; Win64; x64) AppleWebKit/537.36 (KHTML, like Gecko) Chrome/124.0.0.0 Safari/537.36"
10.20.89.1 - - [10/Oct/2026:14:05:48 +0000] "PUT /api/v2/users/profile HTTP/1.1" 200 2966 "-" "axios/1.6.8 Node.js/20.12.2"
10.20.58.94 - - [10/Oct/2026:14:05:49 +0000] "GET /metrics HTTP/1.1" 200 11601 "https://app.example.com/api" "axios/1.6.8 Node.js/20.12.2"
10.20.249.205 - - [10/Oct/2026:14:05:49 +0000] "GET /health HTTP/1.1" 200 8090 "https://example.com/" "Mozilla/5.0 (X11; Linux x86_64; rv:125.0) Gecko/20100101 Firefox/125.0"
10.20.193.163 - - [10/Oct/2026:14:05:50 +0000] "GET /api/v2/users HTTP/1.1" 200 5613 "https://app.example.com/dashboard" "okhttp/4.12.0"
10.20.169.182 - - [10/Oct/2026:14:05:50 +0000] "GET /api/v2/recommendations HTTP/1.1" 200 9194 "https://app.example.com/dashboard" "okhttp/4.12.0"
10.20.206.135 - - [10/Oct/2026:14:05:50 +0000] "GET /api/v2/inventory HTTP/1.1" 401 97 "https://app.example.com/dashboard" "Mozilla/5.0 (Windows NT 10.0; Win64; x64) AppleWebKit/537.36 (KHTML, like Gecko) Chrome/124.0.0.0 Safari/537.36"
10.20.254.167 - - [10/Oct/2026:14:05:50 +0000] "GET /metrics HTTP/1.1" 200 2790 "https://app.example.com/api" "Mozilla/5.0 (X11; Linux x86_64; rv:125.0) Gecko/20100101 Firefox/125.0"
10.20.138.77 - - [10/Oct/2026:14:05:51 +0000] "PUT /api/v2/users/profile HTTP/1.1" 200 8025 "https://example.com/" "Mozilla/5.0 (X11; Linux x86_64; rv:125.0) Gecko/20100101 Firefox/125.0"
10.20.254.167 - - [10/Oct/2026:14:05:51 +0000] "GET /api/v2/cart HTTP/1.1" 200 10405 "https://example.com/" "okhttp/4.12.0"
10.20.221.39 - - [10/Oct/2026:14:05:52 +0000] "POST /api/v2/auth/login HTTP/1.1" 200 2682 "-" "Mozilla/5.0 (Windows NT 10.0; Win64; x64) AppleWebKit/537.36 (KHTML, like Gecko) Chrome/124.0.0.0 Safari/537.36"
10.20.194.223 - - [10/Oct/2026:14:05:52 +0000] "POST /api/v2/auth/login HTTP/1.1" 200 5165 "https://example.com/" "axios/1.6.8 Node.js/20.12.2"
10.20.104.106 - - [10/Oct/2026:14:05:52 +0000] "GET /api/v2/search?q=shoes HTTP/1.1" 200 6169 "https://app.example.com/dashboard" "axios/1.6.8 Node.js/20.12.2"
10.20.58.94 - - [10/Oct/2026:14:05:53 +0000] "GET /metrics HTTP/1.1" 200 5149 "https://example.com/" "okhttp/4.12.0"
10.20.206.135 - - [10/Oct/2026:14:05:53 +0000] "POST /api/v2/orders HTTP/1.1" 200 2957 "https://example.com/" "okhttp/4.12.0"
10.20.68.206 - - [10/Oct/2026:14:05:53 +0000] "GET /api/v2/products HTTP/1.1" 200 4216 "https://example.com/" "Mozilla/5.0 (Windows NT 10.0; Win64; x64) AppleWebKit/537.36 (KHTML, like Gecko) Chrome/124.0.0.0 Safari/537.36"
10.20.221.39 - - [10/Oct/2026:14:05:54 +0000] "GET /api/v2/notifications HTTP/1.1" 200 2907 "-" "Mozilla/5.0 (X11; Linux x86_64; rv:125.0) Gecko/20100101 Firefox/125.0"
10.20.193.163 - - [10/Oct/2026:14:05:54 +0000] "POST /api/v2/auth/login HTTP/1.1" 200 2505 "https://app.example.com/api" "okhttp/4.12.0"
10.20.254.167 - - [10/Oct/2026:14:05:54 +0000] "POST /api/v2/orders HTTP/1.1" 200 6020 "https://example.com/" "Mozilla/5.0 (Macintosh; Intel Mac OS X 10_15_7) AppleWebKit/605.1.15 (KHTML, like Gecko) Version/17.4 Safari/605.1.15"
10.20.73.25 - - [10/Oct/2026:14:05:55 +0000] "GET /api/v2/recommendations HTTP/1.1" 200 9456 "https://app.example.com/api" "Mozilla/5.0 (Macintosh; Intel Mac OS X 10_15_7) AppleWebKit/605.1.15 (KHTML, like Gecko) Version/17.4 Safari/605.1.15"
10.20.122.103 - - [10/Oct/2026:14:05:55 +0000] "GET /api/v2/users HTTP/1.1" 200 4184 "https://app.example.com/api" "axios/1.6.8 Node.js/20.12.2"
10.20.14.145 - - [10/Oct/2026:14:05:55 +0000] "GET /api/v2/users HTTP/1.1" 200 5745 "https://app.example.com/dashboard" "Mozilla/5.0 (Windows NT 10.0; Win64; x64) AppleWebKit/537.36 (KHTML, like Gecko) Chrome/124.0.0.0 Safari/537.36"
10.20.120.152 - - [10/Oct/2026:14:05:56 +0000] "POST /api/v2/orders HTTP/1.1" 200 7840 "-" "okhttp/4.12.0"
10.20.14.116 - - [10/Oct/2026:14:05:56 +0000] "GET /api/v2/users HTTP/1.1" 200 5589 "https://app.example.com/dashboard" "Mozilla/5.0 (Windows NT 10.0; Win64; x64) AppleWebKit/537.36 (KHTML, like Gecko) Chrome/124.0.0.0 Safari/537.36"
10.20.58.94 - - [10/Oct/2026:14:05:56 +0000] "POST /api/v2/orders HTTP/1.1" 200 11134 "-" "okhttp/4.12.0"
10.20.68.206 - - [10/Oct/2026:14:05:56 +0000] "POST /api/v2/auth/login HTTP/1.1" 200 2934 "-" "Mozilla/5.0 (Windows NT 10.0; Win64; x64) AppleWebKit/537.36 (KHTML, like Gecko) Chrome/124.0.0.0 Safari/537.36"
10.20.169.182 - - [10/Oct/2026:14:05:56 +0000] "GET /api/v2/cart HTTP/1.1" 200 2110 "https://example.com/" "axios/1.6.8 Node.js/20.12.2"
10.20.152.152 - - [10/Oct/2026:14:05:57 +0000] "GET /api/v2/products HTTP/1.1" 200 10987 "https://example.com/" "Mozilla/5.0 (Windows NT 10.0; Win64; x64) AppleWebKit/537.36 (KHTML, like Gecko) Chrome/124.0.0.0 Safari/537.36"
10.20.174.154 - - [10/Oct/2026:14:05:57 +0000] "GET /api/v2/products HTTP/1.1" 200 4886 "-" "Mozilla/5.0 (X11; Linux x86_64; rv:125.0) Gecko/20100101 Firefox/125.0"
10.20.194.223 - - [10/Oct/2026:14:05:58 +0000] "GET /health HTTP/1.1" 200 2313 "https://example.com/" "Mozilla/5.0 (Windows NT 10.0; Win64; x64) AppleWebKit/537.36 (KHTML, like Gecko) Chrome/124.0.0.0 Safari/537.36"
10.20.249.205 - - [10/Oct/2026:14:05:58 +0000] "GET /api/v2/inventory HTTP/1.1" 200 2101 "https://app.example.com/api" "axios/1.6.8 Node.js/20.12.2"
10.20.254.167 - - [10/Oct/2026:14:05:58 +0000] "GET /api/v2/users HTTP/1.1" 200 2303 "-" "okhttp/4.12.0"
10.20.81.145 - - [10/Oct/2026:14:05:58 +0000] "GET /api/v2/inventory HTTP/1.1" 200 11846 "https://example.com/" "Mozilla/5.0 (Macintosh; Intel Mac OS X 10_15_7) AppleWebKit/605.1.15 (KHTML, like Gecko) Version/17.4 Safari/605.1.15"
10.20.81.145 - - [10/Oct/2026:14:05:58 +0000] "GET /api/v2/inventory HTTP/1.1" 200 10868 "https://example.com/" "Mozilla/5.0 (X11; Linux x86_64; rv:125.0) Gecko/20100101 Firefox/125.0"
10.20.120.152 - - [10/Oct/2026:14:05:59 +0000] "GET /api/v2/search?q=shoes HTTP/1.1" 200 2402 "https://example.com/" "okhttp/4.12.0"
10.20.147.244 - - [10/Oct/2026:14:05:59 +0000] "GET /metrics HTTP/1.1" 200 906 "-" "Mozilla/5.0 (Windows NT 10.0; Win64; x64) AppleWebKit/537.36 (KHTML, like Gecko) Chrome/124.0.0.0 Safari/537.36"
10.20.169.182 - - [10/Oct/2026:14:05:59 +0000] "GET /api/v2/recommendations HTTP/1.1" 200 9005 "https://example.com/" "Mozilla/5.0 (Windows NT 10.0; Win64; x64) AppleWebKit/537.36 (KHTML, like Gecko) Chrome/124.0.0.0 Safari/537.36"
10.20.223.147 - - [10/Oct/2026:14:05:59 +0000] "GET /favicon.ico HTTP/1.1" 404 162 "https://app.example.com/api" "Mozilla/5.0 (Windows NT 10.0; Win64; x64) AppleWebKit/537.36 (KHTML, like Gecko) Chrome/124.0.0.0 Safari/537.36"
10.20.21.181 - - [10/Oct/2026:14:06:00 +0000] "GET /api/v2/inventory HTTP/1.1" 200 9741 "-" "Mozilla/5.0 (Windows NT 10.0; Win64; x64) AppleWebKit/537.36 (KHTML, like Gecko) Chrome/124.0.0.0 Safari/537.36"
10.20.55.95 - - [10/Oct/2026:14:06:00 +0000] "GET /favicon.ico HTTP/1.1" 404 162 "https://example.com/" "Mozilla/5.0 (Windows NT 10.0; Win64; x64) AppleWebKit/537.36 (KHTML, like Gecko) Chrome/124.0.0.0 Safari/537.36"
10.20.221.39 - - [10/Oct/2026:14:06:01 +0000] "GET /api/v2/recommendations HTTP/1.1" 200 5287 "https://example.com/" "Mozilla/5.0 (Macintosh; Intel Mac OS X 10_15_7) AppleWebKit/605.1.15 (KHTML, like Gecko) Version/17.4 Safari/605.1.15"
10.20.203.59 - - [10/Oct/2026:14:06:01 +0000] "GET /api/v2/products HTTP/1.1" 200 10330 "https://app.example.com/dashboard" "Mozilla/5.0 (Macintosh; Intel Mac OS X 10_15_7) AppleWebKit/605.1.15 (KHTML, like Gecko) Version/17.4 Safari/605.1.15"
10.20.203.59 - - [10/Oct/2026:14:06:02 +0000] "GET /metrics HTTP/1.1" 200 1637 "https://example.com/" "Mozilla/5.0 (Windows NT 10.0; Win64; x64) AppleWebKit/537.36 (KHTML, like Gecko) Chrome/124.0.0.0 Safari/537.36"
10.20.223.147 - - [10/Oct/2026:14:06:02 +0000] "PUT /api/v2/users/profile HTTP/1.1" 200 2053 "-" "okhttp/4.12.0"
10.20.194.223 - - [10/Oct/2026:14:06:03 +0000] "GET /metrics HTTP/1.1" 200 10816 "https://app.example.com/api" "okhttp/4.12.0"
10.20.57.170 - - [10/Oct/2026:14:06:03 +0000] "POST /api/v2/orders HTTP/1.1" 200 3398 "https://app.example.com/dashboard" "Mozilla/5.0 (X11; Linux x86_64; rv:125.0) Gecko/20100101 Firefox/125.0"
10.20.104.106 - - [10/Oct/2026:14:06:03 +0000] "GET /api/v2/notifications HTTP/1.1" 200 5793 "https://example.com/" "axios/1.6.8 Node.js/20.12.2"
10.20.249.205 - - [10/Oct/2026:14:06:04 +0000] "GET /metrics HTTP/1.1" 200 7498 "-" "Mozilla/5.0 (X11; Linux x86_64; rv:125.0) Gecko/20100101 Firefox/125.0"
10.20.254.167 - - [10/Oct/2026:14:06:04 +0000] "GET /api/v2/notifications HTTP/1.1" 200 7557 "-" "axios/1.6.8 Node.js/20.12.2"
10.20.174.154 - - [10/Oct/2026:14:06:04 +0000] "POST /api/v2/auth/login HTTP/1.1" 200 3518 "-" "Mozilla/5.0 (Windows NT 10.0; Win64; x64) AppleWebKit/537.36 (KHTML, like Gecko) Chrome/124.0.0.0 Safari/537.36"
10.20.14.145 - - [10/Oct/2026:14:06:04 +0000] "GET /api/v2/users HTTP/1.1" 200 3089 "https://app.example.com/dashboard" "Mozilla/5.0 (X11; Linux x86_64; rv:125.0) Gecko/20100101 Firefox/125.0"
10.20.163.90 - - [10/Oct/2026:14:06:04 +0000] "PUT /api/v2/users/profile HTTP/1.1" 200 2617 "-" "okhttp/4.12.0"
10.20.249.205 - - [10/Oct/2026:14:06:05 +0000] "GET /api/v2/products HTTP/1.1" 200 2735 "-" "Mozilla/5.0 (Windows NT 10.0; Win64; x64) AppleWebKit/537.36 (KHTML, like Gecko) Chrome/124.0.0.0 Safari/537.36"
10.20.134.192 - - [10/Oct/2026:14:06:05 +0000] "POST /api/v2/orders HTTP/1.1" 200 3451 "-" "okhttp/4.12.0"
10.20.203.59 - - [10/Oct/2026:14:06:05 +0000] "GET /api/v2/cart HTTP/1.1" 200 7362 "-" "Mozilla/5.0 (Macintosh; Intel Mac OS X 10_15_7) AppleWebKit/605.1.15 (KHTML, like Gecko) Version/17.4 Safari/605.1.15"
10.20.57.170 - - [10/Oct/2026:14:06:05 +0000] "GET /api/v2/notifications HTTP/1.1" 200 7483 "-" "Mozilla/5.0 (Windows NT 10.0; Win64; x64) AppleWebKit/537.36 (KHTML, like Gecko) Chrome/124.0.0.0 Safari/537.36"
10.20.160.157 - - [10/Oct/2026:14:06:05 +0000] "GET /api/v2/search?q=shoes HTTP/1.1" 200 10203 "https://app.example.com/dashboard" "Mozilla/5.0 (X11; Linux x86_64; rv:125.0) Gecko/20100101 Firefox/125.0"
10.20.73.25 - - [10/Oct/2026:14:06:06 +0000] "PUT /api/v2/users/profile HTTP/1.1" 200 7037 "https://app.example.com/dashboard" "okhttp/4.12.0"
10.20.147.244 - - [10/Oct/2026:14:06:06 +0000] "GET /favicon.ico HTTP/1.1" 404 162 "https://example.com/" "Mozilla/5.0 (X11; Linux x86_64; rv:125.0) Gecko/20100101 Firefox/125.0"
10.20.174.154 - - [10/Oct/2026:14:06:06 +0000] "GET /api/v2/search?q=shoes HTTP/1.1" 200 9937 "https://app.example.com/api" "Mozilla/5.0 (X11; Linux x86_64; rv:125.0) Gecko/20100101 Firefox/125.0"
10.20.73.25 - - [10/Oct/2026:14:06:07 +0000] "GET /api/v2/recommendations HTTP/1.1" 200 8334 "https://example.com/" "Mozilla/5.0 (Macintosh; Intel Mac OS X 10_15_7) AppleWebKit/605.1.15 (KHTML, like Gecko) Version/17.4 Safari/605.1.15"
10.20.152.152 - - [10/Oct/2026:14:06:07 +0000] "GET /api/v2/inventory HTTP/1.1" 200 3631 "https://example.com/" "axios/1.6.8 Node.js/20.12.2"
10.20.104.106 - - [10/Oct/2026:14:06:07 +0000] "GET /favicon.ico HTTP/1.1" 404 162 "https://app.example.com/api" "axios/1.6.8 Node.js/20.12.2"
10.20.81.145 - - [10/Oct/2026:14:06:08 +0000] "PUT /api/v2/users/profile HTTP/1.1" 200 9219 "https://app.example.com/api" "Mozilla/5.0 (Windows NT 10.0; Win64; x64) AppleWebKit/537.36 (KHTML, like Gecko) Chrome/124.0.0.0 Safari/537.36"
10.20.104.106 - - [10/Oct/2026:14:06:08 +0000] "PUT /api/v2/users/profile HTTP/1.1" 200 9668 "-" "okhttp/4.12.0"
10.20.223.147 - - [10/Oct/2026:14:06:09 +0000] "GET /favicon.ico HTTP/1.1" 404 162 "https://app.example.com/dashboard" "Mozilla/5.0 (Macintosh; Intel Mac OS X 10_15_7) AppleWebKit/605.1.15 (KHTML, like Gecko) Version/17.4 Safari/605.1.15"
10.20.4.184 - - [10/Oct/2026:14:06:09 +0000] "GET /api/v2/products HTTP/1.1" 200 5029 "https://app.example.com/api" "Mozilla/5.0 (Windows NT 10.0; Win64; x64) AppleWebKit/537.36 (KHTML, like Gecko) Chrome/124.0.0.0 Safari/537.36"
10.20.81.145 - - [10/Oct/2026:14:06:09 +0000] "GET /api/v2/search?q=shoes HTTP/1.1" 200 4913 "-" "Mozilla/5.0 (X11; Linux x86_64; rv:125.0) Gecko/20100101 Firefox/125.0"
10.20.174.154 - - [10/Oct/2026:14:06:09 +0000] "GET /api/v2/search?q=shoes HTTP/1.1" 200 6436 "https://app.example.com/api" "axios/1.6.8 Node.js/20.12.2"
10.20.68.206 - - [10/Oct/2026:14:06:10 +0000] "GET /api/v2/inventory HTTP/1.1" 200 1841 "-" "Mozilla/5.0 (Macintosh; Intel Mac OS X 10_15_7) AppleWebKit/605.1.15 (KHTML, like Gecko) Version/17.4 Safari/605.1.15"
10.20.206.135 - - [10/Oct/2026:14:06:10 +0000] "GET /api/v2/recommendations HTTP/1.1" 200 8046 "https://app.example.com/dashboard" "Mozilla/5.0 (X11; Linux x86_64; rv:125.0) Gecko/20100101 Firefox/125.0"
10.20.14.116 - - [10/Oct/2026:14:06:10 +0000] "GET /health HTTP/1.1" 200 10201 "https://example.com/" "axios/1.6.8 Node.js/20.12.2"
10.20.144.154 - - [10/Oct/2026:14:06:11 +0000] "GET /api/v2/notifications HTTP/1.1" 200 4798 "-" "okhttp/4.12.0"
10.20.81.145 - - [10/Oct/2026:14:06:11 +0000] "GET /api/v2/recommendations HTTP/1.1" 401 97 "https://example.com/" "okhttp/4.12.0"
10.20.122.103 - - [10/Oct/2026:14:06:11 +0000] "GET /api/v2/inventory HTTP/1.1" 200 1403 "https://app.example.com/dashboard" "okhttp/4.12.0"
10.20.58.94 - - [10/Oct/2026:14:06:11 +0000] "GET /health HTTP/1.1" 200 12000 "https://app.example.com/dashboard" "axios/1.6.8 Node.js/20.12.2"
10.20.76.119 - - [10/Oct/2026:14:06:11 +0000] "GET /favicon.ico HTTP/1.1" 404 162 "-" "okhttp/4.12.0"
10.20.55.95 - - [10/Oct/2026:14:06:12 +0000] "GET /favicon.ico HTTP/1.1" 404 162 "https://example.com/" "axios/1.6.8 Node.js/20.12.2"
10.20.58.94 - - [10/Oct/2026:14:06:12 +0000] "PUT /api/v2/users/profile HTTP/1.1" 200 8639 "https://example.com/" "okhttp/4.12.0"
10.20.122.103 - - [10/Oct/2026:14:06:12 +0000] "GET /api/v2/notifications HTTP/1.1" 200 5611 "https://app.example.com/dashboard" "Mozilla/5.0 (Windows NT 10.0; Win64; x64) AppleWebKit/537.36 (KHTML, like Gecko) Chrome/124.0.0.0 Safari/537.36"
10.20.134.192 - - [10/Oct/2026:14:06:12 +0000] "GET /api/v2/users HTTP/1.1" 200 6146 "https://app.example.com/api" "Mozilla/5.0 (Windows NT 10.0; Win64; x64) AppleWebKit/537.36 (KHTML, like Gecko) Chrome/124.0.0.0 Safari/537.36"
10.20.173.89 - - [10/Oct/2026:14:06:13 +0000] "GET /favicon.ico HTTP/1.1" 404 162 "https://app.example.com/api" "Mozilla/5.0 (X11; Linux x86_64; rv:125.0) Gecko/20100101 Firefox/125.0"
10.20.246.239 - - [10/Oct/2026:14:06:13 +0000] "GET /api/v2/cart HTTP/1.1" 200 2582 "https://example.com/" "Mozilla/5.0 (X11; Linux x86_64; rv:125.0) Gecko/20100101 Firefox/125.0"
10.20.152.152 - - [10/Oct/2026:14:06:13 +0000] "GET /favicon.ico HTTP/1.1" 404 162 "-" "Mozilla/5.0 (Windows NT 10.0; Win64; x64) AppleWebKit/537.36 (KHTML, like Gecko) Chrome/124.0.0.0 Safari/537.36"
10.20.194.223 - - [10/Oct/2026:14:06:13 +0000] "PUT /api/v2/users/profile HTTP/1.1" 200 6385 "https://app.example.com/api" "Mozilla/5.0 (Macintosh; Intel Mac OS X 10_15_7) AppleWebKit/605.1.15 (KHTML, like Gecko) Version/17.4 Safari/605.1.15"
10.20.122.103 - - [10/Oct/2026:14:06:14 +0000] "GET /api/v2/inventory HTTP/1.1" 200 10449 "https://example.com/" "Mozilla/5.0 (Macintosh; Intel Mac OS X 10_15_7) AppleWebKit/605.1.15 (KHTML, like Gecko) Version/17.4 Safari/605.1.15"
10.20.221.39 - - [10/Oct/2026:14:06:14 +0000] "POST /api/v2/auth/login HTTP/1.1" 200 9758 "https://app.example.com/dashboard" "Mozilla/5.0 (Windows NT 10.0; Win64; x64) AppleWebKit/537.36 (KHTML, like Gecko) Chrome/124.0.0.0 Safari/537.36"
10.20.206.135 - - [10/Oct/2026:14:06:14 +0000] "GET /api/v2/recommendations HTTP/1.1" 200 11303 "https://app.example.com/dashboard" "okhttp/4.12.0"
10.20.81.145 - - [10/Oct/2026:14:06:14 +0000] "POST /api/v2/orders HTTP/1.1" 200 5655 "https://app.example.com/dashboard" "okhttp/4.12.0"
10.20.246.239 - - [10/Oct/2026:14:06:14 +0000] "GET /metrics HTTP/1.1" 200 7546 "-" "Mozilla/5.0 (Windows NT 10.0; Win64; x64) AppleWebKit/537.36 (KHTML, like Gecko) Chrome/124.0.0.0 Safari/537.36"
10.20.73.25 - - [10/Oct/2026:14:06:15 +0000] "PUT /api/v2/users/profile HTTP/1.1" 200 10729 "https://app.example.com/api" "okhttp/4.12.0"
10.20.73.25 - - [10/Oct/2026:14:06:15 +0000] "GET /api/v2/users HTTP/1.1" 200 3734 "https://example.com/" "Mozilla/5.0 (X11; Linux x86_64; rv:125.0) Gecko/20100101 Firefox/125.0"
10.20.21.181 - - [10/Oct/2026:14:06:15 +0000] "GET /health HTTP/1.1" 200 10287 "https://app.example.com/api" "Mozilla/5.0 (X11; Linux x86_64; rv:125.0) Gecko/20100101 Firefox/125.0"
10.20.138.75 - - [10/Oct/2026:14:06:15 +0000] "PUT /api/v2/users/profile HTTP/1.1" 200 4834 "https://app.example.com/api" "axios/1.6.8 Node.js/20.12.2"
10.20.28.187 - - [10/Oct/2026:14:06:16 +0000] "GET /api/v2/search?q=shoes HTTP/1.1" 200 5381 "https://app.example.com/dashboard" "okhttp/4.12.0"
10.20.88.228 - - [10/Oct/2026:14:06:16 +0000] "GET /api/v2/cart HTTP/1.1" 200 11133 "https://example.com/" "okhttp/4.12.0"
10.20.193.163 - - [10/Oct/2026:14:06:16 +0000] "GET /api/v2/products HTTP/1.1" 200 5282 "https://app.example.com/dashboard" "okhttp/4.12.0"
10.20.174.154 - - [10/Oct/2026:14:06:16 +0000] "GET /api/v2/inventory HTTP/1.1" 200 5789 "https://app.example.com/api" "axios/1.6.8 Node.js/20.12.2"
10.20.120.152 - - [10/Oct/2026:14:06:17 +0000] "GET /metrics HTTP/1.1" 200 6369 "https://app.example.com/api" "Mozilla/5.0 (Macintosh; Intel Mac OS X 10_15_7) AppleWebKit/605.1.15 (KHTML, like Gecko) Version/17.4 Safari/605.1.15"
10.20.122.103 - - [10/Oct/2026:14:06:17 +0000] "GET /api/v2/users HTTP/1.1" 200 6613 "https://app.example.com/dashboard" "Mozilla/5.0 (X11; Linux x86_64; rv:125.0) Gecko/20100101 Firefox/125.0"
10.20.122.103 - - [10/Oct/2026:14:06:17 +0000] "GET /api/v2/inventory HTTP/1.1" 401 97 "https://app.example.com/api" "Mozilla/5.0 (X11; Linux x86_64; rv:125.0) Gecko/20100101 Firefox/125.0"
10.20.122.103 - - [10/Oct/2026:14:06:18 +0000] "GET /api/v2/cart HTTP/1.1" 200 8258 "-" "axios/1.6.8 Node.js/20.12.2"
10.20.194.223 - - [10/Oct/2026:14:06:18 +0000] "POST /api/v2/orders HTTP/1.1" 200 7196 "https://app.example.com/dashboard" "Mozilla/5.0 (Macintosh; Intel Mac OS X 10_15_7) AppleWebKit/605.1.15 (KHTML, like Gecko) Version/17.4 Safari/605.1.15"
10.20.18.146 - - [10/Oct/2026:14:06:18 +0000] "PUT /api/v2/users/profile HTTP/1.1" 200 8386 "https://app.example.com/api" "Mozilla/5.0 (Windows NT 10.0; Win64; x64) AppleWebKit/537.36 (KHTML, like Gecko) Chrome/124.0.0.0 Safari/537.36"
10.20.57.170 - - [10/Oct/2026:14:06:18 +0000] "GET /api/v2/search?q=shoes HTTP/1.1" 200 11095 "-" "Mozilla/5.0 (Macintosh; Intel Mac OS X 10_15_7) AppleWebKit/605.1.15 (KHTML, like Gecko) Version/17.4 Safari/605.1.15"
10.20.223.147 - - [10/Oct/2026:14:06:19 +0000] "GET /api/v2/users HTTP/1.1" 200 3517 "https://app.example.com/dashboard" "Mozilla/5.0 (Windows NT 10.0; Win64; x64) AppleWebKit/537.36 (KHTML, like Gecko) Chrome/124.0.0.0 Safari/537.36"
10.20.57.170 - - [10/Oct/2026:14:06:19 +0000] "GET /health HTTP/1.1" 200 6026 "https://app.example.com/api" "axios/1.6.8 Node.js/20.12.2"
10.20.73.25 - - [10/Oct/2026:14:06:20 +0000] "POST /api/v2/orders HTTP/1.1" 200 11448 "https://app.example.com/dashboard" "Mozilla/5.0 (Windows NT 10.0; Win64; x64) AppleWebKit/537.36 (KHTML, like Gecko) Chrome/124.0.0.0 Safari/537.36"
10.20.55.95 - - [10/Oct/2026:14:06:20 +0000] "GET /metrics HTTP/1.1" 200 6887 "https://example.com/" "axios/1.6.8 Node.js/20.12.2"
10.20.57.170 - - [10/Oct/2026:14:06:21 +0000] "PUT /api/v2/users/profile HTTP/1.1" 200 2172 "https://app.example.com/dashboard" "okhttp/4.12.0"
10.20.138.77 - - [10/Oct/2026:14:06:21 +0000] "GET /api/v2/inventory HTTP/1.1" 200 11959 "https://app.example.com/dashboard" "okhttp/4.12.0"
10.20.206.135 - - [10/Oct/2026:14:06:21 +0000] "GET /favicon.ico HTTP/1.1" 404 162 "https://app.example.com/dashboard" "okhttp/4.12.0"
10.20.169.182 - - [10/Oct/2026:14:06:22 +0000] "GET /api/v2/users HTTP/1.1" 200 2862 "https://app.example.com/api" "Mozilla/5.0 (Macintosh; Intel Mac OS X 10_15_7) AppleWebKit/605.1.15 (KHTML, like Gecko) Version/17.4 Safari/605.1.15"
10.20.221.39 - - [10/Oct/2026:14:06:22 +0000] "GET /api/v2/recommendations HTTP/1.1" 200 5367 "-" "axios/1.6.8 Node.js/20.12.2"
10.20.28.187 - - [10/Oct/2026:14:06:22 +0000] "GET /api/v2/inventory HTTP/1.1" 200 8956 "-" "Mozilla/5.0 (Windows NT 10.0; Win64; x64) AppleWebKit/537.36 (KHTML, like Gecko) Chrome/124.0.0.0 Safari/537.36"
10.20.152.152 - - [10/Oct/2026:14:06:22 +0000] "POST /api/v2/auth/login HTTP/1.1" 200 3926 "https://example.com/" "okhttp/4.12.0"
10.20.246.239 - - [10/Oct/2026:14:06:23 +0000] "PUT /api/v2/users/profile HTTP/1.1" 200 6491 "https://app.example.com/dashboard" "Mozilla/5.0 (X11; Linux x86_64; rv:125.0) Gecko/20100101 Firefox/125.0"
10.20.221.39 - - [10/Oct/2026:14:06:23 +0000] "POST /api/v2/orders HTTP/1.1" 200 8990 "https://app.example.com/dashboard" "Mozilla/5.0 (Macintosh; Intel Mac OS X 10_15_7) AppleWebKit/605.1.15 (KHTML, like Gecko) Version/17.4 Safari/605.1.15"
10.20.88.228 - - [10/Oct/2026:14:06:24 +0000] "GET /metrics HTTP/1.1" 200 2208 "https://app.example.com/dashboard" "axios/1.6.8 Node.js/20.12.2"
10.20.160.157 - - [10/Oct/2026:14:06:24 +0000] "GET /api/v2/cart HTTP/1.1" 200 6888 "-" "Mozilla/5.0 (X11; Linux x86_64; rv:125.0) Gecko/20100101 Firefox/125.0"
10.20.120.152 - - [10/Oct/2026:14:06:24 +0000] "GET /health HTTP/1.1" 200 11007 "https://app.example.com/api" "okhttp/4.12.0"
10.20.144.154 - - [10/Oct/2026:14:06:24 +0000] "PUT /api/v2/users/profile HTTP/1.1" 200 10209 "https://app.example.com/api" "axios/1.6.8 Node.js/20.12.2"
10.20.28.187 - - [10/Oct/2026:14:06:24 +0000] "POST /api/v2/orders HTTP/1.1" 200 11749 "https://app.example.com/api" "okhttp/4.12.0"
10.20.134.192 - - [10/Oct/2026:14:06:25 +0000] "POST /api/v2/orders HTTP/1.1" 200 11874 "-" "axios/1.6.8 Node.js/20.12.2"
10.20.249.205 - - [10/Oct/2026:14:06:25 +0000] "PUT /api/v2/users/profile HTTP/1.1" 401 97 "https://app.example.com/dashboard" "axios/1.6.8 Node.js/20.12.2"
10.20.194.223 - - [10/Oct/2026:14:06:25 +0000] "GET /api/v2/cart HTTP/1.1" 200 3403 "https://app.example.com/api" "Mozilla/5.0 (Macintosh; Intel Mac OS X 10_15_7) AppleWebKit/605.1.15 (KHTML, like Gecko) Version/17.4 Safari/605.1.15"
10.20.14.116 - - [10/Oct/2026:14:06:25 +0000] "GET /api/v2/users HTTP/1.1" 200 10847 "https://example.com/" "axios/1.6.8 Node.js/20.12.2"
10.20.193.163 - - [10/Oct/2026:14:06:26 +0000] "POST /api/v2/orders HTTP/1.1" 200 9832 "https://example.com/" "okhttp/4.12.0"
10.20.152.152 - - [10/Oct/2026:14:06:26 +0000] "GET /api/v2/inventory HTTP/1.1" 200 5568 "https://example.com/" "Mozilla/5.0 (Windows NT 10.0; Win64; x64) AppleWebKit/537.36 (KHTML, like Gecko) Chrome/124.0.0.0 Safari/537.36"
10.20.249.205 - - [10/Oct/2026:14:06:26 +0000] "GET /api/v2/inventory HTTP/1.1" 200 2896 "https://example.com/" "Mozilla/5.0 (Macintosh; Intel Mac OS X 10_15_7) AppleWebKit/605.1.15 (KHTML, like Gecko) Version/17.4 Safari/605.1.15"
10.20.57.170 - - [10/Oct/2026:14:06:26 +0000] "POST /api/v2/auth/login HTTP/1.1" 200 2938 "-" "Mozilla/5.0 (Windows NT 10.0; Win64; x64) AppleWebKit/537.36 (KHTML, like Gecko) Chrome/124.0.0.0 Safari/537.36"
10.20.144.154 - - [10/Oct/2026:14:06:26 +0000] "GET /api/v2/cart HTTP/1.1" 200 5163 "https://app.example.com/dashboard" "Mozilla/5.0 (Macintosh; Intel Mac OS X 10_15_7) AppleWebKit/605.1.15 (KHTML, like Gecko) Version/17.4 Safari/605.1.15"
10.20.144.154 - - [10/Oct/2026:14:06:27 +0000] "GET /api/v2/cart HTTP/1.1" 200 5797 "-" "Mozilla/5.0 (X11; Linux x86_64; rv:125.0) Gecko/20100101 Firefox/125.0"
10.20.134.192 - - [10/Oct/2026:14:06:27 +0000] "GET /api/v2/recommendations HTTP/1.1" 401 97 "https://app.example.com/api" "okhttp/4.12.0"
10.20.14.116 - - [10/Oct/2026:14:06:27 +0000] "GET /api/v2/inventory HTTP/1.1" 200 4620 "-" "Mozilla/5.0 (Macintosh; Intel Mac OS X 10_15_7) AppleWebKit/605.1.15 (KHTML, like Gecko) Version/17.4 Safari/605.1.15"
10.20.254.167 - - [10/Oct/2026:14:06:27 +0000] "GET /api/v2/users HTTP/1.1" 200 3879 "https://example.com/" "okhttp/4.12.0"
10.20.134.192 - - [10/Oct/2026:14:06:28 +0000] "PUT /api/v2/users/profile HTTP/1.1" 200 7211 "-" "Mozilla/5.0 (Macintosh; Intel Mac OS X 10_15_7) AppleWebKit/605.1.15 (KHTML, like Gecko) Version/17.4 Safari/605.1.15"
10.20.14.116 - - [10/Oct/2026:14:06:28 +0000] "GET /api/v2/recommendations HTTP/1.1" 401 97 "-" "Mozilla/5.0 (Windows NT 10.0; Win64; x64) AppleWebKit/537.36 (KHTML, like Gecko) Chrome/124.0.0.0 Safari/537.36"
10.20.194.223 - - [10/Oct/2026:14:06:28 +0000] "GET /api/v2/inventory HTTP/1.1" 200 3237 "https://example.com/" "Mozilla/5.0 (Macintosh; Intel Mac OS X 10_15_7) AppleWebKit/605.1.15 (KHTML, like Gecko) Version/17.4 Safari/605.1.15"
10.20.68.206 - - [10/Oct/2026:14:06:29 +0000] "POST /api/v2/orders HTTP/1.1" 200 4124 "https://example.com/" "okhttp/4.12.0"
10.20.58.94 - - [10/Oct/2026:14:06:29 +0000] "GET /api/v2/products HTTP/1.1" 200 3885 "https://app.example.com/api" "Mozilla/5.0 (Macintosh; Intel Mac OS X 10_15_7) AppleWebKit/605.1.15 (KHTML, like Gecko) Version/17.4 Safari/605.1.15"
