10.20.73.25 - - [10/Oct/2026:14:03:53 +0000] "GET /metrics HTTP/1.1" 200 968 "-" "Mozilla/5.0 (Windows NT 10.0; Win64; x64) AppleWebKit/537.36 (KHTML, like Gecko) Chrome/124.0.0.0 Safari/537.36"
10.20.147.244 - - [10/Oct/2026:14:03:53 +0000] "GET /favicon.ico HTTP/1.1" 404 162 "https://app.example.com/dashboard" "Mozilla/5.0 (Macintosh; Intel Mac OS X 10_15_7) AppleWebKit/605.1.15 (KHTML, like Gecko) Version/17.4 Safari/605.1.15"
10.20.249.205 - - [10/Oct/2026:14:03:54 +0000] "GET /api/v2/search?q=shoes HTTP/1.1" 200 6894 "https://app.example.com/api" "okhttp/4.12.0"
10.20.134.192 - - [10/Oct/2026:14:03:54 +0000] "GET /metrics HTTP/1.1" 200 8641 "https://app.example.com/dashboard" "okhttp/4.12.0"
10.20.73.25 - - [10/Oct/2026:14:03:54 +0000] "GET /api/v2/users HTTP/1.1" 200 9821 "https://app.example.com/api" "okhttp/4.12.0"
10.20.57.170 - - [10/Oct/2026:14:03:54 +0000] "PUT /api/v2/users/profile HTTP/1.1" 200 10957 "-" "Mozilla/5.0 (X11; Linux x86_64; rv:125.0) Gecko/20100101 Firefox/125.0"
10.20.194.223 - - [10/Oct/2026:14:03:54 +0000] "POST /api/v2/orders HTTP/1.1" 200 8679 "-" "okhttp/4.12.0"
10.20.122.103 - - [10/Oct/2026:14:03:55 +0000] "GET /api/v2/search?q=shoes HTTP/1.1" 200 5931 "https://app.example.com/dashboard" "okhttp/4.12.0"
10.20.57.170 - - [10/Oct/2026:14:03:55 +0000] "GET /api/v2/recommendations HTTP/1.1" 200 6296 "https://app.example.com/api" "okhttp/4.12.0"
10.20.193.163 - - [10/Oct/2026:14:03:55 +0000] "GET /api/v2/cart HTTP/1.1" 200 919 "https://example.com/" "Mozilla/5.0 (Macintosh; Intel Mac OS X 10_15_7) AppleWebKit/605.1.15 (KHTML, like Gecko) Version/17.4 Safari/605.1.15"
10.20.21.181 - - [10/Oct/2026:14:03:55 +0000] "GET /api/v2/products HTTP/1.1" 200 9856 "-" "Mozilla/5.0 (Macintosh; Intel Mac OS X 10_15_7) AppleWebKit/605.1.15 (KHTML, like Gecko) Version/17.4 Safari/605.1.15"
10.20.14.145 - - [10/Oct/2026:14:03:55 +0000] "GET /api/v2/recommendations HTTP/1.1" 200 6938 "https://example.com/" "Mozilla/5.0 (Windows NT 10.0; Win64; x64) AppleWebKit/537.36 (KHTML, like Gecko) Chrome/124.0.0.0 Safari/537.36"
10.20.76.119 - - [10/Oct/2026:14:03:56 +0000] "GET /metrics HTTP/1.1" 200 6317 "https://example.com/" "axios/1.6.8 Node.js/20.12.2"
10.20.163.90 - - [10/Oct/2026:14:03:56 +0000] "GET /api/v2/inventory HTTP/1.1" 200 7926 "https://app.example.com/api" "Mozilla/5.0 (Windows NT 10.0; Win64; x64) AppleWebKit/537.36 (KHTML, like Gecko) Chrome/124.0.0.0 Safari/537.36"
10.20.55.95 - - [10/Oct/2026:14:03:56 +0000] "POST /api/v2/orders HTTP/1.1" 200 10257 "https://example.com/" "okhttp/4.12.0"
10.20.14.116 - - [10/Oct/2026:14:03:56 +0000] "GET /health HTTP/1.1" 200 9271 "https://app.example.com/dashboard" "axios/1.6.8 Node.js/20.12.2"
10.20.174.154 - - [10/Oct/2026:14:03:57 +0000] "GET /api/v2/cart HTTP/1.1" 200 6451 "https://app.example.com/api" "axios/1.6.8 Node.js/20.12.2"
10.20.21.181 - - [10/Oct/2026:14:03:57 +0000] "GET /home HTTP/1.1" 301 335 "https://example.com/" "okhttp/4.12.0"
10.20.138.75 - - [10/Oct/2026:14:03:57 +0000] "GET /metrics HTTP/1.1" 200 11324 "https://app.example.com/dashboard" "Mozilla/5.0 (Windows NT 10.0; Win64; x64) AppleWebKit/537.36 (KHTML, like Gecko) Chrome/124.0.0.0 Safari/537.36"
10.20.246.239 - - [10/Oct/2026:14:03:58 +0000] "POST /api/v2/orders HTTP/1.1" 200 2563 "https://example.com/" "Mozilla/5.0 (X11; Linux x86_64; rv:125.0) Gecko/20100101 Firefox/125.0"
10.20.21.181 - - [10/Oct/2026:14:03:58 +0000] "PUT /api/v2/users/profile HTTP/1.1" 200 9636 "https://app.example.com/dashboard" "Mozilla/5.0 (X11; Linux x86_64; rv:125.0) Gecko/20100101 Firefox/125.0"
10.20.35.237 - - [10/Oct/2026:14:03:59 +0000] "POST /api/v2/orders HTTP/1.1" 200 4975 "-" "Mozilla/5.0 (Windows NT 10.0; Win64; x64) AppleWebKit/537.36 (KHTML, like Gecko) Chrome/124.0.0.0 Safari/537.36"
10.20.89.1 - - [10/Oct/2026:14:03:59 +0000] "GET /api/v2/recommendations HTTP/1.1" 200 7014 "https://app.example.com/dashboard" "axios/1.6.8 Node.js/20.12.2"
10.20.18.146 - - [10/Oct/2026:14:03:59 +0000] "GET /favicon.ico HTTP/1.1" 404 162 "-" "Mozilla/5.0 (Windows NT 10.0; Win64; x64) AppleWebKit/537.36 (KHTML, like Gecko) Chrome/124.0.0.0 Safari/537.36"
10.20.138.75 - - [10/Oct/2026:14:04:00 +0000] "GET /favicon.ico HTTP/1.1" 404 162 "https://app.example.com/api" "axios/1.6.8 Node.js/20.12.2"
10.20.254.167 - - [10/Oct/2026:14:04:00 +0000] "GET /favicon.ico HTTP/1.1" 404 162 "https://app.example.com/api" "Mozilla/5.0 (X11; Linux x86_64; rv:125.0) Gecko/20100101 Firefox/125.0"
10.20.223.147 - - [10/Oct/2026:14:04:01 +0000] "PUT /api/v2/users/profile HTTP/1.1" 200 9647 "https://app.example.com/dashboard" "axios/1.6.8 Node.js/20.12.2"
10.20.160.157 - - [10/Oct/2026:14:04:01 +0000] "POST /api/v2/auth/login HTTP/1.1" 200 1650 "https://app.example.com/api" "Mozilla/5.0 (Macintosh; Intel Mac OS X 10_15_7) AppleWebKit/605.1.15 (KHTML, like Gecko) Version/17.4 Safari/605.1.15"
10.20.57.170 - - [10/Oct/2026:14:04:01 +0000] "PUT /api/v2/users/profile HTTP/1.1" 200 8302 "https://app.example.com/dashboard" "axios/1.6.8 Node.js/20.12.2"
10.20.254.167 - - [10/Oct/2026:14:04:01 +0000] "GET /api/v2/users HTTP/1.1" 200 10432 "https://app.example.com/api" "okhttp/4.12.0"
10.20.120.152 - - [10/Oct/2026:14:04:01 +0000] "GET /health HTTP/1.1" 200 10119 "-" "Mozilla/5.0 (X11; Linux x86_64; rv:125.0) Gecko/20100101 Firefox/125.0"
10.20.35.237 - - [10/Oct/2026:14:04:02 +0000] "POST /api/v2/orders HTTP/1.1" 200 5811 "https://app.example.com/dashboard" "okhttp/4.12.0"
10.20.203.59 - - [10/Oct/2026:14:04:02 +0000] "GET /api/v2/notifications HTTP/1.1" 200 4080 "https://app.example.com/api" "Mozilla/5.0 (Windows NT 10.0; Win64; x64) AppleWebKit/537.36 (KHTML, like Gecko) Chrome/124.0.0.0 Safari/537.36"
10.20.194.223 - - [10/Oct/2026:14:04:03 +0000] "PUT /api/v2/users/profile HTTP/1.1" 200 5863 "https://app.example.com/dashboard" "Mozilla/5.0 (X11; Linux x86_64; rv:125.0) Gecko/20100101 Firefox/125.0"
10.20.223.147 - - [10/Oct/2026:14:04:03 +0000] "PUT /api/v2/users/profile HTTP/1.1" 200 1116 "https://app.example.com/api" "Mozilla/5.0 (X11; Linux x86_64; rv:125.0) Gecko/20100101 Firefox/125.0"
10.20.68.206 - - [10/Oct/2026:14:04:04 +0000] "GET /api/v2/products HTTP/1.1" 200 1305 "https://app.example.com/api" "axios/1.6.8 Node.js/20.12.2"
10.20.249.205 - - [10/Oct/2026:14:04:04 +0000] "POST /api/v2/orders HTTP/1.1" 200 8252 "https://app.example.com/dashboard" "axios/1.6.8 Node.js/20.12.2"
10.20.120.152 - - [10/Oct/2026:14:04:04 +0000] "GET /api/v2/cart HTTP/1.1" 200 7637 "https://app.example.com/dashboard" "axios/1.6.8 Node.js/20.12.2"
10.20.138.75 - - [10/Oct/2026:14:04:04 +0000] "GET /health HTTP/1.1" 200 958 "https://example.com/" "Mozilla/5.0 (Macintosh; Intel Mac OS X 10_15_7) AppleWebKit/605.1.15 (KHTML, like Gecko) Version/17.4 Safari/605.1.15"
10.20.55.95 - - [10/Oct/2026:14:04:05 +0000] "GET /metrics HTTP/1.1" 200 3735 "-" "axios/1.6.8 Node.js/20.12.2"
10.20.169.182 - - [10/Oct/2026:14:04:05 +0000] "GET /api/v2/notifications HTTP/1.1" 200 4259 "https://example.com/" "Mozilla/5.0 (X11; Linux x86_64; rv:125.0) Gecko/20100101 Firefox/125.0"
10.20.122.103 - - [10/Oct/2026:14:04:05 +0000] "GET /metrics HTTP/1.1" 200 3795 "https://app.example.com/api" "Mozilla/5.0 (Macintosh; Intel Mac OS X 10_15_7) AppleWebKit/605.1.15 (KHTML, like Gecko) Version/17.4 Safari/605.1.15"
10.20.160.157 - - [10/Oct/2026:14:04:06 +0000] "GET /api/v2/recommendations HTTP/1.1" 200 8936 "https://app.example.com/api" "Mozilla/5.0 (Macintosh; Intel Mac OS X 10_15_7) AppleWebKit/605.1.15 (KHTML, like Gecko) Version/17.4 Safari/605.1.15"
10.20.89.1 - - [10/Oct/2026:14:04:06 +0000] "POST /api/v2/orders HTTP/1.1" 200 2415 "-" "okhttp/4.12.0"
10.20.169.182 - - [10/Oct/2026:14:04:06 +0000] "GET /api/v2/recommendations HTTP/1.1" 200 5368 "https://app.example.com/api" "Mozilla/5.0 (Macintosh; Intel Mac OS X 10_15_7) AppleWebKit/605.1.15 (KHTML, like Gecko) Version/17.4 Safari/605.1.15"
10.20.18.146 - - [10/Oct/2026:14:04:06 +0000] "GET /metrics HTTP/1.1" 200 8522 "https://app.example.com/api" "axios/1.6.8 Node.js/20.12.2"
10.20.35.237 - - [10/Oct/2026:14:04:07 +0000] "POST /api/v2/auth/login HTTP/1.1" 200 4659 "https://example.com/" "Mozilla/5.0 (Windows NT 10.0; Win64; x64) AppleWebKit/537.36 (KHTML, like Gecko) Chrome/124.0.0.0 Safari/537.36"
10.20.194.223 - - [10/Oct/2026:14:04:07 +0000] "GET /api/v2/products HTTP/1.1" 200 3530 "https://app.example.com/dashboard" "okhttp/4.12.0"
10.20.21.181 - - [10/Oct/2026:14:04:07 +0000] "GET /api/v2/products HTTP/1.1" 200 1677 "https://example.com/" "axios/1.6.8 Node.js/20.12.2"
10.20.76.119 - - [10/Oct/2026:14:04:08 +0000] "GET /api/v2/products HTTP/1.1" 200 1631 "-" "Mozilla/5.0 (X11; Linux x86_64; rv:125.0) Gecko/20100101 Firefox/125.0"
10.20.55.95 - - [10/Oct/2026:14:04:08 +0000] "PUT /api/v2/users/profile HTTP/1.1" 200 9859 "https://app.example.com/api" "Mozilla/5.0 (Macintosh; Intel Mac OS X 10_15_7) AppleWebKit/605.1.15 (KHTML, like Gecko) Version/17.4 Safari/605.1.15"
10.20.134.192 - - [10/Oct/2026:14:04:08 +0000] "GET /api/v2/search?q=shoes HTTP/1.1" 200 5973 "https://example.com/" "Mozilla/5.0 (Macintosh; Intel Mac OS X 10_15_7) AppleWebKit/605.1.15 (KHTML, like Gecko) Version/17.4 Safari/605.1.15"
10.20.58.94 - - [10/Oct/2026:14:04:08 +0000] "POST /api/v2/auth/login HTTP/1.1" 200 8833 "https://app.example.com/api" "axios/1.6.8 Node.js/20.12.2"
10.20.221.39 - - [10/Oct/2026:14:04:09 +0000] "GET /api/v2/notifications HTTP/1.1" 200 7091 "-" "Mozilla/5.0 (Windows NT 10.0; Win64; x64) AppleWebKit/537.36 (KHTML, like Gecko) Chrome/124.0.0.0 Safari/537.36"
10.20.138.75 - - [10/Oct/2026:14:04:09 +0000] "POST /api/v2/orders HTTP/1.1" 200 1311 "https://example.com/" "Mozilla/5.0 (Windows NT 10.0; Win64; x64) AppleWebKit/537.36 (KHTML, like Gecko) Chrome/124.0.0.0 Safari/537.36"
10.20.163.90 - - [10/Oct/2026:14:04:09 +0000] "GET /api/v2/notifications HTTP/1.1" 200 7457 "https://example.com/" "Mozilla/5.0 (Macintosh; Intel Mac OS X 10_15_7) AppleWebKit/605.1.15 (KHTML, like Gecko) Version/17.4 Safari/605.1.15"
10.20.35.237 - - [10/Oct/2026:14:04:10 +0000] "GET /api/v2/recommendations HTTP/1.1" 200 4023 "-" "Mozilla/5.0 (Macintosh; Intel Mac OS X 10_15_7) AppleWebKit/605.1.15 (KHTML, like Gecko) Version/17.4 Safari/605.1.15"
10.20.144.154 - - [10/Oct/2026:14:04:10 +0000] "GET /metrics HTTP/1.1" 200 2408 "-" "okhttp/4.12.0"
10.20.246.239 - - [10/Oct/2026:14:04:11 +0000] "GET /health HTTP/1.1" 200 10011 "https://app.example.com/api" "Mozilla/5.0 (Windows NT 10.0; Win64; x64) AppleWebKit/537.36 (KHTML, like Gecko) Chrome/124.0.0.0 Safari/537.36"
10.20.81.145 - - [10/Oct/2026:14:04:11 +0000] "POST /api/v2/auth/login HTTP/1.1" 200 4035 "-" "Mozilla/5.0 (Windows NT 10.0; Win64; x64) AppleWebKit/537.36 (KHTML, like Gecko) Chrome/124.0.0.0 Safari/537.36"
10.20.134.192 - - [10/Oct/2026:14:04:11 +0000] "GET /api/v2/cart HTTP/1.1" 200 9680 "-" "Mozilla/5.0 (X11; Linux x86_64; rv:125.0) Gecko/20100101 Firefox/125.0"
10.20.14.145 - - [10/Oct/2026:14:04:11 +0000] "PUT /api/v2/users/profile HTTP/1.1" 200 1487 "https://app.example.com/api" "Mozilla/5.0 (X11; Linux x86_64; rv:125.0) Gecko/20100101 Firefox/125.0"
10.20.89.1 - - [10/Oct/2026:14:04:11 +0000] "POST /api/v2/orders HTTP/1.1" 200 6240 "-" "okhttp/4.12.0"
10.20.194.223 - - [10/Oct/2026:14:04:12 +0000] "GET /api/v2/inventory HTTP/1.1" 200 5880 "https://example.com/" "Mozilla/5.0 (Windows NT 10.0; Win64; x64) AppleWebKit/537.36 (KHTML, like Gecko) Chrome/124.0.0.0 Safari/537.36"
10.20.57.170 - - [10/Oct/2026:14:04:12 +0000] "POST /api/v2/auth/login HTTP/1.1" 200 9334 "-" "Mozilla/5.0 (Macintosh; Intel Mac OS X 10_15_7) AppleWebKit/605.1.15 (KHTML, like Gecko) Version/17.4 Safari/605.1.15"
10.20.104.106 - - [10/Oct/2026:14:04:13 +0000] "PUT /api/v2/users/profile HTTP/1.1" 200 7681 "-" "okhttp/4.12.0"
10.20.249.205 - - [10/Oct/2026:14:04:13 +0000] "GET /metrics HTTP/1.1" 200 10877 "https://app.example.com/dashboard" "Mozilla/5.0 (X11; Linux x86_64; rv:125.0) Gecko/20100101 Firefox/125.0"
10.20.73.25 - - [10/Oct/2026:14:04:13 +0000] "GET /api/v2/users HTTP/1.1" 200 7025 "https://app.example.com/api" "axios/1.6.8 Node.js/20.12.2"
10.20.81.145 - - [10/Oct/2026:14:04:14 +0000] "GET /api/v2/users HTTP/1.1" 200 6557 "https://app.example.com/dashboard" "Mozilla/5.0 (Windows NT 10.0; Win64; x64) AppleWebKit/537.36 (KHTML, like Gecko) Chrome/124.0.0.0 Safari/537.36"
10.20.138.77 - - [10/Oct/2026:14:04:14 +0000] "POST /api/v2/orders HTTP/1.1" 200 2887 "https://app.example.com/dashboard" "Mozilla/5.0 (X11; Linux x86_64; rv:125.0) Gecko/20100101 Firefox/125.0"
10.20.68.206 - - [10/Oct/2026:14:04:14 +0000] "GET /api/v2/inventory HTTP/1.1" 200 2397 "https://app.example.com/api" "axios/1.6.8 Node.js/20.12.2"
10.20.55.95 - - [10/Oct/2026:14:04:14 +0000] "GET /favicon.ico HTTP/1.1" 404 162 "-" "Mozilla/5.0 (X11; Linux x86_64; rv:125.0) Gecko/20100101 Firefox/125.0"
10.20.122.103 - - [10/Oct/2026:14:04:14 +0000] "GET /home HTTP/1.1" 301 140 "-" "Mozilla/5.0 (X11; Linux x86_64; rv:125.0) Gecko/20100101 Firefox/125.0"
10.20.246.239 - - [10/Oct/2026:14:04:15 +0000] "GET /api/v2/recommendations HTTP/1.1" 200 10115 "https://example.com/" "Mozilla/5.0 (Windows NT 10.0; Win64; x64) AppleWebKit/537.36 (KHTML, like Gecko) Chrome/124.0.0.0 Safari/537.36"
10.20.4.184 - - [10/Oct/2026:14:04:15 +0000] "GET /api/v2/cart HTTP/1.1" 200 4886 "https://app.example.com/dashboard" "Mozilla/5.0 (X11; Linux x86_64; rv:125.0) Gecko/20100101 Firefox/125.0"
10.20.35.237 - - [10/Oct/2026:14:04:15 +0000] "POST /api/v2/orders HTTP/1.1" 401 97 "https://app.example.com/dashboard" "axios/1.6.8 Node.js/20.12.2"
10.20.163.90 - - [10/Oct/2026:14:04:15 +0000] "GET /api/v2/cart HTTP/1.1" 200 8794 "https://app.example.com/api" "Mozilla/5.0 (Windows NT 10.0; Win64; x64) AppleWebKit/537.36 (KHTML, like Gecko) Chrome/124.0.0.0 Safari/537.36"
10.20.18.146 - - [10/Oct/2026:14:04:16 +0000] "GET /metrics HTTP/1.1" 200 10534 "-" "Mozilla/5.0 (X11; Linux x86_64; rv:125.0) Gecko/20100101 Firefox/125.0"
10.20.104.106 - - [10/Oct/2026:14:04:16 +0000] "GET /metrics HTTP/1.1" 200 10295 "https://app.example.com/dashboard" "okhttp/4.12.0"
10.20.81.145 - - [10/Oct/2026:14:04:16 +0000] "PUT /api/v2/users/profile HTTP/1.1" 200 4679 "https://app.example.com/dashboard" "Mozilla/5.0 (X11; Linux x86_64; rv:125.0) Gecko/20100101 Firefox/125.0"
10.20.4.184 - - [10/Oct/2026:14:04:17 +0000] "GET /api/v2/search?q=shoes HTTP/1.1" 200 3407 "https://app.example.com/api" "Mozilla/5.0 (Windows NT 10.0; Win64; x64) AppleWebKit/537.36 (KHTML, like Gecko) Chrome/124.0.0.0 Safari/537.36"
10.20.28.187 - - [10/Oct/2026:14:04:17 +0000] "PUT /api/v2/users/profile HTTP/1.1" 200 4340 "https://app.example.com/dashboard" "okhttp/4.12.0"
10.20.206.135 - - [10/Oct/2026:14:04:17 +0000] "GET /api/v2/products HTTP/1.1" 200 8811 "https://example.com/" "Mozilla/5.0 (X11; Linux x86_64; rv:125.0) Gecko/20100101 Firefox/125.0"
10.20.146.74 - - [10/Oct/2026:14:04:18 +0000] "GET /api/v2/users HTTP/1.1" 200 1031 "https://app.example.com/api" "Mozilla/5.0 (Windows NT 10.0; Win64; x64) AppleWebKit/537.36 (KHTML, like Gecko) Chrome/124.0.0.0 Safari/537.36"
10.20.18.146 - - [10/Oct/2026:14:04:18 +0000] "GET /api/v2/notifications HTTP/1.1" 200 11423 "-" "Mozilla/5.0 (Macintosh; Intel Mac OS X 10_15_7) AppleWebKit/605.1.15 (KHTML, like Gecko) Version/17.4 Safari/605.1.15"
10.20.203.59 - - [10/Oct/2026:14:04:19 +0000] "PUT /api/v2/users/profile HTTP/1.1" 200 1678 "https://app.example.com/api" "okhttp/4.12.0"
10.20.122.103 - - [10/Oct/2026:14:04:19 +0000] "POST /api/v2/orders HTTP/1.1" 401 97 "https://example.com/" "okhttp/4.12.0"
10.20.223.147 - - [10/Oct/2026:14:04:19 +0000] "GET /api/v2/notifications HTTP/1.1" 200 5863 "-" "Mozilla/5.0 (X11; Linux x86_64; rv:125.0) Gecko/20100101 Firefox/125.0"
10.20.174.154 - - [10/Oct/2026:14:04:19 +0000] "GET /favicon.ico HTTP/1.1" 404 162 "https://app.example.com/dashboard" "axios/1.6.8 Node.js/20.12.2"
10.20.120.152 - - [10/Oct/2026:14:04:19 +0000] "POST /api/v2/auth/login HTTP/1.1" 200 2104 "https://app.example.com/api" "Mozilla/5.0 (Macintosh; Intel Mac OS X 10_15_7) AppleWebKit/605.1.15 (KHTML, like Gecko) Version/17.4 Safari/605.1.15"
10.20.223.147 - - [10/Oct/2026:14:04:20 +0000] "GET /api/v2/recommendations HTTP/1.1" 200 6967 "https://app.example.com/api" "Mozilla/5.0 (X11; Linux x86_64; rv:125.0) Gecko/20100101 Firefox/125.0"
10.20.35.237 - - [10/Oct/2026:14:04:20 +0000] "GET /api/v2/notifications HTTP/1.1" 200 1905 "https://example.com/" "axios/1.6.8 Node.js/20.12.2"
10.20.144.154 - - [10/Oct/2026:14:04:20 +0000] "POST /api/v2/orders HTTP/1.1" 200 8312 "-" "Mozilla/5.0 (Windows NT 10.0; Win64; x64) AppleWebKit/537.36 (KHTML, like Gecko) Chrome/124.0.0.0 Safari/537.36"
10.20.246.239 - - [10/Oct/2026:14:04:21 +0000] "PUT /api/v2/users/profile HTTP/1.1" 200 4177 "https://app.example.com/api" "Mozilla/5.0 (X11; Linux x86_64; rv:125.0) Gecko/20100101 Firefox/125.0"
10.20.35.237 - - [10/Oct/2026:14:04:21 +0000] "GET /api/v2/notifications HTTP/1.1" 200 4071 "https://app.example.com/dashboard" "Mozilla/5.0 (Windows NT 10.0; Win64; x64) AppleWebKit/537.36 (KHTML, like Gecko) Chrome/124.0.0.0 Safari/537.36"
10.20.138.77 - - [10/Oct/2026:14:04:22 +0000] "GET /api/v2/products HTTP/1.1" 200 10593 "-" "Mozilla/5.0 (Macintosh; Intel Mac OS X 10_15_7) AppleWebKit/605.1.15 (KHTML, like Gecko) Version/17.4 Safari/605.1.15"
10.20.88.228 - - [10/Oct/2026:14:04:22 +0000] "PUT /api/v2/users/profile HTTP/1.1" 200 2866 "https://example.com/" "okhttp/4.12.0"
10.20.57.170 - - [10/Oct/2026:14:04:22 +0000] "GET /api/v2/inventory HTTP/1.1" 200 845 "https://example.com/" "okhttp/4.12.0"
10.20.14.116 - - [10/Oct/2026:14:04:23 +0000] "PUT /api/v2/users/profile HTTP/1.1" 200 11228 "-" "Mozilla/5.0 (Windows NT 10.0; Win64; x64) AppleWebKit/537.36 (KHTML, like Gecko) Chrome/124.0.0.0 Safari/537.36"
10.20.104.106 - - [10/Oct/2026:14:04:23 +0000] "GET /api/v2/recommendations HTTP/1.1" 401 97 "https://app.example.com/api" "Mozilla/5.0 (Macintosh; Intel Mac OS X 10_15_7) AppleWebKit/605.1.15 (KHTML, like Gecko) Version/17.4 Safari/605.1.15"
10.20.14.116 - - [10/Oct/2026:14:04:23 +0000] "GET /api/v2/cart HTTP/1.1" 200 6439 "https://example.com/" "Mozilla/5.0 (Windows NT 10.0; Win64; x64) AppleWebKit/537.36 (KHTML, like Gecko) Chrome/124.0.0.0 Safari/537.36"
10.20.146.74 - - [10/Oct/2026:14:04:23 +0000] "GET /api/v2/search?q=shoes HTTP/1.1" 200 5802 "https://app.example.com/dashboard" "okhttp/4.12.0"
10.20.138.75 - - [10/Oct/2026:14:04:23 +0000] "GET /api/v2/inventory HTTP/1.1" 200 11281 "-" "Mozilla/5.0 (Windows NT 10.0; Win64; x64) AppleWebKit/537.36 (KHTML, like Gecko) Chrome/124.0.0.0 Safari/537.36"
10.20.76.119 - - [10/Oct/2026:14:04:24 +0000] "GET /api/v2/notifications HTTP/1.1" 200 6087 "-" "Mozilla/5.0 (Macintosh; Intel Mac OS X 10_15_7) AppleWebKit/605.1.15 (KHTML, like Gecko) Version/17.4 Safari/605.1.15"
10.20.35.237 - - [10/Oct/2026:14:04:24 +0000] "GET /metrics HTTP/1.1" 200 6275 "https://app.example.com/dashboard" "Mozilla/5.0 (Macintosh; Intel Mac OS X 10_15_7) AppleWebKit/605.1.15 (KHTML, like Gecko) Version/17.4 Safari/605.1.15"
10.20.58.94 - - [10/Oct/2026:14:04:24 +0000] "GET /api/v2/cart HTTP/1.1" 200 6909 "https://app.example.com/api" "okhttp/4.12.0"
10.20.249.205 - - [10/Oct/2026:14:04:24 +0000] "GET /api/v2/products HTTP/1.1" 200 10777 "https://app.example.com/api" "okhttp/4.12.0"
10.20.138.77 - - [10/Oct/2026:14:04:24 +0000] "PUT /api/v2/users/profile HTTP/1.1" 200 3276 "https://app.example.com/api" "axios/1.6.8 Node.js/20.12.2"
10.20.14.116 - - [10/Oct/2026:14:04:25 +0000] "POST /api/v2/auth/login HTTP/1.1" 200 1596 "https://example.com/" "Mozilla/5.0 (X11; Linux x86_64; rv:125.0) Gecko/20100101 Firefox/125.0"
10.20.193.163 - - [10/Oct/2026:14:04:25 +0000] "POST /api/v2/auth/login HTTP/1.1" 200 7998 "https://app.example.com/api" "Mozilla/5.0 (X11; Linux x86_64; rv:125.0) Gecko/20100101 Firefox/125.0"
10.20.169.182 - - [10/Oct/2026:14:04:25 +0000] "GET /health HTTP/1.1" 200 2959 "https://app.example.com/dashboard" "axios/1.6.8 Node.js/20.12.2"
10.20.14.145 - - [10/Oct/2026:14:04:25 +0000] "GET /api/v2/recommendations HTTP/1.1" 200 4485 "https://app.example.com/api" "Mozilla/5.0 (X11; Linux x86_64; rv:125.0) Gecko/20100101 Firefox/125.0"
10.20.221.39 - - [10/Oct/2026:14:04:26 +0000] "GET /api/v2/products HTTP/1.1" 200 10439 "https://app.example.com/dashboard" "axios/1.6.8 Node.js/20.12.2"
10.20.221.39 - - [10/Oct/2026:14:04:26 +0000] "GET /api/v2/cart HTTP/1.1" 401 97 "-" "Mozilla/5.0 (Windows NT 10.0; Win64; x64) AppleWebKit/537.36 (KHTML, like Gecko) Chrome/124.0.0.0 Safari/537.36"
10.20.57.170 - - [10/Oct/2026:14:04:26 +0000] "GET /api/v2/search?q=shoes HTTP/1.1" 200 9232 "https://app.example.com/dashboard" "Mozilla/5.0 (X11; Linux x86_64; rv:125.0) Gecko/20100101 Firefox/125.0"
10.20.203.59 - - [10/Oct/2026:14:04:26 +0000] "GET /api/v2/notifications HTTP/1.1" 200 2113 "https://example.com/" "okhttp/4.12.0"
10.20.58.94 - - [10/Oct/2026:14:04:27 +0000] "GET /favicon.ico HTTP/1.1" 404 162 "https://example.com/" "Mozilla/5.0 (Macintosh; Intel Mac OS X 10_15_7) AppleWebKit/605.1.15 (KHTML, like Gecko) Version/17.4 Safari/605.1.15"
10.20.249.205 - - [10/Oct/2026:14:04:27 +0000] "GET /api/v2/notifications HTTP/1.1" 200 1537 "https://app.example.com/api" "Mozilla/5.0 (Windows NT 10.0; Win64; x64) AppleWebKit/537.36 (KHTML, like Gecko) Chrome/124.0.0.0 Safari/537.36"
10.20.4.184 - - [10/Oct/2026:14:04:27 +0000] "POST /api/v2/orders HTTP/1.1" 200 5353 "https://example.com/" "okhttp/4.12.0"
10.20.122.103 - - [10/Oct/2026:14:04:27 +0000] "PUT /api/v2/users/profile HTTP/1.1" 200 11034 "https://app.example.com/dashboard" "okhttp/4.12.0"
10.20.147.244 - - [10/Oct/2026:14:04:27 +0000] "GET /favicon.ico HTTP/1.1" 404 162 "https://app.example.com/api" "okhttp/4.12.0"
10.20.152.152 - - [10/Oct/2026:14:04:28 +0000] "GET /metrics HTTP/1.1" 200 7115 "https://example.com/" "axios/1.6.8 Node.js/20.12.2"
10.20.169.182 - - [10/Oct/2026:14:04:28 +0000] "PUT /api/v2/users/profile HTTP/1.1" 200 3655 "https://app.example.com/api" "Mozilla/5.0 (Macintosh; Intel Mac OS X 10_15_7) AppleWebKit/605.1.15 (KHTML, like Gecko) Version/17.4 Safari/605.1.15"
10.20.246.239 - - [10/Oct/2026:14:04:29 +0000] "GET /health HTTP/1.1" 200 11800 "https://example.com/" "Mozilla/5.0 (X11; Linux x86_64; rv:125.0) Gecko/20100101 Firefox/125.0"
10.20.146.74 - - [10/Oct/2026:14:04:29 +0000] "GET /health HTTP/1.1" 200 2258 "https://app.example.com/dashboard" "okhttp/4.12.0"
10.20.18.146 - - [10/Oct/2026:14:04:29 +0000] "GET /api/v2/cart HTTP/1.1" 200 1295 "https://app.example.com/dashboard" "okhttp/4.12.0"
10.20.169.182 - - [10/Oct/2026:14:04:30 +0000] "GET /api/v2/inventory HTTP/1.1" 200 6642 "-" "okhttp/4.12.0"
10.20.21.181 - - [10/Oct/2026:14:04:30 +0000] "GET /api/v2/search?q=shoes HTTP/1.1" 200 8835 "https://app.example.com/dashboard" "axios/1.6.8 Node.js/20.12.2"
10.20.120.152 - - [10/Oct/2026:14:04:30 +0000] "GET /api/v2/cart HTTP/1.1" 200 2444 "https://app.example.com/dashboard" "Mozilla/5.0 (Windows NT 10.0; Win64; x64) AppleWebKit/537.36 (KHTML, like Gecko) Chrome/124.0.0.0 Safari/537.36"
10.20.57.170 - - [10/Oct/2026:14:04:30 +0000] "GET /api/v2/recommendations HTTP/1.1" 200 5437 "https://example.com/" "okhttp/4.12.0"
10.20.14.116 - - [10/Oct/2026:14:04:31 +0000] "GET /health HTTP/1.1" 200 4725 "https://app.example.com/api" "Mozilla/5.0 (X11; Linux x86_64; rv:125.0) Gecko/20100101 Firefox/125.0"
10.20.174.154 - - [10/Oct/2026:14:04:31 +0000] "GET /health HTTP/1.1" 200 10565 "https://app.example.com/dashboard" "Mozilla/5.0 (Macintosh; Intel Mac OS X 10_15_7) AppleWebKit/605.1.15 (KHTML, like Gecko) Version/17.4 Safari/605.1.15"
10.20.14.145 - - [10/Oct/2026:14:04:32 +0000] "POST /api/v2/orders HTTP/1.1" 200 6151 "https://app.example.com/dashboard" "Mozilla/5.0 (Macintosh; Intel Mac OS X 10_15_7) AppleWebKit/605.1.15 (KHTML, like Gecko) Version/17.4 Safari/605.1.15"
10.20.89.1 - - [10/Oct/2026:14:04:32 +0000] "GET /api/v2/users HTTP/1.1" 200 1979 "https://example.com/" "Mozilla/5.0 (X11; Linux x86_64; rv:125.0) Gecko/20100101 Firefox/125.0"
10.20.89.1 - - [10/Oct/2026:14:04:32 +0000] "GET /api/v2/recommendations HTTP/1.1" 200 934 "https://app.example.com/dashboard" "Mozilla/5.0 (Windows NT 10.0; Win64; x64) AppleWebKit/537.36 (KHTML, like Gecko) Chrome/124.0.0.0 Safari/537.36"
10.20.138.77 - - [10/Oct/2026:14:04:32 +0000] "GET /api/v2/users HTTP/1.1" 200 1530 "https://app.example.com/dashboard" "Mozilla/5.0 (Windows NT 10.0; Win64; x64) AppleWebKit/537.36 (KHTML, like Gecko) Chrome/124.0.0.0 Safari/537.36"
10.20.173.89 - - [10/Oct/2026:14:04:32 +0000] "GET /favicon.ico HTTP/1.1" 404 162 "https://app.example.com/dashboard" "okhttp/4.12.0"
10.20.14.145 - - [10/Oct/2026:14:04:33 +0000] "GET /health HTTP/1.1" 200 11838 "https://example.com/" "okhttp/4.12.0"
10.20.21.181 - - [10/Oct/2026:14:04:33 +0000] "GET /api/v2/inventory HTTP/1.1" 200 1569 "https://app.example.com/api" "Mozilla/5.0 (X11; Linux x86_64; rv:125.0) Gecko/20100101 Firefox/125.0"
10.20.174.154 - - [10/Oct/2026:14:04:33 +0000] "POST /api/v2/orders HTTP/1.1" 200 6323 "https://example.com/" "Mozilla/5.0 (Macintosh; Intel Mac OS X 10_15_7) AppleWebKit/605.1.15 (KHTML, like Gecko) Version/17.4 Safari/605.1.15"
10.20.88.228 - - [10/Oct/2026:14:04:33 +0000] "GET /api/v2/cart HTTP/1.1" 200 7500 "https://app.example.com/dashboard" "Mozilla/5.0 (Macintosh; Intel Mac OS X 10_15_7) AppleWebKit/605.1.15 (KHTML, like Gecko) Version/17.4 Safari/605.1.15"
10.20.28.187 - - [10/Oct/2026:14:04:34 +0000] "GET /health HTTP/1.1" 200 6426 "https://app.example.com/dashboard" "okhttp/4.12.0"
10.20.144.154 - - [10/Oct/2026:14:04:34 +0000] "GET /api/v2/inventory HTTP/1.1" 200 1700 "https://app.example.com/api" "axios/1.6.8 Node.js/20.12.2"
10.20.89.1 - - [10/Oct/2026:14:04:34 +0000] "GET /api/v2/products HTTP/1.1" 200 2077 "https://app.example.com/dashboard" "okhttp/4.12.0"
10.20.138.75 - - [10/Oct/2026:14:04:34 +0000] "POST /api/v2/orders HTTP/1.1" 200 2564 "https://example.com/" "Mozilla/5.0 (Windows NT 10.0; Win64; x64) AppleWebKit/537.36 (KHTML, like Gecko) Chrome/124.0.0.0 Safari/537.36"
10.20.89.1 - - [10/Oct/2026:14:04:34 +0000] "GET /api/v2/cart HTTP/1.1" 200 2001 "-" "Mozilla/5.0 (X11; Linux x86_64; rv:125.0) Gecko/20100101 Firefox/125.0"
10.20.14.116 - - [10/Oct/2026:14:04:35 +0000] "GET /api/v2/recommendations HTTP/1.1" 200 4723 "-" "Mozilla/5.0 (Macintosh; Intel Mac OS X 10_15_7) AppleWebKit/605.1.15 (KHTML, like Gecko) Version/17.4 Safari/605.1.15"
10.20.4.184 - - [10/Oct/2026:14:04:35 +0000] "GET /api/v2/search?q=shoes HTTP/1.1" 200 7849 "-" "axios/1.6.8 Node.js/20.12.2"
10.20.81.145 - - [10/Oct/2026:14:04:36 +0000] "GET /api/v2/recommendations HTTP/1.1" 200 1654 "https://app.example.com/api" "okhttp/4.12.0"
10.20.120.152 - - [10/Oct/2026:14:04:36 +0000] "GET /api/v2/users HTTP/1.1" 200 3232 "https://example.com/" "Mozilla/5.0 (Windows NT 10.0; Win64; x64) AppleWebKit/537.36 (KHTML, like Gecko) Chrome/124.0.0.0 Safari/537.36"
10.20.104.106 - - [10/Oct/2026:14:04:37 +0000] "GET /api/v2/products HTTP/1.1" 200 11042 "-" "Mozilla/5.0 (Macintosh; Intel Mac OS X 10_15_7) AppleWebKit/605.1.15 (KHTML, like Gecko) Version/17.4 Safari/605.1.15"
10.20.35.237 - - [10/Oct/2026:14:04:37 +0000] "PUT /api/v2/users/profile HTTP/1.1" 200 9270 "-" "Mozilla/5.0 (Windows NT 10.0; Win64; x64) AppleWebKit/537.36 (KHTML, like Gecko) Chrome/124.0.0.0 Safari/537.36"
10.20.14.116 - - [10/Oct/2026:14:04:37 +0000] "GET /api/v2/search?q=shoes HTTP/1.1" 200 9938 "https://app.example.com/dashboard" "axios/1.6.8 Node.js/20.12.2"
10.20.88.228 - - [10/Oct/2026:14:04:38 +0000] "GET /api/v2/cart HTTP/1.1" 200 10110 "-" "Mozilla/5.0 (Windows NT 10.0; Win64; x64) AppleWebKit/537.36 (KHTML, like Gecko) Chrome/124.0.0.0 Safari/537.36"
10.20.206.135 - - [10/Oct/2026:14:04:38 +0000] "POST /api/v2/auth/login HTTP/1.1" 200 1337 "https://app.example.com/api" "axios/1.6.8 Node.js/20.12.2"
10.20.194.223 - - [10/Oct/2026:14:04:38 +0000] "GET /api/v2/recommendations HTTP/1.1" 200 3791 "https://app.example.com/api" "Mozilla/5.0 (Windows NT 10.0; Win64; x64) AppleWebKit/537.36 (KHTML, like Gecko) Chrome/124.0.0.0 Safari/537.36"
10.20.88.228 - - [10/Oct/2026:14:04:38 +0000] "GET /api/v2/notifications HTTP/1.1" 200 11508 "-" "Mozilla/5.0 (X11; Linux x86_64; rv:125.0) Gecko/20100101 Firefox/125.0"
10.20.223.147 - - [10/Oct/2026:14:04:38 +0000] "GET /api/v2/inventory HTTP/1.1" 200 10014 "https://app.example.com/dashboard" "Mozilla/5.0 (X11; Linux x86_64; rv:125.0) Gecko/20100101 Firefox/125.0"
10.20.254.167 - - [10/Oct/2026:14:04:39 +0000] "GET /home HTTP/1.1" 301 340 "https://example.com/" "Mozilla/5.0 (Macintosh; Intel Mac OS X 10_15_7) AppleWebKit/605.1.15 (KHTML, like Gecko) Version/17.4 Safari/605.1.15"
10.20.246.239 - - [10/Oct/2026:14:04:39 +0000] "PUT /api/v2/users/profile HTTP/1.1" 200 5278 "https://app.example.com/dashboard" "Mozilla/5.0 (Macintosh; Intel Mac OS X 10_15_7) AppleWebKit/605.1.15 (KHTML, like Gecko) Version/17.4 Safari/605.1.15"
10.20.169.182 - - [10/Oct/2026:14:04:39 +0000] "POST /api/v2/auth/login HTTP/1.1" 200 2920 "-" "Mozilla/5.0 (X11; Linux x86_64; rv:125.0) Gecko/20100101 Firefox/125.0"
10.20.173.89 - - [10/Oct/2026:14:04:39 +0000] "GET /api/v2/cart HTTP/1.1" 200 3933 "-" "Mozilla/5.0 (X11; Linux x86_64; rv:125.0) Gecko/20100101 Firefox/125.0"
10.20.174.154 - - [10/Oct/2026:14:04:39 +0000] "GET /api/v2/products HTTP/1.1" 200 4497 "https://example.com/" "okhttp/4.12.0"
10.20.223.147 - - [10/Oct/2026:14:04:40 +0000] "GET /api/v2/recommendations HTTP/1.1" 200 10406 "-" "okhttp/4.12.0"
10.20.206.135 - - [10/Oct/2026:14:04:40 +0000] "GET /api/v2/notifications HTTP/1.1" 200 7121 "https://example.com/" "okhttp/4.12.0"
10.20.14.145 - - [10/Oct/2026:14:04:40 +0000] "GET /api/v2/search?q=shoes HTTP/1.1" 401 97 "https://app.example.com/dashboard" "okhttp/4.12.0"
10.20.169.182 - - [10/Oct/2026:14:04:40 +0000] "GET /api/v2/inventory HTTP/1.1" 200 11575 "https://example.com/" "Mozilla/5.0 (Windows NT 10.0; Win64; x64) AppleWebKit/537.36 (KHTML, like Gecko) Chrome/124.0.0.0 Safari/537.36"
10.20.173.89 - - [10/Oct/2026:14:04:40 +0000] "GET /api/v2/search?q=shoes HTTP/1.1" 401 97 "https://example.com/" "Mozilla/5.0 (Windows NT 10.0; Win64; x64) AppleWebKit/537.36 (KHTML, like Gecko) Chrome/124.0.0.0 Safari/537.36"
10.20.160.157 - - [10/Oct/2026:14:04:41 +0000] "PUT /api/v2/users/profile HTTP/1.1" 200 4745 "https://example.com/" "Mozilla/5.0 (Windows NT 10.0; Win64; x64) AppleWebKit/537.36 (KHTML, like Gecko) Chrome/124.0.0.0 Safari/537.36"
10.20.254.167 - - [10/Oct/2026:14:04:41 +0000] "GET /health HTTP/1.1" 200 8269 "https://app.example.com/dashboard" "okhttp/4.12.0"
10.20.73.25 - - [10/Oct/2026:14:04:41 +0000] "POST /api/v2/orders HTTP/1.1" 200 10054 "https://app.example.com/dashboard" "Mozilla/5.0 (Windows NT 10.0; Win64; x64) AppleWebKit/537.36 (KHTML, like Gecko) Chrome/124.0.0.0 Safari/537.36"
10.20.21.181 - - [10/Oct/2026:14:04:42 +0000] "GET /api/v2/recommendations HTTP/1.1" 200 11180 "https://app.example.com/api" "Mozilla/5.0 (X11; Linux x86_64; rv:125.0) Gecko/20100101 Firefox/125.0"
10.20.206.135 - - [10/Oct/2026:14:04:42 +0000] "GET /api/v2/recommendations HTTP/1.1" 200 2916 "-" "axios/1.6.8 Node.js/20.12.2"
10.20.174.154 - - [10/Oct/2026:14:04:42 +0000] "GET /api/v2/products HTTP/1.1" 200 3922 "https://example.com/" "Mozilla/5.0 (X11; Linux x86_64; rv:125.0) Gecko/20100101 Firefox/125.0"
10.20.249.205 - - [10/Oct/2026:14:04:43 +0000] "GET /api/v2/cart HTTP/1.1" 200 5023 "https://app.example.com/api" "Mozilla/5.0 (Windows NT 10.0; Win64; x64) AppleWebKit/537.36 (KHTML, like Gecko) Chrome/124.0.0.0 Safari/537.36"
10.20.249.205 - - [10/Oct/2026:14:04:43 +0000] "GET /metrics HTTP/1.1" 200 10261 "-" "okhttp/4.12.0"
10.20.173.89 - - [10/Oct/2026:14:04:43 +0000] "GET /health HTTP/1.1" 200 11215 "https://app.example.com/api" "Mozilla/5.0 (X11; Linux x86_64; rv:125.0) Gecko/20100101 Firefox/125.0"
10.20.223.147 - - [10/Oct/2026:14:04:44 +0000] "GET /favicon.ico HTTP/1.1" 404 162 "https://app.example.com/dashboard" "Mozilla/5.0 (X11; Linux x86_64; rv:125.0) Gecko/20100101 Firefox/125.0"
10.20.174.154 - - [10/Oct/2026:14:04:44 +0000] "PUT /api/v2/users/profile HTTP/1.1" 200 4697 "https://app.example.com/api" "axios/1.6.8 Node.js/20.12.2"
10.20.147.244 - - [10/Oct/2026:14:04:44 +0000] "POST /api/v2/auth/login HTTP/1.1" 401 97 "https://example.com/" "Mozilla/5.0 (Macintosh; Intel Mac OS X 10_15_7) AppleWebKit/605.1.15 (KHTML, like Gecko) Version/17.4 Safari/605.1.15"
10.20.57.170 - - [10/Oct/2026:14:04:44 +0000] "GET /favicon.ico HTTP/1.1" 404 162 "https://app.example.com/api" "Mozilla/5.0 (Windows NT 10.0; Win64; x64) AppleWebKit/537.36 (KHTML, like Gecko) Chrome/124.0.0.0 Safari/537.36"
10.20.146.74 - - [10/Oct/2026:14:04:45 +0000] "PUT /api/v2/users/profile HTTP/1.1" 200 4666 "https://app.example.com/dashboard" "Mozilla/5.0 (Macintosh; Intel Mac OS X 10_15_7) AppleWebKit/605.1.15 (KHTML, like Gecko) Version/17.4 Safari/605.1.15"
10.20.163.90 - - [10/Oct/2026:14:04:45 +0000] "GET /api/v2/products HTTP/1.1" 200 3346 "https://app.example.com/api" "Mozilla/5.0 (X11; Linux x86_64; rv:125.0) Gecko/20100101 Firefox/125.0"
10.20.138.75 - - [10/Oct/2026:14:04:45 +0000] "GET /api/v2/users HTTP/1.1" 200 1748 "https://app.example.com/dashboard" "Mozilla/5.0 (X11; Linux x86_64; rv:125.0) Gecko/20100101 Firefox/125.0"
10.20.169.182 - - [10/Oct/2026:14:04:46 +0000] "GET /favicon.ico HTTP/1.1" 404 162 "-" "Mozilla/5.0 (Macintosh; Intel Mac OS X 10_15_7) AppleWebKit/605.1.15 (KHTML, like Gecko) Version/17.4 Safari/605.1.15"
10.20.173.89 - - [10/Oct/2026:14:04:46 +0000] "GET /api/v2/notifications HTTP/1.1" 200 11850 "https://example.com/" "Mozilla/5.0 (Macintosh; Intel Mac OS X 10_15_7) AppleWebKit/605.1.15 (KHTML, like Gecko) Version/17.4 Safari/605.1.15"
10.20.254.167 - - [10/Oct/2026:14:04:46 +0000] "POST /api/v2/orders HTTP/1.1" 200 5901 "https://app.example.com/api" "Mozilla/5.0 (Macintosh; Intel Mac OS X 10_15_7) AppleWebKit/605.1.15 (KHTML, like Gecko) Version/17.4 Safari/605.1.15"
10.20.88.228 - - [10/Oct/2026:14:04:46 +0000] "GET /api/v2/inventory HTTP/1.1" 200 1578 "https://app.example.com/api" "axios/1.6.8 Node.js/20.12.2"
10.20.249.205 - - [10/Oct/2026:14:04:47 +0000] "GET /api/v2/search?q=shoes HTTP/1.1" 200 858 "https://app.example.com/api" "axios/1.6.8 Node.js/20.12.2"
10.20.193.163 - - [10/Oct/2026:14:04:47 +0000] "POST /api/v2/auth/login HTTP/1.1" 200 1297 "-" "Mozilla/5.0 (X11; Linux x86_64; rv:125.0) Gecko/20100101 Firefox/125.0"
10.20.57.170 - - [10/Oct/2026:14:04:47 +0000] "PUT /api/v2/users/profile HTTP/1.1" 200 4084 "-" "Mozilla/5.0 (X11; Linux x86_64; rv:125.0) Gecko/20100101 Firefox/125.0"
10.20.147.244 - - [10/Oct/2026:14:04:48 +0000] "GET /api/v2/products HTTP/1.1" 200 1887 "-" "axios/1.6.8 Node.js/20.12.2"
10.20.73.25 - - [10/Oct/2026:14:04:48 +0000] "POST /api/v2/orders HTTP/1.1" 200 7218 "https://app.example.com/dashboard" "Mozilla/5.0 (Windows NT 10.0; Win64; x64) AppleWebKit/537.36 (KHTML, like Gecko) Chrome/124.0.0.0 Safari/537.36"
10.20.4.184 - - [10/Oct/2026:14:04:48 +0000] "GET /api/v2/products HTTP/1.1" 200 7674 "-" "Mozilla/5.0 (Macintosh; Intel Mac OS X 10_15_7) AppleWebKit/605.1.15 (KHTML, like Gecko) Version/17.4 Safari/605.1.15"
10.20.152.152 - - [10/Oct/2026:14:04:48 +0000] "GET /api/v2/notifications HTTP/1.1" 200 2328 "https://example.com/" "Mozilla/5.0 (Macintosh; Intel Mac OS X 10_15_7) AppleWebKit/605.1.15 (KHTML, like Gecko) Version/17.4 Safari/605.1.15"
10.20.18.146 - - [10/Oct/2026:14:04:49 +0000] "POST /api/v2/orders HTTP/1.1" 200 5817 "https://app.example.com/dashboard" "okhttp/4.12.0"
10.20.203.59 - - [10/Oct/2026:14:04:49 +0000] "GET /api/v2/cart HTTP/1.1" 200 2210 "-" "okhttp/4.12.0"
10.20.249.205 - - [10/Oct/2026:14:04:49 +0000] "GET /api/v2/inventory HTTP/1.1" 200 3356 "https://example.com/" "axios/1.6.8 Node.js/20.12.2"
10.20.88.228 - - [10/Oct/2026:14:04:49 +0000] "GET /api/v2/products HTTP/1.1" 200 7195 "https://app.example.com/api" "Mozilla/5.0 (Windows NT 10.0; Win64; x64) AppleWebKit/537.36 (KHTML, like Gecko) Chrome/124.0.0.0 Safari/537.36"
10.20.122.103 - - [10/Oct/2026:14:04:49 +0000] "POST /api/v2/orders HTTP/1.1" 200 5986 "https://example.com/" "Mozilla/5.0 (Macintosh; Intel Mac OS X 10_15_7) AppleWebKit/605.1.15 (KHTML, like Gecko) Version/17.4 Safari/605.1.15"
10.20.120.152 - - [10/Oct/2026:14:04:50 +0000] "PUT /api/v2/users/profile HTTP/1.1" 200 7534 "https://app.example.com/api" "okhttp/4.12.0"
10.20.14.145 - - [10/Oct/2026:14:04:50 +0000] "GET /metrics HTTP/1.1" 200 4903 "https://example.com/" "axios/1.6.8 Node.js/20.12.2"
10.20.138.75 - - [10/Oct/2026:14:04:50 +0000] "GET /api/v2/search?q=shoes HTTP/1.1" 200 8434 "https://app.example.com/dashboard" "Mozilla/5.0 (X11; Linux x86_64; rv:125.0) Gecko/20100101 Firefox/125.0"
10.20.146.74 - - [10/Oct/2026:14:04:50 +0000] "GET /api/v2/cart HTTP/1.1" 200 1153 "https://app.example.com/dashboard" "axios/1.6.8 Node.js/20.12.2"
10.20.68.206 - - [10/Oct/2026:14:04:50 +0000] "GET /metrics HTTP/1.1" 200 6634 "-" "Mozilla/5.0 (X11; Linux x86_64; rv:125.0) Gecko/20100101 Firefox/125.0"
10.20.146.74 - - [10/Oct/2026:14:04:51 +0000] "GET /api/v2/recommendations HTTP/1.1" 200 11693 "-" "okhttp/4.12.0"
10.20.58.94 - - [10/Oct/2026:14:04:51 +0000] "GET /api/v2/cart HTTP/1.1" 200 6242 "https://app.example.com/dashboard" "Mozilla/5.0 (Macintosh; Intel Mac OS X 10_15_7) AppleWebKit/605.1.15 (KHTML, like Gecko) Version/17.4 Safari/605.1.15"
10.20.221.39 - - [10/Oct/2026:14:04:51 +0000] "GET /api/v2/search?q=shoes HTTP/1.1" 200 2201 "https://app.example.com/dashboard" "Mozilla/5.0 (X11; Linux x86_64; rv:125.0) Gecko/20100101 Firefox/125.0"
10.20.138.77 - - [10/Oct/2026:14:04:52 +0000] "POST /api/v2/orders HTTP/1.1" 200 4255 "https://app.example.com/dashboard" "Mozilla/5.0 (X11; Linux x86_64; rv:125.0) Gecko/20100101 Firefox/125.0"
10.20.173.89 - - [10/Oct/2026:14:04:52 +0000] "GET /api/v2/notifications HTTP/1.1" 200 3708 "https://app.example.com/dashboard" "Mozilla/5.0 (X11; Linux x86_64; rv:125.0) Gecko/20100101 Firefox/125.0"
10.20.138.75 - - [10/Oct/2026:14:04:52 +0000] "GET /api/v2/inventory HTTP/1.1" 200 6763 "https://app.example.com/api" "Mozilla/5.0 (X11; Linux x86_64; rv:125.0) Gecko/20100101 Firefox/125.0"
10.20.160.157 - - [10/Oct/2026:14:04:52 +0000] "GET /metrics HTTP/1.1" 200 10062 "https://app.example.com/dashboard" "Mozilla/5.0 (Macintosh; Intel Mac OS X 10_15_7) AppleWebKit/605.1.15 (KHTML, like Gecko) Version/17.4 Safari/605.1.15"
10.20.88.228 - - [10/Oct/2026:14:04:53 +0000] "GET /favicon.ico HTTP/1.1" 404 162 "https://example.com/" "Mozilla/5.0 (X11; Linux x86_64; rv:125.0) Gecko/20100101 Firefox/125.0"
10.20.81.145 - - [10/Oct/2026:14:04:53 +0000] "GET /api/v2/cart HTTP/1.1" 200 4001 "https://app.example.com/dashboard" "okhttp/4.12.0"
10.20.81.145 - - [10/Oct/2026:14:04:53 +0000] "GET /api/v2/recommendations HTTP/1.1" 200 3229 "https://example.com/" "Mozilla/5.0 (Macintosh; Intel Mac OS X 10_15_7) AppleWebKit/605.1.15 (KHTML, like Gecko) Version/17.4 Safari/605.1.15"
10.20.193.163 - - [10/Oct/2026:14:04:53 +0000] "GET /health HTTP/1.1" 200 2804 "-" "Mozilla/5.0 (Macintosh; Intel Mac OS X 10_15_7) AppleWebKit/605.1.15 (KHTML, like Gecko) Version/17.4 Safari/605.1.15"
10.20.138.77 - - [10/Oct/2026:14:04:54 +0000] "GET /api/v2/users HTTP/1.1" 200 3956 "-" "okhttp/4.12.0"
10.20.4.184 - - [10/Oct/2026:14:04:54 +0000] "GET /health HTTP/1.1" 200 5985 "https://app.example.com/api" "Mozilla/5.0 (Macintosh; Intel Mac OS X 10_15_7) AppleWebKit/605.1.15 (KHTML, like Gecko) Version/17.4 Safari/605.1.15"
10.20.76.119 - - [10/Oct/2026:14:04:55 +0000] "GET /favicon.ico HTTP/1.1" 404 162 "-" "Mozilla/5.0 (Windows NT 10.0; Win64; x64) AppleWebKit/537.36 (KHTML, like Gecko) Chrome/124.0.0.0 Safari/537.36"
10.20.55.95 - - [10/Oct/2026:14:04:55 +0000] "GET /health HTTP/1.1" 200 5561 "https://app.example.com/api" "Mozilla/5.0 (X11; Linux x86_64; rv:125.0) Gecko/20100101 Firefox/125.0"
10.20.73.25 - - [10/Oct/2026:14:04:55 +0000] "POST /api/v2/auth/login HTTP/1.1" 401 97 "https://app.example.com/api" "okhttp/4.12.0"
10.20.89.1 - - [10/Oct/2026:14:04:55 +0000] "PUT /api/v2/users/profile HTTP/1.1" 200 4612 "https://app.example.com/api" "axios/1.6.8 Node.js/20.12.2"
10.20.144.154 - - [10/Oct/2026:14:04:55 +0000] "GET /api/v2/users HTTP/1.1" 200 9334 "https://app.example.com/api" "axios/1.6.8 Node.js/20.12.2"
10.20.28.187 - - [10/Oct/2026:14:04:56 +0000] "GET /api/v2/search?q=shoes HTTP/1.1" 200 9992 "https://example.com/" "Mozilla/5.0 (Macintosh; Intel Mac OS X 10_15_7) AppleWebKit/605.1.15 (KHTML, like Gecko) Version/17.4 Safari/605.1.15"
10.20.138.77 - - [10/Oct/2026:14:04:56 +0000] "GET /api/v2/users HTTP/1.1" 200 11380 "https://app.example.com/api" "okhttp/4.12.0"
10.20.28.187 - - [10/Oct/2026:14:04:56 +0000] "GET /api/v2/recommendations HTTP/1.1" 200 5193 "-" "Mozilla/5.0 (Windows NT 10.0; Win64; x64) AppleWebKit/537.36 (KHTML, like Gecko) Chrome/124.0.0.0 Safari/537.36"
10.20.193.163 - - [10/Oct/2026:14:04:57 +0000] "PUT /api/v2/users/profile HTTP/1.1" 200 10647 "https://app.example.com/dashboard" "axios/1.6.8 Node.js/20.12.2"
10.20.28.187 - - [10/Oct/2026:14:04:57 +0000] "GET /metrics HTTP/1.1" 200 9094 "https://app.example.com/api" "okhttp/4.12.0"
10.20.254.167 - - [10/Oct/2026:14:04:58 +0000] "PUT /api/v2/users/profile HTTP/1.1" 200 5069 "https://app.example.com/api" "Mozilla/5.0 (Macintosh; Intel Mac OS X 10_15_7) AppleWebKit/605.1.15 (KHTML, like Gecko) Version/17.4 Safari/605.1.15"
10.20.152.152 - - [10/Oct/2026:14:04:58 +0000] "GET /metrics HTTP/1.1" 200 10336 "https://app.example.com/api" "Mozilla/5.0 (Windows NT 10.0; Win64; x64) AppleWebKit/537.36 (KHTML, like Gecko) Chrome/124.0.0.0 Safari/537.36"
10.20.223.147 - - [10/Oct/2026:14:04:58 +0000] "GET /api/v2/cart HTTP/1.1" 200 9821 "https://example.com/" "okhttp/4.12.0"
10.20.18.146 - - [10/Oct/2026:14:04:58 +0000] "PUT /api/v2/users/profile HTTP/1.1" 200 8888 "https://example.com/" "Mozilla/5.0 (Macintosh; Intel Mac OS X 10_15_7) AppleWebKit/605.1.15 (KHTML, like Gecko) Version/17.4 Safari/605.1.15"
10.20.193.163 - - [10/Oct/2026:14:04:59 +0000] "GET /health HTTP/1.1" 200 6475 "-" "Mozilla/5.0 (X11; Linux x86_64; rv:125.0) Gecko/20100101 Firefox/125.0"
10.20.14.116 - - [10/Oct/2026:14:04:59 +0000] "GET /metrics HTTP/1.1" 200 2027 "-" "Mozilla/5.0 (X11; Linux x86_64; rv:125.0) Gecko/20100101 Firefox/125.0"
10.20.88.228 - - [10/Oct/2026:14:04:59 +0000] "GET /api/v2/products HTTP/1.1" 200 9211 "-" "okhttp/4.12.0"
10.20.194.223 - - [10/Oct/2026:14:04:59 +0000] "GET /api/v2/products HTTP/1.1" 200 1554 "https://app.example.com/dashboard" "axios/1.6.8 Node.js/20.12.2"
10.20.134.192 - - [10/Oct/2026:14:04:59 +0000] "GET /api/v2/notifications HTTP/1.1" 200 2893 "https://app.example.com/dashboard" "Mozilla/5.0 (X11; Linux x86_64; rv:125.0) Gecko/20100101 Firefox/125.0"
10.20.160.157 - - [10/Oct/2026:14:05:00 +0000] "POST /api/v2/auth/login HTTP/1.1" 200 9460 "https://app.example.com/api" "okhttp/4.12.0"
10.20.146.74 - - [10/Oct/2026:14:05:00 +0000] "GET /api/v2/search?q=shoes HTTP/1.1" 200 3861 "https://app.example.com/dashboard" "Mozilla/5.0 (X11; Linux x86_64; rv:125.0) Gecko/20100101 Firefox/125.0"
10.20.160.157 - - [10/Oct/2026:14:05:00 +0000] "GET /favicon.ico HTTP/1.1" 404 162 "https://app.example.com/api" "Mozilla/5.0 (Windows NT 10.0; Win64; x64) AppleWebKit/537.36 (KHTML, like Gecko) Chrome/124.0.0.0 Safari/537.36"
10.20.223.147 - - [10/Oct/2026:14:05:00 +0000] "GET /api/v2/users HTTP/1.1" 200 2880 "https://app.example.com/api" "Mozilla/5.0 (Macintosh; Intel Mac OS X 10_15_7) AppleWebKit/605.1.15 (KHTML, like Gecko) Version/17.4 Safari/605.1.15"
10.20.173.89 - - [10/Oct/2026:14:05:01 +0000] "GET /api/v2/cart HTTP/1.1" 200 11098 "https://example.com/" "axios/1.6.8 Node.js/20.12.2"
10.20.160.157 - - [10/Oct/2026:14:05:01 +0000] "GET /metrics HTTP/1.1" 200 2796 "https://example.com/" "Mozilla/5.0 (X11; Linux x86_64; rv:125.0) Gecko/20100101 Firefox/125.0"
10.20.35.237 - - [10/Oct/2026:14:05:01 +0000] "GET /metrics HTTP/1.1" 200 4614 "-" "Mozilla/5.0 (Macintosh; Intel Mac OS X 10_15_7) AppleWebKit/605.1.15 (KHTML, like Gecko) Version/17.4 Safari/605.1.15"
10.20.206.135 - - [10/Oct/2026:14:05:01 +0000] "GET /api/v2/search?q=shoes HTTP/1.1" 200 3224 "-" "Mozilla/5.0 (X11; Linux x86_64; rv:125.0) Gecko/20100101 Firefox/125.0"
10.20.120.152 - - [10/Oct/2026:14:05:01 +0000] "GET /favicon.ico HTTP/1.1" 404 162 "https://app.example.com/dashboard" "okhttp/4.12.0"
10.20.193.163 - - [10/Oct/2026:14:05:02 +0000] "POST /api/v2/auth/login HTTP/1.1" 200 4672 "https://example.com/" "Mozilla/5.0 (Windows NT 10.0; Win64; x64) AppleWebKit/537.36 (KHTML, like Gecko) Chrome/124.0.0.0 Safari/537.36"
10.20.194.223 - - [10/Oct/2026:14:05:02 +0000] "PUT /api/v2/users/profile HTTP/1.1" 200 2574 "https://example.com/" "Mozilla/5.0 (Macintosh; Intel Mac OS X 10_15_7) AppleWebKit/605.1.15 (KHTML, like Gecko) Version/17.4 Safari/605.1.15"
10.20.246.239 - - [10/Oct/2026:14:05:02 +0000] "GET /api/v2/inventory HTTP/1.1" 200 9047 "https://app.example.com/api" "axios/1.6.8 Node.js/20.12.2"
10.20.14.145 - - [10/Oct/2026:14:05:02 +0000] "POST /api/v2/auth/login HTTP/1.1" 200 7397 "-" "Mozilla/5.0 (X11; Linux x86_64; rv:125.0) Gecko/20100101 Firefox/125.0"
10.20.88.228 - - [10/Oct/2026:14:05:03 +0000] "GET /api/v2/recommendations HTTP/1.1" 200 11212 "https://example.com/" "okhttp/4.12.0"
10.20.203.59 - - [10/Oct/2026:14:05:03 +0000] "POST /api/v2/auth/login HTTP/1.1" 200 1127 "-" "Mozilla/5.0 (Macintosh; Intel Mac OS X 10_15_7) AppleWebKit/605.1.15 (KHTML, like Gecko) Version/17.4 Safari/605.1.15"
10.20.138.77 - - [10/Oct/2026:14:05:03 +0000] "GET /favicon.ico HTTP/1.1" 404 162 "-" "Mozilla/5.0 (Windows NT 10.0; Win64; x64) AppleWebKit/537.36 (KHTML, like Gecko) Chrome/124.0.0.0 Safari/537.36"
10.20.223.147 - - [10/Oct/2026:14:05:03 +0000] "GET /api/v2/recommendations HTTP/1.1" 200 910 "-" "Mozilla/5.0 (Windows NT 10.0; Win64; x64) AppleWebKit/537.36 (KHTML, like Gecko) Chrome/124.0.0.0 Safari/537.36"
10.20.76.119 - - [10/Oct/2026:14:05:03 +0000] "PUT /api/v2/users/profile HTTP/1.1" 200 5663 "https://app.example.com/api" "axios/1.6.8 Node.js/20.12.2"
10.20.35.237 - - [10/Oct/2026:14:05:04 +0000] "PUT /api/v2/users/profile HTTP/1.1" 200 7237 "https://example.com/" "axios/1.6.8 Node.js/20.12.2"
10.20.193.163 - - [10/Oct/2026:14:05:04 +0000] "GET /api/v2/search?q=shoes HTTP/1.1" 200 2685 "https://app.example.com/api" "Mozilla/5.0 (Windows NT 10.0; Win64; x64) AppleWebKit/537.36 (KHTML, like Gecko) Chrome/124.0.0.0 Safari/537.36"
10.20.68.206 - - [10/Oct/2026:14:05:04 +0000] "PUT /api/v2/users/profile HTTP/1.1" 401 97 "https://example.com/" "Mozilla/5.0 (Macintosh; Intel Mac OS X 10_15_7) AppleWebKit/605.1.15 (KHTML, like Gecko) Version/17.4 Safari/605.1.15"
10.20.152.152 - - [10/Oct/2026:14:05:05 +0000] "POST /api/v2/orders HTTP/1.1" 200 5901 "-" "okhttp/4.12.0"
10.20.194.223 - - [10/Oct/2026:14:05:05 +0000] "POST /api/v2/auth/login HTTP/1.1" 200 8121 "https://example.com/" "okhttp/4.12.0"
10.20.122.103 - - [10/Oct/2026:14:05:05 +0000] "PUT /api/v2/users/profile HTTP/1.1" 200 1255 "https://app.example.com/api" "Mozilla/5.0 (Macintosh; Intel Mac OS X 10_15_7) AppleWebKit/605.1.15 (KHTML, like Gecko) Version/17.4 Safari/605.1.15"
10.20.4.184 - - [10/Oct/2026:14:05:06 +0000] "GET /favicon.ico HTTP/1.1" 404 162 "https://app.example.com/api" "Mozilla/5.0 (X11; Linux x86_64; rv:125.0) Gecko/20100101 Firefox/125.0"
10.20.88.228 - - [10/Oct/2026:14:05:06 +0000] "POST /api/v2/orders HTTP/1.1" 200 5400 "-" "okhttp/4.12.0"
10.20.57.170 - - [10/Oct/2026:14:05:06 +0000] "GET /api/v2/inventory HTTP/1.1" 200 7346 "-" "Mozilla/5.0 (X11; Linux x86_64; rv:125.0) Gecko/20100101 Firefox/125.0"
10.20.18.146 - - [10/Oct/2026:14:05:06 +0000] "PUT /api/v2/users/profile HTTP/1.1" 200 6060 "https://app.example.com/dashboard" "Mozilla/5.0 (Macintosh; Intel Mac OS X 10_15_7) AppleWebKit/605.1.15 (KHTML, like Gecko) Version/17.4 Safari/605.1.15"
10.20.134.192 - - [10/Oct/2026:14:05:06 +0000] "POST /api/v2/orders HTTP/1.1" 200 11110 "-" "axios/1.6.8 Node.js/20.12.2"
10.20.88.228 - - [10/Oct/2026:14:05:07 +0000] "GET /api/v2/search?q=shoes HTTP/1.1" 200 7913 "https://example.com/" "Mozilla/5.0 (Macintosh; Intel Mac OS X 10_15_7) AppleWebKit/605.1.15 (KHTML, like Gecko) Version/17.4 Safari/605.1.15"
10.20.104.106 - - [10/Oct/2026:14:05:07 +0000] "GET /api/v2/inventory HTTP/1.1" 200 9063 "-" "Mozilla/5.0 (Macintosh; Intel Mac OS X 10_15_7) AppleWebKit/605.1.15 (KHTML, like Gecko) Version/17.4 Safari/605.1.15"
10.20.55.95 - - [10/Oct/2026:14:05:07 +0000] "GET /api/v2/products HTTP/1.1" 200 3039 "https://app.example.com/api" "Mozilla/5.0 (Windows NT 10.0; Win64; x64) AppleWebKit/537.36 (KHTML, like Gecko) Chrome/124.0.0.0 Safari/537.36"
10.20.89.1 - - [10/Oct/2026:14:05:07 +0000] "GET /health HTTP/1.1" 200 11629 "https://example.com/" "axios/1.6.8 Node.js/20.12.2"
10.20.58.94 - - [10/Oct/2026:14:05:07 +0000] "POST /api/v2/orders HTTP/1.1" 200 2201 "-" "Mozilla/5.0 (X11; Linux x86_64; rv:125.0) Gecko/20100101 Firefox/125.0"
10.20.58.94 - - [10/Oct/2026:14:05:08 +0000] "GET /api/v2/products HTTP/1.1" 401 97 "https://app.example.com/api" "Mozilla/5.0 (Windows NT 10.0; Win64; x64) AppleWebKit/537.36 (KHTML, like Gecko) Chrome/124.0.0.0 Safari/537.36"
10.20.138.77 - - [10/Oct/2026:14:05:08 +0000] "GET /api/v2/users HTTP/1.1" 200 3502 "https://example.com/" "okhttp/4.12.0"
10.20.206.135 - - [10/Oct/2026:14:05:08 +0000] "GET /health HTTP/1.1" 200 4200 "-" "Mozilla/5.0 (Macintosh; Intel Mac OS X 10_15_7) AppleWebKit/605.1.15 (KHTML, like Gecko) Version/17.4 Safari/605.1.15"
10.20.221.39 - - [10/Oct/2026:14:05:08 +0000] "GET /api/v2/notifications HTTP/1.1" 200 5351 "https://example.com/" "axios/1.6.8 Node.js/20.12.2"
10.20.169.182 - - [10/Oct/2026:14:05:08 +0000] "POST /api/v2/auth/login HTTP/1.1" 200 11294 "https://example.com/" "Mozilla/5.0 (Windows NT 10.0; Win64; x64) AppleWebKit/537.36 (KHTML, like Gecko) Chrome/124.0.0.0 Safari/537.36"
